Component: ARM Compiler 5.05 update 1 (build 106) Tool: armlink [4d0efa]

==============================================================================

Section Cross References

    main.o(i.main) refers to system_stm32f10x.o(i.SystemInit) for SystemInit
    main.o(i.main) refers to delay.o(i.delay_init) for delay_init
    main.o(i.main) refers to usart1.o(i.usart1_init) for usart1_init
    main.o(i.main) refers to usart3.o(i.uart3_init) for uart3_init
    main.o(i.main) refers to oled.o(i.JTAG_Set) for JTAG_Set
    main.o(i.main) refers to led.o(i.led_init) for led_init
    main.o(i.main) refers to key.o(i.KEY_Init) for KEY_Init
    main.o(i.main) refers to adc.o(i.Adc_Init) for Adc_Init
    main.o(i.main) refers to timer.o(i.MiniBalance_PWM_Init) for MiniBalance_PWM_Init
    main.o(i.main) refers to oled.o(i.OLED_Init) for OLED_Init
    main.o(i.main) refers to timer.o(i.Encoder_Init) for Encoder_Init
    main.o(i.main) refers to timer.o(i.Encoder_Init2) for Encoder_Init2
    main.o(i.main) refers to delay.o(i.delay_ms) for delay_ms
    main.o(i.main) refers to ioi2c.o(i.IIC_Init) for IIC_Init
    main.o(i.main) refers to mpu6050.o(i.MPU6050_initialize) for MPU6050_initialize
    main.o(i.main) refers to mpu6050.o(i.DMP_Init) for DMP_Init
    main.o(i.main) refers to timer.o(i.Timer1_Init) for Timer1_Init
    main.o(i.main) refers to minibalance.o(i.Report) for Report
    main.o(i.main) refers to main.o(.data) for .data
    stm32f10x_rcc.o(i.RCC_GetClocksFreq) refers to stm32f10x_rcc.o(.data) for .data
    stm32f10x_rcc.o(i.RCC_WaitForHSEStartUp) refers to stm32f10x_rcc.o(i.RCC_GetFlagStatus) for RCC_GetFlagStatus
    stm32f10x_gpio.o(i.GPIO_AFIODeInit) refers to stm32f10x_rcc.o(i.RCC_APB2PeriphResetCmd) for RCC_APB2PeriphResetCmd
    stm32f10x_gpio.o(i.GPIO_DeInit) refers to stm32f10x_rcc.o(i.RCC_APB2PeriphResetCmd) for RCC_APB2PeriphResetCmd
    stm32f10x_usart.o(i.USART_DeInit) refers to stm32f10x_rcc.o(i.RCC_APB2PeriphResetCmd) for RCC_APB2PeriphResetCmd
    stm32f10x_usart.o(i.USART_DeInit) refers to stm32f10x_rcc.o(i.RCC_APB1PeriphResetCmd) for RCC_APB1PeriphResetCmd
    stm32f10x_usart.o(i.USART_Init) refers to stm32f10x_rcc.o(i.RCC_GetClocksFreq) for RCC_GetClocksFreq
    system_stm32f10x.o(i.SystemCoreClockUpdate) refers to system_stm32f10x.o(.data) for .data
    system_stm32f10x.o(i.SystemInit) refers to system_stm32f10x.o(i.SetSysClockTo72) for SetSysClockTo72
    startup_stm32f10x_hd_vl.o(RESET) refers to startup_stm32f10x_hd_vl.o(STACK) for __initial_sp
    startup_stm32f10x_hd_vl.o(RESET) refers to startup_stm32f10x_hd_vl.o(.text) for Reset_Handler
    startup_stm32f10x_hd_vl.o(RESET) refers to stm32f10x_it.o(i.NMI_Handler) for NMI_Handler
    startup_stm32f10x_hd_vl.o(RESET) refers to stm32f10x_it.o(i.HardFault_Handler) for HardFault_Handler
    startup_stm32f10x_hd_vl.o(RESET) refers to stm32f10x_it.o(i.MemManage_Handler) for MemManage_Handler
    startup_stm32f10x_hd_vl.o(RESET) refers to stm32f10x_it.o(i.BusFault_Handler) for BusFault_Handler
    startup_stm32f10x_hd_vl.o(RESET) refers to stm32f10x_it.o(i.UsageFault_Handler) for UsageFault_Handler
    startup_stm32f10x_hd_vl.o(RESET) refers to stm32f10x_it.o(i.SVC_Handler) for SVC_Handler
    startup_stm32f10x_hd_vl.o(RESET) refers to stm32f10x_it.o(i.DebugMon_Handler) for DebugMon_Handler
    startup_stm32f10x_hd_vl.o(RESET) refers to stm32f10x_it.o(i.PendSV_Handler) for PendSV_Handler
    startup_stm32f10x_hd_vl.o(RESET) refers to stm32f10x_it.o(i.SysTick_Handler) for SysTick_Handler
    startup_stm32f10x_hd_vl.o(RESET) refers to minibalance.o(i.TIM1_UP_TIM16_IRQHandler) for TIM1_UP_TIM16_IRQHandler
    startup_stm32f10x_hd_vl.o(RESET) refers to timer.o(i.TIM2_IRQHandler) for TIM2_IRQHandler
    startup_stm32f10x_hd_vl.o(RESET) refers to timer.o(i.TIM4_IRQHandler) for TIM4_IRQHandler
    startup_stm32f10x_hd_vl.o(RESET) refers to usart1.o(i.USART1_IRQHandler) for USART1_IRQHandler
    startup_stm32f10x_hd_vl.o(RESET) refers to usart3.o(i.USART3_IRQHandler) for USART3_IRQHandler
    startup_stm32f10x_hd_vl.o(.text) refers to system_stm32f10x.o(i.SystemInit) for SystemInit
    startup_stm32f10x_hd_vl.o(.text) refers to entry.o(.ARM.Collect$$$$00000000) for __main
    led.o(i.Led_Flash) refers to led.o(.data) for .data
    usart1.o(i.USART1_IRQHandler) refers to fflti.o(.text) for __aeabi_i2f
    usart1.o(i.USART1_IRQHandler) refers to usart1.o(.data) for .data
    usart1.o(i.USART1_IRQHandler) refers to main.o(.data) for DesireL
    usart1.o(i.USART1_IRQHandler) refers to main.o(.data) for DesireR
    usart1.o(i.USART1_ReportBattery) refers to printfa.o(i.__0sprintf) for __2sprintf
    usart1.o(i.USART1_ReportBattery) refers to usart1.o(.data) for .data
    usart1.o(i.USART1_ReportEncoder) refers to printfa.o(i.__0sprintf) for __2sprintf
    usart1.o(i.USART1_ReportEncoder) refers to usart1.o(.data) for .data
    usart1.o(i.usart1_init) refers to stm32f10x_rcc.o(i.RCC_APB2PeriphClockCmd) for RCC_APB2PeriphClockCmd
[...]
    ../clib/microlib/division.c              0x00000000   Number         0  ldiv.o ABSOLUTE
    ../clib/microlib/division.c              0x00000000   Number         0  uldiv.o ABSOLUTE
    ../clib/microlib/errno.c                 0x00000000   Number         0  errno.o ABSOLUTE
    ../clib/microlib/init/entry.s            0x00000000   Number         0  entry10b.o ABSOLUTE
    ../clib/microlib/init/entry.s            0x00000000   Number         0  entry9b.o ABSOLUTE
    ../clib/microlib/init/entry.s            0x00000000   Number         0  entry7a.o ABSOLUTE
    ../clib/microlib/init/entry.s            0x00000000   Number         0  entry5.o ABSOLUTE
    ../clib/microlib/init/entry.s            0x00000000   Number         0  entry11b.o ABSOLUTE
    ../clib/microlib/init/entry.s            0x00000000   Number         0  entry2.o ABSOLUTE
    ../clib/microlib/init/entry.s            0x00000000   Number         0  entry.o ABSOLUTE
    ../clib/microlib/init/entry.s            0x00000000   Number         0  entry10a.o ABSOLUTE
    ../clib/microlib/init/entry.s            0x00000000   Number         0  entry11a.o ABSOLUTE
    ../clib/microlib/init/entry.s            0x00000000   Number         0  entry7b.o ABSOLUTE
    ../clib/microlib/init/entry.s            0x00000000   Number         0  entry9a.o ABSOLUTE
    ../clib/microlib/init/entry.s            0x00000000   Number         0  entry8b.o ABSOLUTE
    ../clib/microlib/init/entry.s            0x00000000   Number         0  entry8a.o ABSOLUTE
    ../clib/microlib/longlong.c              0x00000000   Number         0  llushr.o ABSOLUTE
    ../clib/microlib/longlong.c              0x00000000   Number         0  llshl.o ABSOLUTE
    ../clib/microlib/longlong.c              0x00000000   Number         0  llsshr.o ABSOLUTE
    ../clib/microlib/printf/printf.c         0x00000000   Number         0  printfb.o ABSOLUTE
    ../clib/microlib/printf/printf.c         0x00000000   Number         0  printfa.o ABSOLUTE
    ../clib/microlib/printf/printf.c         0x00000000   Number         0  printf8.o ABSOLUTE
    ../clib/microlib/printf/printf.c         0x00000000   Number         0  printf7.o ABSOLUTE
    ../clib/microlib/printf/printf.c         0x00000000   Number         0  printf6.o ABSOLUTE
    ../clib/microlib/printf/printf.c         0x00000000   Number         0  printf1.o ABSOLUTE
    ../clib/microlib/printf/printf.c         0x00000000   Number         0  printf2.o ABSOLUTE
    ../clib/microlib/printf/printf.c         0x00000000   Number         0  printf4.o ABSOLUTE
    ../clib/microlib/printf/printf.c         0x00000000   Number         0  printf5.o ABSOLUTE
    ../clib/microlib/printf/printf.c         0x00000000   Number         0  printf0.o ABSOLUTE
    ../clib/microlib/printf/printf.c         0x00000000   Number         0  printf3.o ABSOLUTE
    ../clib/microlib/printf/stubs.s          0x00000000   Number         0  stubs.o ABSOLUTE
    ../clib/microlib/stdio/streams.c         0x00000000   Number         0  stdout.o ABSOLUTE
    ../clib/microlib/string/memcmp.c         0x00000000   Number         0  memcmp.o ABSOLUTE
    ../clib/microlib/string/memset.c         0x00000000   Number         0  memseta.o ABSOLUTE
    ../clib/microlib/string/strncmp.c        0x00000000   Number         0  strncmp.o ABSOLUTE
    ../clib/microlib/stubs.s                 0x00000000   Number         0  iusefp.o ABSOLUTE
    ../fplib/microlib/d2f.c                  0x00000000   Number         0  d2f.o ABSOLUTE
    ../fplib/microlib/f2d.c                  0x00000000   Number         0  f2d.o ABSOLUTE
    ../fplib/microlib/fpadd.c                0x00000000   Number         0  fadd.o ABSOLUTE
    ../fplib/microlib/fpadd.c                0x00000000   Number         0  dadd.o ABSOLUTE
    ../fplib/microlib/fpdiv.c                0x00000000   Number         0  ddiv.o ABSOLUTE
    ../fplib/microlib/fpdiv.c                0x00000000   Number         0  fdiv.o ABSOLUTE
    ../fplib/microlib/fpepilogue.c           0x00000000   Number         0  depilogue.o ABSOLUTE
    ../fplib/microlib/fpepilogue.c           0x00000000   Number         0  fepilogue.o ABSOLUTE
    ../fplib/microlib/fpfix.c                0x00000000   Number         0  ffixui.o ABSOLUTE
    ../fplib/microlib/fpfix.c                0x00000000   Number         0  dfixul.o ABSOLUTE
    ../fplib/microlib/fpfix.c                0x00000000   Number         0  dfixi.o ABSOLUTE
    ../fplib/microlib/fpfix.c                0x00000000   Number         0  ffixi.o ABSOLUTE
    ../fplib/microlib/fpflt.c                0x00000000   Number         0  fflti.o ABSOLUTE
    ../fplib/microlib/fpflt.c                0x00000000   Number         0  ffltui.o ABSOLUTE
    ../fplib/microlib/fpflt.c                0x00000000   Number         0  dfltui.o ABSOLUTE
    ../fplib/microlib/fpmul.c                0x00000000   Number         0  fmul.o ABSOLUTE
    ../fplib/microlib/fpmul.c                0x00000000   Number         0  dmul.o ABSOLUTE
    ../fplib/microlib/fpscalb.c              0x00000000   Number         0  fscalb.o ABSOLUTE
    ../fplib/microlib/fpscalb.c              0x00000000   Number         0  dscalb.o ABSOLUTE
    ../fplib/microlib/fpsqrt.c               0x00000000   Number         0  dsqrt.o ABSOLUTE
    ../mathlib/asin.c                        0x00000000   Number         0  asin_x.o ABSOLUTE
    ../mathlib/asin.c                        0x00000000   Number         0  asin.o ABSOLUTE
    ../mathlib/dunder.c                      0x00000000   Number         0  dunder.o ABSOLUTE
    ../mathlib/fpclassify.c                  0x00000000   Number         0  fpclassify.o ABSOLUTE
    ../mathlib/poly.c                        0x00000000   Number         0  poly.o ABSOLUTE
    ../mathlib/sqrt.c                        0x00000000   Number         0  sqrt.o ABSOLUTE
    ../mathlib/sqrt.c                        0x00000000   Number         0  sqrt_x.o ABSOLUTE
    ..\..\..\Libraries\CMSIS\CM3\CoreSupport\core_cm3.c 0x00000000   Number         0  core_cm3.o ABSOLUTE
    ..\..\..\Libraries\CMSIS\CM3\DeviceSupport\ST\STM32F10x\startup\arm\startup_stm32f10x_hd_vl.s 0x00000000   Number         0  startup_stm32f10x_hd_vl.o ABSOLUTE
    ..\..\..\Libraries\STM32F10x_StdPeriph_Driver\src\misc.c 0x00000000   Number         0  misc.o ABSOLUTE
    ..\..\..\Libraries\STM32F10x_StdPeriph_Driver\src\stm32f10x_exti.c 0x00000000   Number         0  stm32f10x_exti.o ABSOLUTE
    ..\..\..\Libraries\STM32F10x_StdPeriph_Driver\src\stm32f10x_gpio.c 0x00000000   Number         0  stm32f10x_gpio.o ABSOLUTE
    ..\..\..\Libraries\STM32F10x_StdPeriph_Driver\src\stm32f10x_rcc.c 0x00000000   Number         0  stm32f10x_rcc.o ABSOLUTE
    ..\..\..\Libraries\STM32F10x_StdPeriph_Driver\src\stm32f10x_usart.c 0x00000000   Number         0  stm32f10x_usart.o ABSOLUTE
    ..\..\..\drivers\ADC\adc.c               0x00000000   Number         0  adc.o ABSOLUTE
    ..\..\..\drivers\DMP\inv_mpu.c           0x00000000   Number         0  inv_mpu.o ABSOLUTE
    ..\..\..\drivers\DMP\inv_mpu_dmp_motion_driver.c 0x00000000   Number         0  inv_mpu_dmp_motion_driver.o ABSOLUTE
    ..\..\..\drivers\DataScope_DP\DataScope_DP.C 0x00000000   Number         0  datascope_dp.o ABSOLUTE
    ..\..\..\drivers\IIC\IOI2C.c             0x00000000   Number         0  ioi2c.o ABSOLUTE
    ..\..\..\drivers\KEY\key.c               0x00000000   Number         0  key.o ABSOLUTE
    ..\..\..\drivers\MPU6050\MPU6050.c       0x00000000   Number         0  mpu6050.o ABSOLUTE
    ..\..\..\drivers\MiniBalance\MiniBalance.c 0x00000000   Number         0  minibalance.o ABSOLUTE
    ..\..\..\drivers\OLED\oled.c             0x00000000   Number         0  oled.o ABSOLUTE
    ..\..\..\drivers\TIMER\timer.c           0x00000000   Number         0  timer.o ABSOLUTE
    ..\..\..\drivers\delay\delay.c           0x00000000   Number         0  delay.o ABSOLUTE
    ..\..\..\drivers\filter\filter.c         0x00000000   Number         0  filter.o ABSOLUTE
    ..\..\..\drivers\led\led.c               0x00000000   Number         0  led.o ABSOLUTE
    ..\..\..\drivers\show\show.c             0x00000000   Number         0  show.o ABSOLUTE
    ..\..\..\drivers\usart1\usart1.c         0x00000000   Number         0  usart1.o ABSOLUTE
    ..\..\..\drivers\usart3\usart3.c         0x00000000   Number         0  usart3.o ABSOLUTE
    ..\\..\\..\\Libraries\\CMSIS\\CM3\\CoreSupport\\core_cm3.c 0x00000000   Number         0  core_cm3.o ABSOLUTE
    ..\main.c                                0x00000000   Number         0  main.o ABSOLUTE
    ..\stm32f10x_it.c                        0x00000000   Number         0  stm32f10x_it.o ABSOLUTE
    ..\system_stm32f10x.c                    0x00000000   Number         0  system_stm32f10x.o ABSOLUTE
    cdcmple.s                                0x00000000   Number         0  cdcmple.o ABSOLUTE
    cdrcmple.s                               0x00000000   Number         0  cdrcmple.o ABSOLUTE
    dc.s                                     0x00000000   Number         0  dc.o ABSOLUTE
    handlers.s                               0x00000000   Number         0  handlers.o ABSOLUTE
    init.s                                   0x00000000   Number         0  init.o ABSOLUTE
    RESET                                    0x08000000   Section      308  startup_stm32f10x_hd_vl.o(RESET)
    .ARM.Collect$$$$00000000                 0x08000134   Section        0  entry.o(.ARM.Collect$$$$00000000)
    .ARM.Collect$$$$00000001                 0x08000134   Section        4  entry2.o(.ARM.Collect$$$$00000001)
    .ARM.Collect$$$$00000004                 0x08000138   Section        4  entry5.o(.ARM.Collect$$$$00000004)
    .ARM.Collect$$$$00000008                 0x0800013c   Section        0  entry7b.o(.ARM.Collect$$$$00000008)
    .ARM.Collect$$$$0000000A                 0x0800013c   Section        0  entry8b.o(.ARM.Collect$$$$0000000A)
    .ARM.Collect$$$$0000000B                 0x0800013c   Section        8  entry9a.o(.ARM.Collect$$$$0000000B)
    .ARM.Collect$$$$0000000D                 0x08000144   Section        0  entry10a.o(.ARM.Collect$$$$0000000D)
    .ARM.Collect$$$$0000000F                 0x08000144   Section        0  entry11a.o(.ARM.Collect$$$$0000000F)
    .ARM.Collect$$$$00002712                 0x08000144   Section        4  entry2.o(.ARM.Collect$$$$00002712)
    __lit__00000000                          0x08000144   Data           4  entry2.o(.ARM.Collect$$$$00002712)
    .text                                    0x08000148   Section       36  startup_stm32f10x_hd_vl.o(.text)
    .text                                    0x0800016c   Section        0  ldiv.o(.text)
    .text                                    0x080001ce   Section        0  memseta.o(.text)
    .text                                    0x080001f2   Section        0  memcmp.o(.text)
    .text                                    0x0800020c   Section        0  strncmp.o(.text)
    .text                                    0x0800022a   Section        0  fadd.o(.text)
    .text                                    0x080002da   Section        0  fmul.o(.text)
    .text                                    0x0800033e   Section        0  fdiv.o(.text)
    .text                                    0x080003ba   Section        0  fscalb.o(.text)
    .text                                    0x080003d2   Section        0  dadd.o(.text)
    .text                                    0x08000520   Section        0  dmul.o(.text)
    .text                                    0x08000604   Section        0  ddiv.o(.text)
    .text                                    0x080006e2   Section        0  dscalb.o(.text)
    .text                                    0x08000710   Section        0  fflti.o(.text)
    .text                                    0x08000722   Section        0  ffltui.o(.text)
    .text                                    0x0800072c   Section        0  dfltui.o(.text)
    .text                                    0x08000746   Section        0  ffixi.o(.text)
    .text                                    0x08000778   Section        0  ffixui.o(.text)
    .text                                    0x080007a0   Section        0  dfixi.o(.text)
    .text                                    0x080007de   Section        0  uidiv.o(.text)
    .text                                    0x0800080a   Section        0  uldiv.o(.text)
    .text                                    0x0800086c   Section        0  llshl.o(.text)
    .text                                    0x0800088a   Section        0  llushr.o(.text)
    .text                                    0x080008aa   Section        0  llsshr.o(.text)
    .text                                    0x080008ce   Section        0  fepilogue.o(.text)
    .text                                    0x080008ce   Section        0  iusefp.o(.text)
    .text                                    0x0800093c   Section        0  depilogue.o(.text)
    .text                                    0x080009f6   Section        0  dfixul.o(.text)
    .text                                    0x08000a28   Section       48  cdrcmple.o(.text)
    .text                                    0x08000a58   Section       36  init.o(.text)
    i.Adc_Init                               0x08000a7c   Section        0  adc.o(i.Adc_Init)
    i.BusFault_Handler                       0x08000b64   Section        0  stm32f10x_it.o(i.BusFault_Handler)
    i.DMP_Init                               0x08000b68   Section        0  mpu6050.o(i.DMP_Init)
    i.DebugMon_Handler                       0x08000d88   Section        0  stm32f10x_it.o(i.DebugMon_Handler)
    i.Encoder_Init                           0x08000d8c   Section        0  timer.o(i.Encoder_Init)
    i.Encoder_Init2                          0x08000e60   Section        0  timer.o(i.Encoder_Init2)
    i.GPIO_Init                              0x08000f14   Section        0  stm32f10x_gpio.o(i.GPIO_Init)
    i.GPIO_ResetBits                         0x08000fb6   Section        0  stm32f10x_gpio.o(i.GPIO_ResetBits)
    i.GPIO_SetBits                           0x08000fba   Section        0  stm32f10x_gpio.o(i.GPIO_SetBits)
    i.Get_Adc                                0x08000fc0   Section        0  adc.o(i.Get_Adc)
    i.Get_battery_volt                       0x08000ff4   Section        0  adc.o(i.Get_battery_volt)
    i.HardFault_Handler                      0x08001048   Section        0  stm32f10x_it.o(i.HardFault_Handler)
    i.I2C_ReadOneByte                        0x0800104a   Section        0  ioi2c.o(i.I2C_ReadOneByte)
    i.IIC_Ack                                0x08001088   Section        0  ioi2c.o(i.IIC_Ack)
    i.IIC_Init                               0x080010c8   Section        0  ioi2c.o(i.IIC_Init)
    i.IIC_NAck                               0x080010f4   Section        0  ioi2c.o(i.IIC_NAck)
    i.IIC_Read_Byte                          0x08001134   Section        0  ioi2c.o(i.IIC_Read_Byte)
    i.IIC_Send_Byte                          0x080011a0   Section        0  ioi2c.o(i.IIC_Send_Byte)
    i.IIC_Start                              0x08001200   Section        0  ioi2c.o(i.IIC_Start)
    i.IIC_Stop                               0x08001250   Section        0  ioi2c.o(i.IIC_Stop)
    i.IIC_Wait_Ack                           0x08001290   Section        0  ioi2c.o(i.IIC_Wait_Ack)
    i.IICreadByte                            0x080012e8   Section        0  ioi2c.o(i.IICreadByte)
    i.IICwriteBit                            0x080012f6   Section        0  ioi2c.o(i.IICwriteBit)
    i.IICwriteBits                           0x08001328   Section        0  ioi2c.o(i.IICwriteBits)
    i.IICwriteByte                           0x0800137c   Section        0  ioi2c.o(i.IICwriteByte)
    i.IICwriteBytes                          0x08001388   Section        0  ioi2c.o(i.IICwriteBytes)
    i.JTAG_Set                               0x080013cc   Section        0  oled.o(i.JTAG_Set)
    i.KEY_Init                               0x080013f4   Section        0  key.o(i.KEY_Init)
    i.Led_Flash                              0x0800141c   Section        0  led.o(i.Led_Flash)
    i.MPU6050_initialize                     0x0800144c   Section        0  mpu6050.o(i.MPU6050_initialize)
    i.MPU6050_setClockSource                 0x08001476   Section        0  mpu6050.o(i.MPU6050_setClockSource)
    i.MPU6050_setFullScaleAccelRange         0x08001488   Section        0  mpu6050.o(i.MPU6050_setFullScaleAccelRange)
    i.MPU6050_setFullScaleGyroRange          0x0800149a   Section        0  mpu6050.o(i.MPU6050_setFullScaleGyroRange)
    i.MPU6050_setI2CBypassEnabled            0x080014ac   Section        0  mpu6050.o(i.MPU6050_setI2CBypassEnabled)
    i.MPU6050_setI2CMasterModeEnabled        0x080014b8   Section        0  mpu6050.o(i.MPU6050_setI2CMasterModeEnabled)
    i.MPU6050_setSleepEnabled                0x080014c4   Section        0  mpu6050.o(i.MPU6050_setSleepEnabled)
    i.MY_NVIC_Init                           0x080014d0   Section        0  timer.o(i.MY_NVIC_Init)
    i.MY_NVIC_PriorityGroupConfig            0x08001504   Section        0  timer.o(i.MY_NVIC_PriorityGroupConfig)
    i.MemManage_Handler                      0x08001528   Section        0  stm32f10x_it.o(i.MemManage_Handler)
    i.MiniBalance_PWM_Init                   0x0800152c   Section        0  timer.o(i.MiniBalance_PWM_Init)
    i.NMI_Handler                            0x080015c4   Section        0  stm32f10x_it.o(i.NMI_Handler)
    i.NVIC_Init                              0x080015c8   Section        0  misc.o(i.NVIC_Init)
    i.OLED_Clear                             0x0800162c   Section        0  oled.o(i.OLED_Clear)
    i.OLED_Init                              0x08001658   Section        0  oled.o(i.OLED_Init)
    i.OLED_Refresh_Gram                      0x080017c0   Section        0  oled.o(i.OLED_Refresh_Gram)
    i.OLED_WR_Byte                           0x0800180c   Section        0  oled.o(i.OLED_WR_Byte)
    i.PendSV_Handler                         0x08001874   Section        0  stm32f10x_it.o(i.PendSV_Handler)
    i.RCC_APB2PeriphClockCmd                 0x08001878   Section        0  stm32f10x_rcc.o(i.RCC_APB2PeriphClockCmd)
    i.RCC_GetClocksFreq                      0x08001890   Section        0  stm32f10x_rcc.o(i.RCC_GetClocksFreq)
    i.Report                                 0x08001920   Section        0  minibalance.o(i.Report)
    i.SVC_Handler                            0x0800198c   Section        0  stm32f10x_it.o(i.SVC_Handler)
    i.SetSysClockTo72                        0x08001990   Section        0  system_stm32f10x.o(i.SetSysClockTo72)
    SetSysClockTo72                          0x08001991   Thumb Code   160  system_stm32f10x.o(i.SetSysClockTo72)
    i.Set_Pwm                                0x08001a38   Section        0  minibalance.o(i.Set_Pwm)
    i.SysTick_Handler                        0x08001ae0   Section        0  stm32f10x_it.o(i.SysTick_Handler)
    i.SystemInit                             0x08001ae4   Section        0  system_stm32f10x.o(i.SystemInit)
    i.TIM1_UP_TIM16_IRQHandler               0x08001b34   Section        0  minibalance.o(i.TIM1_UP_TIM16_IRQHandler)
    i.TIM2_IRQHandler                        0x08001b7c   Section        0  timer.o(i.TIM2_IRQHandler)
    i.TIM4_IRQHandler                        0x08001b8c   Section        0  timer.o(i.TIM4_IRQHandler)
    i.Timer1_Init                            0x08001ba0   Section        0  timer.o(i.Timer1_Init)
    i.USART1_IRQHandler                      0x08001be8   Section        0  usart1.o(i.USART1_IRQHandler)
    i.USART1_ReportBattery                   0x08001cd8   Section        0  usart1.o(i.USART1_ReportBattery)
    i.USART1_ReportEncoder                   0x08001d14   Section        0  usart1.o(i.USART1_ReportEncoder)
    i.USART3_IRQHandler                      0x08001d58   Section        0  usart3.o(i.USART3_IRQHandler)
    i.USART_ClearFlag                        0x08001ec8   Section        0  stm32f10x_usart.o(i.USART_ClearFlag)
    i.USART_Cmd                              0x08001ece   Section        0  stm32f10x_usart.o(i.USART_Cmd)
    i.USART_ITConfig                         0x08001ee2   Section        0  stm32f10x_usart.o(i.USART_ITConfig)
    i.USART_Init                             0x08001f14   Section        0  stm32f10x_usart.o(i.USART_Init)
    i.UsageFault_Handler                     0x08001fc0   Section        0  stm32f10x_it.o(i.UsageFault_Handler)
    i.__0printf                              0x08001fc4   Section        0  printfa.o(i.__0printf)
    i.__0sprintf                             0x08001fe4   Section        0  printfa.o(i.__0sprintf)
    i.__scatterload_copy                     0x0800200c   Section       14  handlers.o(i.__scatterload_copy)
    i.__scatterload_null                     0x0800201a   Section        2  handlers.o(i.__scatterload_null)
    i.__scatterload_zeroinit                 0x0800201c   Section       14  handlers.o(i.__scatterload_zeroinit)
    i._fp_digits                             0x0800202c   Section        0  printfa.o(i._fp_digits)
    _fp_digits                               0x0800202d   Thumb Code   334  printfa.o(i._fp_digits)
    i._printf_core                           0x08002190   Section        0  printfa.o(i._printf_core)
    _printf_core                             0x08002191   Thumb Code  1744  printfa.o(i._printf_core)
    i._printf_post_padding                   0x0800286c   Section        0  printfa.o(i._printf_post_padding)
    _printf_post_padding                     0x0800286d   Thumb Code    36  printfa.o(i._printf_post_padding)
    i._printf_pre_padding                    0x08002890   Section        0  printfa.o(i._printf_pre_padding)
    _printf_pre_padding                      0x08002891   Thumb Code    46  printfa.o(i._printf_pre_padding)
    i._sputc                                 0x080028be   Section        0  printfa.o(i._sputc)
    _sputc                                   0x080028bf   Thumb Code    10  printfa.o(i._sputc)
    i.accel_self_test                        0x080028c8   Section        0  inv_mpu.o(i.accel_self_test)
    accel_self_test                          0x080028c9   Thumb Code   114  inv_mpu.o(i.accel_self_test)
    i.delay_init                             0x08002948   Section        0  delay.o(i.delay_init)
    i.delay_ms                               0x08002974   Section        0  delay.o(i.delay_ms)
    i.delay_us                               0x0800299c   Section        0  delay.o(i.delay_us)
    i.dmp_enable_6x_lp_quat                  0x080029c4   Section        0  inv_mpu_dmp_motion_driver.o(i.dmp_enable_6x_lp_quat)
    i.dmp_enable_feature                     0x08002a00   Section        0  inv_mpu_dmp_motion_driver.o(i.dmp_enable_feature)
    i.dmp_enable_gyro_cal                    0x08002bd8   Section        0  inv_mpu_dmp_motion_driver.o(i.dmp_enable_gyro_cal)
    i.dmp_enable_lp_quat                     0x08002c14   Section        0  inv_mpu_dmp_motion_driver.o(i.dmp_enable_lp_quat)
    i.dmp_load_motion_driver_firmware        0x08002c50   Section        0  inv_mpu_dmp_motion_driver.o(i.dmp_load_motion_driver_firmware)
    i.dmp_set_accel_bias                     0x08002c64   Section        0  inv_mpu_dmp_motion_driver.o(i.dmp_set_accel_bias)
    i.dmp_set_fifo_rate                      0x08002d3c   Section        0  inv_mpu_dmp_motion_driver.o(i.dmp_set_fifo_rate)
    i.dmp_set_gyro_bias                      0x08002da0   Section        0  inv_mpu_dmp_motion_driver.o(i.dmp_set_gyro_bias)
    i.dmp_set_orientation                    0x08002e6c   Section        0  inv_mpu_dmp_motion_driver.o(i.dmp_set_orientation)
    i.dmp_set_shake_reject_thresh            0x08002f78   Section        0  inv_mpu_dmp_motion_driver.o(i.dmp_set_shake_reject_thresh)
    i.dmp_set_shake_reject_time              0x08002fa8   Section        0  inv_mpu_dmp_motion_driver.o(i.dmp_set_shake_reject_time)
    i.dmp_set_shake_reject_timeout           0x08002fc8   Section        0  inv_mpu_dmp_motion_driver.o(i.dmp_set_shake_reject_timeout)
    i.dmp_set_tap_axes                       0x08002fe8   Section        0  inv_mpu_dmp_motion_driver.o(i.dmp_set_tap_axes)
    i.dmp_set_tap_count                      0x08003028   Section        0  inv_mpu_dmp_motion_driver.o(i.dmp_set_tap_count)
    i.dmp_set_tap_thresh                     0x0800304c   Section        0  inv_mpu_dmp_motion_driver.o(i.dmp_set_tap_thresh)
    i.dmp_set_tap_time                       0x08003174   Section        0  inv_mpu_dmp_motion_driver.o(i.dmp_set_tap_time)
    i.dmp_set_tap_time_multi                 0x08003194   Section        0  inv_mpu_dmp_motion_driver.o(i.dmp_set_tap_time_multi)
    i.fputc                                  0x080031b4   Section        0  usart1.o(i.fputc)
    i.get_accel_prod_shift                   0x080031c8   Section        0  inv_mpu.o(i.get_accel_prod_shift)
    get_accel_prod_shift                     0x080031c9   Thumb Code   158  inv_mpu.o(i.get_accel_prod_shift)
    i.get_st_biases                          0x08003274   Section        0  inv_mpu.o(i.get_st_biases)
    get_st_biases                            0x08003275   Thumb Code   784  inv_mpu.o(i.get_st_biases)
    i.gyro_self_test                         0x08003588   Section        0  inv_mpu.o(i.gyro_self_test)
    gyro_self_test                           0x08003589   Thumb Code   190  inv_mpu.o(i.gyro_self_test)
    i.i2cRead                                0x0800365c   Section        0  ioi2c.o(i.i2cRead)
    i.i2cWrite                               0x080036cc   Section        0  ioi2c.o(i.i2cWrite)
    i.inv_row_2_scale                        0x08003720   Section        0  mpu6050.o(i.inv_row_2_scale)
    inv_row_2_scale                          0x08003721   Thumb Code    72  mpu6050.o(i.inv_row_2_scale)
    i.led_init                               0x08003768   Section        0  led.o(i.led_init)
    i.main                                   0x08003790   Section        0  main.o(i.main)
    i.mpu_configure_fifo                     0x08003808   Section        0  inv_mpu.o(i.mpu_configure_fifo)
    i.mpu_get_accel_fsr                      0x0800385c   Section        0  inv_mpu.o(i.mpu_get_accel_fsr)
    i.mpu_get_accel_sens                     0x08003898   Section        0  inv_mpu.o(i.mpu_get_accel_sens)
    i.mpu_get_gyro_fsr                       0x080038dc   Section        0  inv_mpu.o(i.mpu_get_gyro_fsr)
    i.mpu_get_gyro_sens                      0x08003910   Section        0  inv_mpu.o(i.mpu_get_gyro_sens)
    i.mpu_get_lpf                            0x08003950   Section        0  inv_mpu.o(i.mpu_get_lpf)
    i.mpu_get_sample_rate                    0x08003988   Section        0  inv_mpu.o(i.mpu_get_sample_rate)
    i.mpu_init                               0x080039a4   Section        0  inv_mpu.o(i.mpu_init)
    i.mpu_load_firmware                      0x08003b2c   Section        0  inv_mpu.o(i.mpu_load_firmware)
    i.mpu_lp_accel_mode                      0x08003bcc   Section        0  inv_mpu.o(i.mpu_lp_accel_mode)
    i.mpu_read_mem                           0x08003c84   Section        0  inv_mpu.o(i.mpu_read_mem)
    i.mpu_reset_fifo                         0x08003cd8   Section        0  inv_mpu.o(i.mpu_reset_fifo)
    i.mpu_run_self_test                      0x08003e28   Section        0  inv_mpu.o(i.mpu_run_self_test)
    i.mpu_set_accel_fsr                      0x08003f18   Section        0  inv_mpu.o(i.mpu_set_accel_fsr)
    i.mpu_set_bypass                         0x08003f80   Section        0  inv_mpu.o(i.mpu_set_bypass)
    i.mpu_set_dmp_state                      0x0800405c   Section        0  inv_mpu.o(i.mpu_set_dmp_state)
    i.mpu_set_gyro_fsr                       0x080040d4   Section        0  inv_mpu.o(i.mpu_set_gyro_fsr)
    i.mpu_set_int_latched                    0x08004140   Section        0  inv_mpu.o(i.mpu_set_int_latched)
    i.mpu_set_lpf                            0x080041a4   Section        0  inv_mpu.o(i.mpu_set_lpf)
    i.mpu_set_sample_rate                    0x08004210   Section        0  inv_mpu.o(i.mpu_set_sample_rate)
    i.mpu_set_sensors                        0x08004290   Section        0  inv_mpu.o(i.mpu_set_sensors)
    i.mpu_write_mem                          0x08004348   Section        0  inv_mpu.o(i.mpu_write_mem)
    i.pid_velocity_weizhi                    0x0800439c   Section        0  minibalance.o(i.pid_velocity_weizhi)
    i.readEncoder                            0x0800451c   Section        0  minibalance.o(i.readEncoder)
    i.run_self_test                          0x0800455c   Section        0  mpu6050.o(i.run_self_test)
    run_self_test                            0x0800455d   Thumb Code   128  mpu6050.o(i.run_self_test)
    i.set_int_enable                         0x08004600   Section        0  inv_mpu.o(i.set_int_enable)
    set_int_enable                           0x08004601   Thumb Code    84  inv_mpu.o(i.set_int_enable)
    i.uart3_init                             0x08004658   Section        0  usart3.o(i.uart3_init)
    i.usart1_init                            0x0800471c   Section        0  usart1.o(i.usart1_init)
    .constdata                               0x080047c8   Section       12  inv_mpu.o(.constdata)
    .constdata                               0x080047d4   Section       27  inv_mpu.o(.constdata)
    .constdata                               0x080047f0   Section       40  inv_mpu.o(.constdata)
    .constdata                               0x08004818   Section     3062  inv_mpu_dmp_motion_driver.o(.constdata)
    dmp_memory                               0x08004818   Data        3062  inv_mpu_dmp_motion_driver.o(.constdata)
    .conststring                             0x08005410   Section       78  inv_mpu.o(.conststring)
    .data                                    0x20000000   Section        4  main.o(.data)
    .data                                    0x20000004   Section        1  main.o(.data)
    .data                                    0x20000008   Section        4  main.o(.data)
    .data                                    0x2000000c   Section        4  main.o(.data)
    .data                                    0x20000010   Section        4  main.o(.data)
    .data                                    0x20000014   Section        4  main.o(.data)
    .data                                    0x20000018   Section        1  main.o(.data)
    .data                                    0x2000001c   Section        4  main.o(.data)
    .data                                    0x20000020   Section        4  main.o(.data)
    .data                                    0x20000024   Section        4  main.o(.data)
    .data                                    0x20000028   Section        4  main.o(.data)
    .data                                    0x2000002c   Section        4  main.o(.data)
    .data                                    0x20000030   Section        4  main.o(.data)
    .data                                    0x20000034   Section        4  main.o(.data)
    .data                                    0x20000038   Section        4  main.o(.data)
    .data                                    0x2000003c   Section       20  stm32f10x_rcc.o(.data)
    ADCPrescTable                            0x2000003c   Data           4  stm32f10x_rcc.o(.data)
    APBAHBPrescTable                         0x20000040   Data          16  stm32f10x_rcc.o(.data)
    .data                                    0x20000050   Section        4  led.o(.data)
    temp                                     0x20000050   Data           4  led.o(.data)
    .data                                    0x20000054   Section       46  usart1.o(.data)
    p_w                                      0x20000054   Data           1  usart1.o(.data)
    temp_desire_l                            0x20000058   Data           4  usart1.o(.data)
    temp_desire_r                            0x2000005c   Data           4  usart1.o(.data)
    .data                                    0x20000082   Section        4  delay.o(.data)
    fac_us                                   0x20000082   Data           1  delay.o(.data)
    fac_ms                                   0x20000084   Data           2  delay.o(.data)
    .data                                    0x20000088   Section       44  inv_mpu.o(.data)
    st                                       0x20000088   Data          44  inv_mpu.o(.data)
    .data                                    0x200000b4   Section       45  mpu6050.o(.data)
    gyro_orientation                         0x200000d8   Data           9  mpu6050.o(.data)
    .data                                    0x200000e4   Section       21  usart3.o(.data)
    p_w                                      0x200000e4   Data           1  usart3.o(.data)
    value                                    0x200000e8   Data           4  usart3.o(.data)
    uart3_buf                                0x200000ec   Data          13  usart3.o(.data)
    .data                                    0x200000fc   Section       40  minibalance.o(.data)
    cnt                                      0x200000fc   Data           1  minibalance.o(.data)
    Encoder_Left_Report                      0x200000fe   Data           2  minibalance.o(.data)
    Encoder_Right_Report                     0x20000100   Data           2  minibalance.o(.data)
    IntegralL                                0x20000104   Data           4  minibalance.o(.data)
    IntegralR                                0x20000108   Data           4  minibalance.o(.data)
    LastErrorL                               0x2000010c   Data           4  minibalance.o(.data)
    LastErrorR                               0x20000110   Data           4  minibalance.o(.data)
    PreErrorL                                0x20000114   Data           4  minibalance.o(.data)
    PreErrorR                                0x20000118   Data           4  minibalance.o(.data)
    LastErrorL                               0x2000011c   Data           4  minibalance.o(.data)
    LastErrorR                               0x20000120   Data           4  minibalance.o(.data)
    .data                                    0x20000124   Section        4  stdout.o(.data)
    .bss                                     0x20000128   Section       16  inv_mpu_dmp_motion_driver.o(.bss)
    dmp                                      0x20000128   Data          16  inv_mpu_dmp_motion_driver.o(.bss)
    .bss                                     0x20000138   Section     1024  oled.o(.bss)
    STACK                                    0x20000538   Section     1024  startup_stm32f10x_hd_vl.o(STACK)

    Global Symbols

    Symbol Name                              Value     Ov Type        Size  Object(Section)

    BuildAttributes$$THM_ISAv4$P$D$K$B$S$PE$A:L22UL41UL21$X:L11$S22US41US21$IEEE1$IW$USESV6$~STKCKD$USESV7$~SHL$OTIME$ROPI$IEEEX$EBA8$MICROLIB$REQ8$PRES8$EABIv2 0x00000000   Number         0  anon$$obj.o ABSOLUTE
    __ARM_use_no_argv                        0x00000000   Number         0  main.o ABSOLUTE
    _printf_a                                0x00000000   Number         0  stubs.o ABSOLUTE
    _printf_c                                0x00000000   Number         0  stubs.o ABSOLUTE
    _printf_charcount                        0x00000000   Number         0  stubs.o ABSOLUTE
    _printf_d                                0x00000000   Number         0  stubs.o ABSOLUTE
    _printf_e                                0x00000000   Number         0  stubs.o ABSOLUTE
    _printf_f                                0x00000000   Number         0  stubs.o ABSOLUTE
    _printf_flags                            0x00000000   Number         0  stubs.o ABSOLUTE
    _printf_fp_dec                           0x00000000   Number         0  stubs.o ABSOLUTE
    _printf_fp_hex                           0x00000000   Number         0  stubs.o ABSOLUTE
    _printf_g                                0x00000000   Number         0  stubs.o ABSOLUTE
    _printf_i                                0x00000000   Number         0  stubs.o ABSOLUTE
    _printf_int_dec                          0x00000000   Number         0  stubs.o ABSOLUTE
    _printf_l                                0x00000000   Number         0  stubs.o ABSOLUTE
    _printf_lc                               0x00000000   Number         0  stubs.o ABSOLUTE
    _printf_ll                               0x00000000   Number         0  stubs.o ABSOLUTE
    _printf_lld                              0x00000000   Number         0  stubs.o ABSOLUTE
    _printf_lli                              0x00000000   Number         0  stubs.o ABSOLUTE
    _printf_llo                              0x00000000   Number         0  stubs.o ABSOLUTE
    _printf_llu                              0x00000000   Number         0  stubs.o ABSOLUTE
    _printf_llx                              0x00000000   Number         0  stubs.o ABSOLUTE
    _printf_longlong_dec                     0x00000000   Number         0  stubs.o ABSOLUTE
    _printf_longlong_hex                     0x00000000   Number         0  stubs.o ABSOLUTE
    _printf_longlong_oct                     0x00000000   Number         0  stubs.o ABSOLUTE
    _printf_ls                               0x00000000   Number         0  stubs.o ABSOLUTE
    _printf_mbtowc                           0x00000000   Number         0  stubs.o ABSOLUTE
    _printf_n                                0x00000000   Number         0  stubs.o ABSOLUTE
    _printf_o                                0x00000000   Number         0  stubs.o ABSOLUTE
    _printf_p                                0x00000000   Number         0  stubs.o ABSOLUTE
    _printf_percent                          0x00000000   Number         0  stubs.o ABSOLUTE
    _printf_pre_padding                      0x00000000   Number         0  stubs.o ABSOLUTE
    _printf_return_value                     0x00000000   Number         0  stubs.o ABSOLUTE
    _printf_s                                0x00000000   Number         0  stubs.o ABSOLUTE
    _printf_sizespec                         0x00000000   Number         0  stubs.o ABSOLUTE
    _printf_str                              0x00000000   Number         0  stubs.o ABSOLUTE
    _printf_truncate_signed                  0x00000000   Number         0  stubs.o ABSOLUTE
    _printf_truncate_unsigned                0x00000000   Number         0  stubs.o ABSOLUTE
    _printf_u                                0x00000000   Number         0  stubs.o ABSOLUTE
    _printf_wc                               0x00000000   Number         0  stubs.o ABSOLUTE
    _printf_wctomb                           0x00000000   Number         0  stubs.o ABSOLUTE
    _printf_widthprec                        0x00000000   Number         0  stubs.o ABSOLUTE
    _printf_x                                0x00000000   Number         0  stubs.o ABSOLUTE
    __cpp_initialize__aeabi_                  - Undefined Weak Reference
    __cxa_finalize                            - Undefined Weak Reference
    __decompress                              - Undefined Weak Reference
    _clock_init                               - Undefined Weak Reference
    _microlib_exit                            - Undefined Weak Reference
    __Vectors_Size                           0x00000134   Number         0  startup_stm32f10x_hd_vl.o ABSOLUTE
    __Vectors                                0x08000000   Data           4  startup_stm32f10x_hd_vl.o(RESET)
    __Vectors_End                            0x08000134   Data           0  startup_stm32f10x_hd_vl.o(RESET)
    __main                                   0x08000135   Thumb Code     0  entry.o(.ARM.Collect$$$$00000000)
    _main_stk                                0x08000135   Thumb Code     0  entry2.o(.ARM.Collect$$$$00000001)
    _main_scatterload                        0x08000139   Thumb Code     0  entry5.o(.ARM.Collect$$$$00000004)
    __main_after_scatterload                 0x0800013d   Thumb Code     0  entry5.o(.ARM.Collect$$$$00000004)
    _main_clock                              0x0800013d   Thumb Code     0  entry7b.o(.ARM.Collect$$$$00000008)
    _main_cpp_init                           0x0800013d   Thumb Code     0  entry8b.o(.ARM.Collect$$$$0000000A)
    _main_init                               0x0800013d   Thumb Code     0  entry9a.o(.ARM.Collect$$$$0000000B)
    __rt_final_cpp                           0x08000145   Thumb Code     0  entry10a.o(.ARM.Collect$$$$0000000D)
    __rt_final_exit                          0x08000145   Thumb Code     0  entry11a.o(.ARM.Collect$$$$0000000F)
    Reset_Handler                            0x08000149   Thumb Code     8  startup_stm32f10x_hd_vl.o(.text)
    ADC1_IRQHandler                          0x08000163   Thumb Code     0  startup_stm32f10x_hd_vl.o(.text)
    CEC_IRQHandler                           0x08000163   Thumb Code     0  startup_stm32f10x_hd_vl.o(.text)
    DMA1_Channel1_IRQHandler                 0x08000163   Thumb Code     0  startup_stm32f10x_hd_vl.o(.text)
    DMA1_Channel2_IRQHandler                 0x08000163   Thumb Code     0  startup_stm32f10x_hd_vl.o(.text)
    DMA1_Channel3_IRQHandler                 0x08000163   Thumb Code     0  startup_stm32f10x_hd_vl.o(.text)
    DMA1_Channel4_IRQHandler                 0x08000163   Thumb Code     0  startup_stm32f10x_hd_vl.o(.text)
    DMA1_Channel5_IRQHandler                 0x08000163   Thumb Code     0  startup_stm32f10x_hd_vl.o(.text)
    DMA1_Channel6_IRQHandler                 0x08000163   Thumb Code     0  startup_stm32f10x_hd_vl.o(.text)
    DMA1_Channel7_IRQHandler                 0x08000163   Thumb Code     0  startup_stm32f10x_hd_vl.o(.text)
    DMA2_Channel1_IRQHandler                 0x08000163   Thumb Code     0  startup_stm32f10x_hd_vl.o(.text)
    DMA2_Channel2_IRQHandler                 0x08000163   Thumb Code     0  startup_stm32f10x_hd_vl.o(.text)
    DMA2_Channel3_IRQHandler                 0x08000163   Thumb Code     0  startup_stm32f10x_hd_vl.o(.text)
    DMA2_Channel4_5_IRQHandler               0x08000163   Thumb Code     0  startup_stm32f10x_hd_vl.o(.text)
    DMA2_Channel5_IRQHandler                 0x08000163   Thumb Code     0  startup_stm32f10x_hd_vl.o(.text)
    EXTI0_IRQHandler                         0x08000163   Thumb Code     0  startup_stm32f10x_hd_vl.o(.text)
    EXTI15_10_IRQHandler                     0x08000163   Thumb Code     0  startup_stm32f10x_hd_vl.o(.text)
    EXTI1_IRQHandler                         0x08000163   Thumb Code     0  startup_stm32f10x_hd_vl.o(.text)
    EXTI2_IRQHandler                         0x08000163   Thumb Code     0  startup_stm32f10x_hd_vl.o(.text)
    EXTI3_IRQHandler                         0x08000163   Thumb Code     0  startup_stm32f10x_hd_vl.o(.text)
    EXTI4_IRQHandler                         0x08000163   Thumb Code     0  startup_stm32f10x_hd_vl.o(.text)
    EXTI9_5_IRQHandler                       0x08000163   Thumb Code     0  startup_stm32f10x_hd_vl.o(.text)
    FLASH_IRQHandler                         0x08000163   Thumb Code     0  startup_stm32f10x_hd_vl.o(.text)
    I2C1_ER_IRQHandler                       0x08000163   Thumb Code     0  startup_stm32f10x_hd_vl.o(.text)
    I2C1_EV_IRQHandler                       0x08000163   Thumb Code     0  startup_stm32f10x_hd_vl.o(.text)
    I2C2_ER_IRQHandler                       0x08000163   Thumb Code     0  startup_stm32f10x_hd_vl.o(.text)
    I2C2_EV_IRQHandler                       0x08000163   Thumb Code     0  startup_stm32f10x_hd_vl.o(.text)
    PVD_IRQHandler                           0x08000163   Thumb Code     0  startup_stm32f10x_hd_vl.o(.text)
    RCC_IRQHandler                           0x08000163   Thumb Code     0  startup_stm32f10x_hd_vl.o(.text)
    RTCAlarm_IRQHandler                      0x08000163   Thumb Code     0  startup_stm32f10x_hd_vl.o(.text)
    RTC_IRQHandler                           0x08000163   Thumb Code     0  startup_stm32f10x_hd_vl.o(.text)
    SPI1_IRQHandler                          0x08000163   Thumb Code     0  startup_stm32f10x_hd_vl.o(.text)
    SPI2_IRQHandler                          0x08000163   Thumb Code     0  startup_stm32f10x_hd_vl.o(.text)
    SPI3_IRQHandler                          0x08000163   Thumb Code     0  startup_stm32f10x_hd_vl.o(.text)
    TAMPER_IRQHandler                        0x08000163   Thumb Code     0  startup_stm32f10x_hd_vl.o(.text)
    TIM12_IRQHandler                         0x08000163   Thumb Code     0  startup_stm32f10x_hd_vl.o(.text)
    TIM13_IRQHandler                         0x08000163   Thumb Code     0  startup_stm32f10x_hd_vl.o(.text)
    TIM14_IRQHandler                         0x08000163   Thumb Code     0  startup_stm32f10x_hd_vl.o(.text)
    TIM1_BRK_TIM15_IRQHandler                0x08000163   Thumb Code     0  startup_stm32f10x_hd_vl.o(.text)
    TIM1_CC_IRQHandler                       0x08000163   Thumb Code     0  startup_stm32f10x_hd_vl.o(.text)
    TIM1_TRG_COM_TIM17_IRQHandler            0x08000163   Thumb Code     0  startup_stm32f10x_hd_vl.o(.text)
    TIM3_IRQHandler                          0x08000163   Thumb Code     0  startup_stm32f10x_hd_vl.o(.text)
    TIM5_IRQHandler                          0x08000163   Thumb Code     0  startup_stm32f10x_hd_vl.o(.text)
    TIM6_DAC_IRQHandler                      0x08000163   Thumb Code     0  startup_stm32f10x_hd_vl.o(.text)
    TIM7_IRQHandler                          0x08000163   Thumb Code     0  startup_stm32f10x_hd_vl.o(.text)
    UART4_IRQHandler                         0x08000163   Thumb Code     0  startup_stm32f10x_hd_vl.o(.text)
    UART5_IRQHandler                         0x08000163   Thumb Code     0  startup_stm32f10x_hd_vl.o(.text)
    USART2_IRQHandler                        0x08000163   Thumb Code     0  startup_stm32f10x_hd_vl.o(.text)
    WWDG_IRQHandler                          0x08000163   Thumb Code     0  startup_stm32f10x_hd_vl.o(.text)
    __aeabi_ldivmod                          0x0800016d   Thumb Code    98  ldiv.o(.text)
    __aeabi_memset                           0x080001cf   Thumb Code    14  memseta.o(.text)
    __aeabi_memset4                          0x080001cf   Thumb Code     0  memseta.o(.text)
    __aeabi_memset8                          0x080001cf   Thumb Code     0  memseta.o(.text)
    __aeabi_memclr                           0x080001dd   Thumb Code     4  memseta.o(.text)
    __aeabi_memclr4                          0x080001dd   Thumb Code     0  memseta.o(.text)
    __aeabi_memclr8                          0x080001dd   Thumb Code     0  memseta.o(.text)
    _memset$wrapper                          0x080001e1   Thumb Code    18  memseta.o(.text)
    memcmp                                   0x080001f3   Thumb Code    26  memcmp.o(.text)
    strncmp                                  0x0800020d   Thumb Code    30  strncmp.o(.text)
    __aeabi_fadd                             0x0800022b   Thumb Code   164  fadd.o(.text)
    __aeabi_fsub                             0x080002cf   Thumb Code     6  fadd.o(.text)
    __aeabi_frsub                            0x080002d5   Thumb Code     6  fadd.o(.text)
    __aeabi_fmul                             0x080002db   Thumb Code   100  fmul.o(.text)
    __aeabi_fdiv                             0x0800033f   Thumb Code   124  fdiv.o(.text)
    __ARM_scalbnf                            0x080003bb   Thumb Code    24  fscalb.o(.text)
    scalbnf                                  0x080003bb   Thumb Code     0  fscalb.o(.text)
    __aeabi_dadd                             0x080003d3   Thumb Code   322  dadd.o(.text)
    __aeabi_dsub                             0x08000515   Thumb Code     6  dadd.o(.text)
    __aeabi_drsub                            0x0800051b   Thumb Code     6  dadd.o(.text)
    __aeabi_dmul                             0x08000521   Thumb Code   228  dmul.o(.text)
    __aeabi_ddiv                             0x08000605   Thumb Code   222  ddiv.o(.text)
    __ARM_scalbn                             0x080006e3   Thumb Code    46  dscalb.o(.text)
    scalbn                                   0x080006e3   Thumb Code     0  dscalb.o(.text)
    __aeabi_i2f                              0x08000711   Thumb Code    18  fflti.o(.text)
    __aeabi_ui2f                             0x08000723   Thumb Code    10  ffltui.o(.text)
    __aeabi_ui2d                             0x0800072d   Thumb Code    26  dfltui.o(.text)
    __aeabi_f2iz                             0x08000747   Thumb Code    50  ffixi.o(.text)
    __aeabi_f2uiz                            0x08000779   Thumb Code    40  ffixui.o(.text)
    __aeabi_d2iz                             0x080007a1   Thumb Code    62  dfixi.o(.text)
    __aeabi_uidiv                            0x080007df   Thumb Code     0  uidiv.o(.text)
    __aeabi_uidivmod                         0x080007df   Thumb Code    44  uidiv.o(.text)
    __aeabi_uldivmod                         0x0800080b   Thumb Code    98  uldiv.o(.text)
    __aeabi_llsl                             0x0800086d   Thumb Code    30  llshl.o(.text)
    _ll_shift_l                              0x0800086d   Thumb Code     0  llshl.o(.text)
    __aeabi_llsr                             0x0800088b   Thumb Code    32  llushr.o(.text)
    _ll_ushift_r                             0x0800088b   Thumb Code     0  llushr.o(.text)
    __aeabi_lasr                             0x080008ab   Thumb Code    36  llsshr.o(.text)
    _ll_sshift_r                             0x080008ab   Thumb Code     0  llsshr.o(.text)
    __I$use$fp                               0x080008cf   Thumb Code     0  iusefp.o(.text)
    _float_round                             0x080008cf   Thumb Code    18  fepilogue.o(.text)
    _float_epilogue                          0x080008e1   Thumb Code    92  fepilogue.o(.text)
    _double_round                            0x0800093d   Thumb Code    30  depilogue.o(.text)
    _double_epilogue                         0x0800095b   Thumb Code   156  depilogue.o(.text)
    __aeabi_d2ulz                            0x080009f7   Thumb Code    48  dfixul.o(.text)
    __aeabi_cdrcmple                         0x08000a29   Thumb Code    48  cdrcmple.o(.text)
    __scatterload                            0x08000a59   Thumb Code    28  init.o(.text)
    __scatterload_rt2                        0x08000a59   Thumb Code     0  init.o(.text)
    Adc_Init                                 0x08000a7d   Thumb Code   214  adc.o(i.Adc_Init)
    BusFault_Handler                         0x08000b65   Thumb Code     2  stm32f10x_it.o(i.BusFault_Handler)
    DMP_Init                                 0x08000b69   Thumb Code   210  mpu6050.o(i.DMP_Init)
    DebugMon_Handler                         0x08000d89   Thumb Code     2  stm32f10x_it.o(i.DebugMon_Handler)
    Encoder_Init                             0x08000d8d   Thumb Code   198  timer.o(i.Encoder_Init)
    Encoder_Init2                            0x08000e61   Thumb Code   170  timer.o(i.Encoder_Init2)
    GPIO_Init                                0x08000f15   Thumb Code   162  stm32f10x_gpio.o(i.GPIO_Init)
    GPIO_ResetBits                           0x08000fb7   Thumb Code     4  stm32f10x_gpio.o(i.GPIO_ResetBits)
    GPIO_SetBits                             0x08000fbb   Thumb Code     4  stm32f10x_gpio.o(i.GPIO_SetBits)
    Get_Adc                                  0x08000fc1   Thumb Code    48  adc.o(i.Get_Adc)
    Get_battery_volt                         0x08000ff5   Thumb Code    64  adc.o(i.Get_battery_volt)
    HardFault_Handler                        0x08001049   Thumb Code     2  stm32f10x_it.o(i.HardFault_Handler)
    I2C_ReadOneByte                          0x0800104b   Thumb Code    62  ioi2c.o(i.I2C_ReadOneByte)
    IIC_Ack                                  0x08001089   Thumb Code    54  ioi2c.o(i.IIC_Ack)
    IIC_Init                                 0x080010c9   Thumb Code    34  ioi2c.o(i.IIC_Init)
    IIC_NAck                                 0x080010f5   Thumb Code    56  ioi2c.o(i.IIC_NAck)
    IIC_Read_Byte                            0x08001135   Thumb Code   100  ioi2c.o(i.IIC_Read_Byte)
    IIC_Send_Byte                            0x080011a1   Thumb Code    86  ioi2c.o(i.IIC_Send_Byte)
    IIC_Start                                0x08001201   Thumb Code    72  ioi2c.o(i.IIC_Start)
    IIC_Stop                                 0x08001251   Thumb Code    56  ioi2c.o(i.IIC_Stop)
    IIC_Wait_Ack                             0x08001291   Thumb Code    80  ioi2c.o(i.IIC_Wait_Ack)
    IICreadByte                              0x080012e9   Thumb Code    14  ioi2c.o(i.IICreadByte)
    IICwriteBit                              0x080012f7   Thumb Code    50  ioi2c.o(i.IICwriteBit)
    IICwriteBits                             0x08001329   Thumb Code    84  ioi2c.o(i.IICwriteBits)
    IICwriteByte                             0x0800137d   Thumb Code    12  ioi2c.o(i.IICwriteByte)
    IICwriteBytes                            0x08001389   Thumb Code    68  ioi2c.o(i.IICwriteBytes)
    JTAG_Set                                 0x080013cd   Thumb Code    30  oled.o(i.JTAG_Set)
    KEY_Init                                 0x080013f5   Thumb Code    30  key.o(i.KEY_Init)
    Led_Flash                                0x0800141d   Thumb Code    38  led.o(i.Led_Flash)
    MPU6050_initialize                       0x0800144d   Thumb Code    42  mpu6050.o(i.MPU6050_initialize)
    MPU6050_setClockSource                   0x08001477   Thumb Code    18  mpu6050.o(i.MPU6050_setClockSource)
    MPU6050_setFullScaleAccelRange           0x08001489   Thumb Code    18  mpu6050.o(i.MPU6050_setFullScaleAccelRange)
    MPU6050_setFullScaleGyroRange            0x0800149b   Thumb Code    18  mpu6050.o(i.MPU6050_setFullScaleGyroRange)
    MPU6050_setI2CBypassEnabled              0x080014ad   Thumb Code    12  mpu6050.o(i.MPU6050_setI2CBypassEnabled)
    MPU6050_setI2CMasterModeEnabled          0x080014b9   Thumb Code    12  mpu6050.o(i.MPU6050_setI2CMasterModeEnabled)
    MPU6050_setSleepEnabled                  0x080014c5   Thumb Code    12  mpu6050.o(i.MPU6050_setSleepEnabled)
    MY_NVIC_Init                             0x080014d1   Thumb Code    50  timer.o(i.MY_NVIC_Init)
    MY_NVIC_PriorityGroupConfig              0x08001505   Thumb Code    26  timer.o(i.MY_NVIC_PriorityGroupConfig)
    MemManage_Handler                        0x08001529   Thumb Code     2  stm32f10x_it.o(i.MemManage_Handler)
    MiniBalance_PWM_Init                     0x0800152d   Thumb Code   134  timer.o(i.MiniBalance_PWM_Init)
    NMI_Handler                              0x080015c5   Thumb Code     2  stm32f10x_it.o(i.NMI_Handler)
    NVIC_Init                                0x080015c9   Thumb Code    94  misc.o(i.NVIC_Init)
    OLED_Clear                               0x0800162d   Thumb Code    40  oled.o(i.OLED_Clear)
    OLED_Init                                0x08001659   Thumb Code   330  oled.o(i.OLED_Init)
    OLED_Refresh_Gram                        0x080017c1   Thumb Code    70  oled.o(i.OLED_Refresh_Gram)
    OLED_WR_Byte                             0x0800180d   Thumb Code    90  oled.o(i.OLED_WR_Byte)
    PendSV_Handler                           0x08001875   Thumb Code     2  stm32f10x_it.o(i.PendSV_Handler)
    RCC_APB2PeriphClockCmd                   0x08001879   Thumb Code    18  stm32f10x_rcc.o(i.RCC_APB2PeriphClockCmd)
    RCC_GetClocksFreq                        0x08001891   Thumb Code   128  stm32f10x_rcc.o(i.RCC_GetClocksFreq)
    Report                                   0x08001921   Thumb Code    90  minibalance.o(i.Report)
    SVC_Handler                              0x0800198d   Thumb Code     2  stm32f10x_it.o(i.SVC_Handler)
    Set_Pwm                                  0x08001a39   Thumb Code   144  minibalance.o(i.Set_Pwm)
    SysTick_Handler                          0x08001ae1   Thumb Code     2  stm32f10x_it.o(i.SysTick_Handler)
    SystemInit                               0x08001ae5   Thumb Code    64  system_stm32f10x.o(i.SystemInit)
    TIM1_UP_TIM16_IRQHandler                 0x08001b35   Thumb Code    58  minibalance.o(i.TIM1_UP_TIM16_IRQHandler)
    TIM2_IRQHandler                          0x08001b7d   Thumb Code    16  timer.o(i.TIM2_IRQHandler)
    TIM4_IRQHandler                          0x08001b8d   Thumb Code    14  timer.o(i.TIM4_IRQHandler)
    Timer1_Init                              0x08001ba1   Thumb Code    62  timer.o(i.Timer1_Init)
    USART1_IRQHandler                        0x08001be9   Thumb Code   222  usart1.o(i.USART1_IRQHandler)
    USART1_ReportBattery                     0x08001cd9   Thumb Code    42  usart1.o(i.USART1_ReportBattery)
    USART1_ReportEncoder                     0x08001d15   Thumb Code    44  usart1.o(i.USART1_ReportEncoder)
    USART3_IRQHandler                        0x08001d59   Thumb Code   294  usart3.o(i.USART3_IRQHandler)
    USART_ClearFlag                          0x08001ec9   Thumb Code     6  stm32f10x_usart.o(i.USART_ClearFlag)
    USART_Cmd                                0x08001ecf   Thumb Code    20  stm32f10x_usart.o(i.USART_Cmd)
    USART_ITConfig                           0x08001ee3   Thumb Code    48  stm32f10x_usart.o(i.USART_ITConfig)
    USART_Init                               0x08001f15   Thumb Code   166  stm32f10x_usart.o(i.USART_Init)
    UsageFault_Handler                       0x08001fc1   Thumb Code     2  stm32f10x_it.o(i.UsageFault_Handler)
    __0printf                                0x08001fc5   Thumb Code    22  printfa.o(i.__0printf)
    __1printf                                0x08001fc5   Thumb Code     0  printfa.o(i.__0printf)
    __2printf                                0x08001fc5   Thumb Code     0  printfa.o(i.__0printf)
    __c89printf                              0x08001fc5   Thumb Code     0  printfa.o(i.__0printf)
    printf                                   0x08001fc5   Thumb Code     0  printfa.o(i.__0printf)
    __0sprintf                               0x08001fe5   Thumb Code    34  printfa.o(i.__0sprintf)
    __1sprintf                               0x08001fe5   Thumb Code     0  printfa.o(i.__0sprintf)
    __2sprintf                               0x08001fe5   Thumb Code     0  printfa.o(i.__0sprintf)
    __c89sprintf                             0x08001fe5   Thumb Code     0  printfa.o(i.__0sprintf)
    sprintf                                  0x08001fe5   Thumb Code     0  printfa.o(i.__0sprintf)
    __scatterload_copy                       0x0800200d   Thumb Code    14  handlers.o(i.__scatterload_copy)
    __scatterload_null                       0x0800201b   Thumb Code     2  handlers.o(i.__scatterload_null)
    __scatterload_zeroinit                   0x0800201d   Thumb Code    14  handlers.o(i.__scatterload_zeroinit)
    delay_init                               0x08002949   Thumb Code    38  delay.o(i.delay_init)
    delay_ms                                 0x08002975   Thumb Code    36  delay.o(i.delay_ms)
    delay_us                                 0x0800299d   Thumb Code    36  delay.o(i.delay_us)
    dmp_enable_6x_lp_quat                    0x080029c5   Thumb Code    58  inv_mpu_dmp_motion_driver.o(i.dmp_enable_6x_lp_quat)
    dmp_enable_feature                       0x08002a01   Thumb Code   464  inv_mpu_dmp_motion_driver.o(i.dmp_enable_feature)
    dmp_enable_gyro_cal                      0x08002bd9   Thumb Code    34  inv_mpu_dmp_motion_driver.o(i.dmp_enable_gyro_cal)
    dmp_enable_lp_quat                       0x08002c15   Thumb Code    58  inv_mpu_dmp_motion_driver.o(i.dmp_enable_lp_quat)
    dmp_load_motion_driver_firmware          0x08002c51   Thumb Code    16  inv_mpu_dmp_motion_driver.o(i.dmp_load_motion_driver_firmware)
    dmp_set_accel_bias                       0x08002c65   Thumb Code   210  inv_mpu_dmp_motion_driver.o(i.dmp_set_accel_bias)
    dmp_set_fifo_rate                        0x08002d3d   Thumb Code    82  inv_mpu_dmp_motion_driver.o(i.dmp_set_fifo_rate)
    dmp_set_gyro_bias                        0x08002da1   Thumb Code   196  inv_mpu_dmp_motion_driver.o(i.dmp_set_gyro_bias)
    dmp_set_orientation                      0x08002e6d   Thumb Code   246  inv_mpu_dmp_motion_driver.o(i.dmp_set_orientation)
    dmp_set_shake_reject_thresh              0x08002f79   Thumb Code    48  inv_mpu_dmp_motion_driver.o(i.dmp_set_shake_reject_thresh)
    dmp_set_shake_reject_time                0x08002fa9   Thumb Code    32  inv_mpu_dmp_motion_driver.o(i.dmp_set_shake_reject_time)
    dmp_set_shake_reject_timeout             0x08002fc9   Thumb Code    32  inv_mpu_dmp_motion_driver.o(i.dmp_set_shake_reject_timeout)
    dmp_set_tap_axes                         0x08002fe9   Thumb Code    64  inv_mpu_dmp_motion_driver.o(i.dmp_set_tap_axes)
    dmp_set_tap_count                        0x08003029   Thumb Code    34  inv_mpu_dmp_motion_driver.o(i.dmp_set_tap_count)
    dmp_set_tap_thresh                       0x0800304d   Thumb Code   274  inv_mpu_dmp_motion_driver.o(i.dmp_set_tap_thresh)
    dmp_set_tap_time                         0x08003175   Thumb Code    32  inv_mpu_dmp_motion_driver.o(i.dmp_set_tap_time)
    dmp_set_tap_time_multi                   0x08003195   Thumb Code    32  inv_mpu_dmp_motion_driver.o(i.dmp_set_tap_time_multi)
    fputc                                    0x080031b5   Thumb Code    16  usart1.o(i.fputc)
    i2cRead                                  0x0800365d   Thumb Code   112  ioi2c.o(i.i2cRead)
    i2cWrite                                 0x080036cd   Thumb Code    84  ioi2c.o(i.i2cWrite)
    led_init                                 0x08003769   Thumb Code    30  led.o(i.led_init)
    main                                     0x08003791   Thumb Code   116  main.o(i.main)
    mpu_configure_fifo                       0x08003809   Thumb Code    78  inv_mpu.o(i.mpu_configure_fifo)
    mpu_get_accel_fsr                        0x0800385d   Thumb Code    54  inv_mpu.o(i.mpu_get_accel_fsr)
    mpu_get_accel_sens                       0x08003899   Thumb Code    62  inv_mpu.o(i.mpu_get_accel_sens)
    mpu_get_gyro_fsr                         0x080038dd   Thumb Code    48  inv_mpu.o(i.mpu_get_gyro_fsr)
    mpu_get_gyro_sens                        0x08003911   Thumb Code    44  inv_mpu.o(i.mpu_get_gyro_sens)
    mpu_get_lpf                              0x08003951   Thumb Code    52  inv_mpu.o(i.mpu_get_lpf)
    mpu_get_sample_rate                      0x08003989   Thumb Code    22  inv_mpu.o(i.mpu_get_sample_rate)
    mpu_init                                 0x080039a5   Thumb Code   310  inv_mpu.o(i.mpu_init)
    mpu_load_firmware                        0x08003b2d   Thumb Code   154  inv_mpu.o(i.mpu_load_firmware)
    mpu_lp_accel_mode                        0x08003bcd   Thumb Code   178  inv_mpu.o(i.mpu_lp_accel_mode)
    mpu_read_mem                             0x08003c85   Thumb Code    80  inv_mpu.o(i.mpu_read_mem)
    mpu_reset_fifo                           0x08003cd9   Thumb Code   330  inv_mpu.o(i.mpu_reset_fifo)
    mpu_run_self_test                        0x08003e29   Thumb Code   234  inv_mpu.o(i.mpu_run_self_test)
    mpu_set_accel_fsr                        0x08003f19   Thumb Code    98  inv_mpu.o(i.mpu_set_accel_fsr)
    mpu_set_bypass                           0x08003f81   Thumb Code   214  inv_mpu.o(i.mpu_set_bypass)
    mpu_set_dmp_state                        0x0800405d   Thumb Code   114  inv_mpu.o(i.mpu_set_dmp_state)
    mpu_set_gyro_fsr                         0x080040d5   Thumb Code   104  inv_mpu.o(i.mpu_set_gyro_fsr)
    mpu_set_int_latched                      0x08004141   Thumb Code    94  inv_mpu.o(i.mpu_set_int_latched)
    mpu_set_lpf                              0x080041a5   Thumb Code   102  inv_mpu.o(i.mpu_set_lpf)
    mpu_set_sample_rate                      0x08004211   Thumb Code   124  inv_mpu.o(i.mpu_set_sample_rate)
    mpu_set_sensors                          0x08004291   Thumb Code   178  inv_mpu.o(i.mpu_set_sensors)
    mpu_write_mem                            0x08004349   Thumb Code    80  inv_mpu.o(i.mpu_write_mem)
    pid_velocity_weizhi                      0x0800439d   Thumb Code   332  minibalance.o(i.pid_velocity_weizhi)
    readEncoder                              0x0800451d   Thumb Code    52  minibalance.o(i.readEncoder)
    uart3_init                               0x08004659   Thumb Code   180  usart3.o(i.uart3_init)
    usart1_init                              0x0800471d   Thumb Code   164  usart1.o(i.usart1_init)
    hw                                       0x080047c8   Data          12  inv_mpu.o(.constdata)
    reg                                      0x080047d4   Data          27  inv_mpu.o(.constdata)
    test                                     0x080047f0   Data          40  inv_mpu.o(.constdata)
    Region$$Table$$Base                      0x08005460   Number         0  anon$$obj.o(Region$$Table)
    Region$$Table$$Limit                     0x08005480   Number         0  anon$$obj.o(Region$$Table)
    led_freq                                 0x20000000   Data           4  main.o(.data)
    report_flag                              0x20000004   Data           1  main.o(.data)
    MotoL                                    0x20000008   Data           4  main.o(.data)
    MotoR                                    0x2000000c   Data           4  main.o(.data)
    DesireL                                  0x20000010   Data           4  main.o(.data)
    DesireR                                  0x20000014   Data           4  main.o(.data)
    Stop                                     0x20000018   Data           1  main.o(.data)
    velocity_kp                              0x2000001c   Data           4  main.o(.data)
    velocity_ki                              0x20000020   Data           4  main.o(.data)
    velocity_kd                              0x20000024   Data           4  main.o(.data)
    DesireVelocity                           0x20000028   Data           4  main.o(.data)
    DesireAngVelo                            0x2000002c   Data           4  main.o(.data)
    Encoder_Left                             0x20000030   Data           4  main.o(.data)
    Encoder_Right                            0x20000034   Data           4  main.o(.data)
    Voltage                                  0x20000038   Data           4  main.o(.data)
    uart1_recv_buf                           0x20000060   Data          17  usart1.o(.data)
    uart1_send_buf                           0x20000071   Data          17  usart1.o(.data)
    sensors                                  0x200000b4   Data           2  mpu6050.o(.data)
    q0                                       0x200000b8   Data           4  mpu6050.o(.data)
    q1                                       0x200000bc   Data           4  mpu6050.o(.data)
    q2                                       0x200000c0   Data           4  mpu6050.o(.data)
    q3                                       0x200000c4   Data           4  mpu6050.o(.data)
    Pitch                                    0x200000c8   Data           4  mpu6050.o(.data)
    gyro                                     0x200000cc   Data           6  mpu6050.o(.data)
    accel                                    0x200000d2   Data           6  mpu6050.o(.data)
    __stdout                                 0x20000124   Data           4  stdout.o(.data)
    OLED_GRAM                                0x20000138   Data        1024  oled.o(.bss)
    __initial_sp                             0x20000938   Data           0  startup_stm32f10x_hd_vl.o(STACK)



==============================================================================

Memory Map of the image

  Image Entry point : 0x08000135

  Load Region LR_IROM1 (Base: 0x08000000, Size: 0x000055a8, Max: 0x00080000, ABSOLUTE)

    Execution Region ER_IROM1 (Base: 0x08000000, Size: 0x00005480, Max: 0x00080000, ABSOLUTE)

    Base Addr    Size         Type   Attr      Idx    E Section Name        Object

    0x08000000   0x00000134   Data   RO          877    RESET               startup_stm32f10x_hd_vl.o
    0x08000134   0x00000000   Code   RO         1987  * .ARM.Collect$$$$00000000  mc_w.l(entry.o)
    0x08000134   0x00000004   Code   RO         2317    .ARM.Collect$$$$00000001  mc_w.l(entry2.o)
    0x08000138   0x00000004   Code   RO         2320    .ARM.Collect$$$$00000004  mc_w.l(entry5.o)
    0x0800013c   0x00000000   Code   RO         2322    .ARM.Collect$$$$00000008  mc_w.l(entry7b.o)
    0x0800013c   0x00000000   Code   RO         2324    .ARM.Collect$$$$0000000A  mc_w.l(entry8b.o)
    0x0800013c   0x00000008   Code   RO         2325    .ARM.Collect$$$$0000000B  mc_w.l(entry9a.o)
    0x08000144   0x00000000   Code   RO         2327    .ARM.Collect$$$$0000000D  mc_w.l(entry10a.o)
    0x08000144   0x00000000   Code   RO         2329    .ARM.Collect$$$$0000000F  mc_w.l(entry11a.o)
    0x08000144   0x00000004   Code   RO         2318    .ARM.Collect$$$$00002712  mc_w.l(entry2.o)
    0x08000148   0x00000024   Code   RO          878    .text               startup_stm32f10x_hd_vl.o
    0x0800016c   0x00000062   Code   RO         1990    .text               mc_w.l(ldiv.o)
    0x080001ce   0x00000024   Code   RO         1992    .text               mc_w.l(memseta.o)
    0x080001f2   0x0000001a   Code   RO         1994    .text               mc_w.l(memcmp.o)
    0x0800020c   0x0000001e   Code   RO         1996    .text               mc_w.l(strncmp.o)
    0x0800022a   0x000000b0   Code   RO         2259    .text               mf_w.l(fadd.o)
    0x080002da   0x00000064   Code   RO         2261    .text               mf_w.l(fmul.o)
    0x0800033e   0x0000007c   Code   RO         2263    .text               mf_w.l(fdiv.o)
    0x080003ba   0x00000018   Code   RO         2265    .text               mf_w.l(fscalb.o)
    0x080003d2   0x0000014e   Code   RO         2267    .text               mf_w.l(dadd.o)
    0x08000520   0x000000e4   Code   RO         2269    .text               mf_w.l(dmul.o)
    0x08000604   0x000000de   Code   RO         2271    .text               mf_w.l(ddiv.o)
    0x080006e2   0x0000002e   Code   RO         2273    .text               mf_w.l(dscalb.o)
    0x08000710   0x00000012   Code   RO         2275    .text               mf_w.l(fflti.o)
    0x08000722   0x0000000a   Code   RO         2277    .text               mf_w.l(ffltui.o)
    0x0800072c   0x0000001a   Code   RO         2279    .text               mf_w.l(dfltui.o)
    0x08000746   0x00000032   Code   RO         2281    .text               mf_w.l(ffixi.o)
    0x08000778   0x00000028   Code   RO         2283    .text               mf_w.l(ffixui.o)
    0x080007a0   0x0000003e   Code   RO         2285    .text               mf_w.l(dfixi.o)
    0x080007de   0x0000002c   Code   RO         2332    .text               mc_w.l(uidiv.o)
    0x0800080a   0x00000062   Code   RO         2334    .text               mc_w.l(uldiv.o)
    0x0800086c   0x0000001e   Code   RO         2336    .text               mc_w.l(llshl.o)
    0x0800088a   0x00000020   Code   RO         2338    .text               mc_w.l(llushr.o)
    0x080008aa   0x00000024   Code   RO         2340    .text               mc_w.l(llsshr.o)
    0x080008ce   0x00000000   Code   RO         2349    .text               mc_w.l(iusefp.o)
    0x080008ce   0x0000006e   Code   RO         2350    .text               mf_w.l(fepilogue.o)
    0x0800093c   0x000000ba   Code   RO         2352    .text               mf_w.l(depilogue.o)
    0x080009f6   0x00000030   Code   RO         2354    .text               mf_w.l(dfixul.o)
    0x08000a26   0x00000002   PAD
    0x08000a28   0x00000030   Code   RO         2356    .text               mf_w.l(cdrcmple.o)
    0x08000a58   0x00000024   Code   RO         2358    .text               mc_w.l(init.o)
    0x08000a7c   0x000000e8   Code   RO         1831    i.Adc_Init          adc.o
    0x08000b64   0x00000002   Code   RO            1    i.BusFault_Handler  stm32f10x_it.o
    0x08000b66   0x00000002   PAD
    0x08000b68   0x00000220   Code   RO         1691    i.DMP_Init          mpu6050.o
    0x08000d88   0x00000002   Code   RO            2    i.DebugMon_Handler  stm32f10x_it.o
    0x08000d8a   0x00000002   PAD
    0x08000d8c   0x000000d4   Code   RO         1637    i.Encoder_Init      timer.o
    0x08000e60   0x000000b4   Code   RO         1638    i.Encoder_Init2     timer.o
    0x08000f14   0x000000a2   Code   RO          436    i.GPIO_Init         stm32f10x_gpio.o
    0x08000fb6   0x00000004   Code   RO          443    i.GPIO_ResetBits    stm32f10x_gpio.o
    0x08000fba   0x00000004   Code   RO          444    i.GPIO_SetBits      stm32f10x_gpio.o
    0x08000fbe   0x00000002   PAD
    0x08000fc0   0x00000034   Code   RO         1832    i.Get_Adc           adc.o
    0x08000ff4   0x00000054   Code   RO         1833    i.Get_battery_volt  adc.o
    0x08001048   0x00000002   Code   RO            3    i.HardFault_Handler  stm32f10x_it.o
    0x0800104a   0x0000003e   Code   RO         1433    i.I2C_ReadOneByte   ioi2c.o
    0x08001088   0x00000040   Code   RO         1434    i.IIC_Ack           ioi2c.o
    0x080010c8   0x0000002c   Code   RO         1435    i.IIC_Init          ioi2c.o
    0x080010f4   0x00000040   Code   RO         1436    i.IIC_NAck          ioi2c.o
    0x08001134   0x0000006c   Code   RO         1437    i.IIC_Read_Byte     ioi2c.o
    0x080011a0   0x00000060   Code   RO         1438    i.IIC_Send_Byte     ioi2c.o
    0x08001200   0x00000050   Code   RO         1439    i.IIC_Start         ioi2c.o
    0x08001250   0x00000040   Code   RO         1440    i.IIC_Stop          ioi2c.o
    0x08001290   0x00000058   Code   RO         1441    i.IIC_Wait_Ack      ioi2c.o
    0x080012e8   0x0000000e   Code   RO         1442    i.IICreadByte       ioi2c.o
    0x080012f6   0x00000032   Code   RO         1444    i.IICwriteBit       ioi2c.o
    0x08001328   0x00000054   Code   RO         1445    i.IICwriteBits      ioi2c.o
    0x0800137c   0x0000000c   Code   RO         1446    i.IICwriteByte      ioi2c.o
    0x08001388   0x00000044   Code   RO         1447    i.IICwriteBytes     ioi2c.o
    0x080013cc   0x00000028   Code   RO         1540    i.JTAG_Set          oled.o
    0x080013f4   0x00000028   Code   RO         1813    i.KEY_Init          key.o
    0x0800141c   0x00000030   Code   RO          882    i.Led_Flash         led.o
    0x0800144c   0x0000002a   Code   RO         1693    i.MPU6050_initialize  mpu6050.o
    0x08001476   0x00000012   Code   RO         1695    i.MPU6050_setClockSource  mpu6050.o
    0x08001488   0x00000012   Code   RO         1696    i.MPU6050_setFullScaleAccelRange  mpu6050.o
    0x0800149a   0x00000012   Code   RO         1697    i.MPU6050_setFullScaleGyroRange  mpu6050.o
    0x080014ac   0x0000000c   Code   RO         1698    i.MPU6050_setI2CBypassEnabled  mpu6050.o
    0x080014b8   0x0000000c   Code   RO         1699    i.MPU6050_setI2CMasterModeEnabled  mpu6050.o
    0x080014c4   0x0000000c   Code   RO         1700    i.MPU6050_setSleepEnabled  mpu6050.o
    0x080014d0   0x00000032   Code   RO         1639    i.MY_NVIC_Init      timer.o
    0x08001502   0x00000002   PAD
    0x08001504   0x00000024   Code   RO         1640    i.MY_NVIC_PriorityGroupConfig  timer.o
    0x08001528   0x00000002   Code   RO            4    i.MemManage_Handler  stm32f10x_it.o
    0x0800152a   0x00000002   PAD
    0x0800152c   0x00000098   Code   RO         1641    i.MiniBalance_PWM_Init  timer.o
    0x080015c4   0x00000002   Code   RO            5    i.NMI_Handler       stm32f10x_it.o
    0x080015c6   0x00000002   PAD
    0x080015c8   0x00000064   Code   RO          550    i.NVIC_Init         misc.o
    0x0800162c   0x0000002c   Code   RO         1541    i.OLED_Clear        oled.o
    0x08001658   0x00000168   Code   RO         1546    i.OLED_Init         oled.o
    0x080017c0   0x0000004c   Code   RO         1547    i.OLED_Refresh_Gram  oled.o
    0x0800180c   0x00000068   Code   RO         1552    i.OLED_WR_Byte      oled.o
    0x08001874   0x00000002   Code   RO            6    i.PendSV_Handler    stm32f10x_it.o
    0x08001876   0x00000002   PAD
    0x08001878   0x00000018   Code   RO          212    i.RCC_APB2PeriphClockCmd  stm32f10x_rcc.o
    0x08001890   0x00000090   Code   RO          220    i.RCC_GetClocksFreq  stm32f10x_rcc.o
    0x08001920   0x0000006c   Code   RO         1927    i.Report            minibalance.o
    0x0800198c   0x00000002   Code   RO            7    i.SVC_Handler       stm32f10x_it.o
    0x0800198e   0x00000002   PAD
    0x08001990   0x000000a8   Code   RO          840    i.SetSysClockTo72   system_stm32f10x.o
    0x08001a38   0x000000a8   Code   RO         1928    i.Set_Pwm           minibalance.o
    0x08001ae0   0x00000002   Code   RO            8    i.SysTick_Handler   stm32f10x_it.o
    0x08001ae2   0x00000002   PAD
    0x08001ae4   0x00000050   Code   RO          842    i.SystemInit        system_stm32f10x.o
    0x08001b34   0x00000048   Code   RO         1929    i.TIM1_UP_TIM16_IRQHandler  minibalance.o
    0x08001b7c   0x00000010   Code   RO         1642    i.TIM2_IRQHandler   timer.o
    0x08001b8c   0x00000014   Code   RO         1643    i.TIM4_IRQHandler   timer.o
    0x08001ba0   0x00000048   Code   RO         1644    i.Timer1_Init       timer.o
    0x08001be8   0x000000f0   Code   RO          905    i.USART1_IRQHandler  usart1.o
    0x08001cd8   0x0000003c   Code   RO          906    i.USART1_ReportBattery  usart1.o
    0x08001d14   0x00000044   Code   RO          907    i.USART1_ReportEncoder  usart1.o
    0x08001d58   0x00000170   Code   RO         1794    i.USART3_IRQHandler  usart3.o
    0x08001ec8   0x00000006   Code   RO          589    i.USART_ClearFlag   stm32f10x_usart.o
    0x08001ece   0x00000014   Code   RO          593    i.USART_Cmd         stm32f10x_usart.o
    0x08001ee2   0x00000030   Code   RO          599    i.USART_ITConfig    stm32f10x_usart.o
    0x08001f12   0x00000002   PAD
    0x08001f14   0x000000ac   Code   RO          600    i.USART_Init        stm32f10x_usart.o
    0x08001fc0   0x00000002   Code   RO            9    i.UsageFault_Handler  stm32f10x_it.o
    0x08001fc2   0x00000002   PAD
    0x08001fc4   0x00000020   Code   RO         2231    i.__0printf         mc_w.l(printfa.o)
    0x08001fe4   0x00000028   Code   RO         2233    i.__0sprintf        mc_w.l(printfa.o)
    0x0800200c   0x0000000e   Code   RO         2366    i.__scatterload_copy  mc_w.l(handlers.o)
    0x0800201a   0x00000002   Code   RO         2367    i.__scatterload_null  mc_w.l(handlers.o)
    0x0800201c   0x0000000e   Code   RO         2368    i.__scatterload_zeroinit  mc_w.l(handlers.o)
    0x0800202a   0x00000002   PAD
    0x0800202c   0x00000164   Code   RO         2238    i._fp_digits        mc_w.l(printfa.o)
    0x08002190   0x000006dc   Code   RO         2239    i._printf_core      mc_w.l(printfa.o)
    0x0800286c   0x00000024   Code   RO         2240    i._printf_post_padding  mc_w.l(printfa.o)
    0x08002890   0x0000002e   Code   RO         2241    i._printf_pre_padding  mc_w.l(printfa.o)
    0x080028be   0x0000000a   Code   RO         2243    i._sputc            mc_w.l(printfa.o)
    0x080028c8   0x00000080   Code   RO          982    i.accel_self_test   inv_mpu.o
    0x08002948   0x0000002c   Code   RO          950    i.delay_init        delay.o
    0x08002974   0x00000028   Code   RO          951    i.delay_ms          delay.o
    0x0800299c   0x00000028   Code   RO          952    i.delay_us          delay.o
    0x080029c4   0x0000003a   Code   RO         1266    i.dmp_enable_6x_lp_quat  inv_mpu_dmp_motion_driver.o
    0x080029fe   0x00000002   PAD
    0x08002a00   0x000001d8   Code   RO         1267    i.dmp_enable_feature  inv_mpu_dmp_motion_driver.o
    0x08002bd8   0x0000003c   Code   RO         1268    i.dmp_enable_gyro_cal  inv_mpu_dmp_motion_driver.o
    0x08002c14   0x0000003a   Code   RO         1269    i.dmp_enable_lp_quat  inv_mpu_dmp_motion_driver.o
    0x08002c4e   0x00000002   PAD
    0x08002c50   0x00000014   Code   RO         1274    i.dmp_load_motion_driver_firmware  inv_mpu_dmp_motion_driver.o
    0x08002c64   0x000000d8   Code   RO         1278    i.dmp_set_accel_bias  inv_mpu_dmp_motion_driver.o
    0x08002d3c   0x00000064   Code   RO         1279    i.dmp_set_fifo_rate  inv_mpu_dmp_motion_driver.o
    0x08002da0   0x000000cc   Code   RO         1280    i.dmp_set_gyro_bias  inv_mpu_dmp_motion_driver.o
    0x08002e6c   0x0000010c   Code   RO         1282    i.dmp_set_orientation  inv_mpu_dmp_motion_driver.o
    0x08002f78   0x00000030   Code   RO         1285    i.dmp_set_shake_reject_thresh  inv_mpu_dmp_motion_driver.o
    0x08002fa8   0x00000020   Code   RO         1286    i.dmp_set_shake_reject_time  inv_mpu_dmp_motion_driver.o
    0x08002fc8   0x00000020   Code   RO         1287    i.dmp_set_shake_reject_timeout  inv_mpu_dmp_motion_driver.o
    0x08002fe8   0x00000040   Code   RO         1288    i.dmp_set_tap_axes  inv_mpu_dmp_motion_driver.o
    0x08003028   0x00000022   Code   RO         1289    i.dmp_set_tap_count  inv_mpu_dmp_motion_driver.o
    0x0800304a   0x00000002   PAD
    0x0800304c   0x00000128   Code   RO         1290    i.dmp_set_tap_thresh  inv_mpu_dmp_motion_driver.o
    0x08003174   0x00000020   Code   RO         1291    i.dmp_set_tap_time  inv_mpu_dmp_motion_driver.o
    0x08003194   0x00000020   Code   RO         1292    i.dmp_set_tap_time_multi  inv_mpu_dmp_motion_driver.o
    0x080031b4   0x00000014   Code   RO          908    i.fputc             usart1.o
    0x080031c8   0x000000ac   Code   RO          983    i.get_accel_prod_shift  inv_mpu.o
    0x08003274   0x00000314   Code   RO          984    i.get_st_biases     inv_mpu.o
    0x08003588   0x000000d4   Code   RO          985    i.gyro_self_test    inv_mpu.o
    0x0800365c   0x00000070   Code   RO         1448    i.i2cRead           ioi2c.o
    0x080036cc   0x00000054   Code   RO         1449    i.i2cWrite          ioi2c.o
    0x08003720   0x00000048   Code   RO         1704    i.inv_row_2_scale   mpu6050.o
    0x08003768   0x00000028   Code   RO          883    i.led_init          led.o
    0x08003790   0x00000078   Code   RO           98    i.main              main.o
    0x08003808   0x00000054   Code   RO          986    i.mpu_configure_fifo  inv_mpu.o
    0x0800385c   0x0000003c   Code   RO          987    i.mpu_get_accel_fsr  inv_mpu.o
    0x08003898   0x00000044   Code   RO          989    i.mpu_get_accel_sens  inv_mpu.o
    0x080038dc   0x00000034   Code   RO          995    i.mpu_get_gyro_fsr  inv_mpu.o
    0x08003910   0x00000040   Code   RO          997    i.mpu_get_gyro_sens  inv_mpu.o
    0x08003950   0x00000038   Code   RO          999    i.mpu_get_lpf       inv_mpu.o
    0x08003988   0x0000001c   Code   RO         1001    i.mpu_get_sample_rate  inv_mpu.o
    0x080039a4   0x00000188   Code   RO         1003    i.mpu_init          inv_mpu.o
    0x08003b2c   0x000000a0   Code   RO         1004    i.mpu_load_firmware  inv_mpu.o
    0x08003bcc   0x000000b8   Code   RO         1005    i.mpu_lp_accel_mode  inv_mpu.o
    0x08003c84   0x00000054   Code   RO         1009    i.mpu_read_mem      inv_mpu.o
    0x08003cd8   0x00000150   Code   RO         1012    i.mpu_reset_fifo    inv_mpu.o
    0x08003e28   0x000000f0   Code   RO         1013    i.mpu_run_self_test  inv_mpu.o
    0x08003f18   0x00000068   Code   RO         1015    i.mpu_set_accel_fsr  inv_mpu.o
    0x08003f80   0x000000dc   Code   RO         1016    i.mpu_set_bypass    inv_mpu.o
    0x0800405c   0x00000078   Code   RO         1018    i.mpu_set_dmp_state  inv_mpu.o
    0x080040d4   0x0000006c   Code   RO         1019    i.mpu_set_gyro_fsr  inv_mpu.o
    0x08004140   0x00000064   Code   RO         1020    i.mpu_set_int_latched  inv_mpu.o
    0x080041a4   0x0000006c   Code   RO         1022    i.mpu_set_lpf       inv_mpu.o
    0x08004210   0x00000080   Code   RO         1023    i.mpu_set_sample_rate  inv_mpu.o
    0x08004290   0x000000b8   Code   RO         1024    i.mpu_set_sensors   inv_mpu.o
    0x08004348   0x00000054   Code   RO         1025    i.mpu_write_mem     inv_mpu.o
    0x0800439c   0x00000180   Code   RO         1930    i.pid_velocity_weizhi  minibalance.o
    0x0800451c   0x00000040   Code   RO         1932    i.readEncoder       minibalance.o
    0x0800455c   0x000000a4   Code   RO         1705    i.run_self_test     mpu6050.o
    0x08004600   0x00000058   Code   RO         1026    i.set_int_enable    inv_mpu.o
    0x08004658   0x000000c4   Code   RO         1795    i.uart3_init        usart3.o
    0x0800471c   0x000000ac   Code   RO          909    i.usart1_init       usart1.o
    0x080047c8   0x0000000c   Data   RO         1027    .constdata          inv_mpu.o
    0x080047d4   0x0000001b   Data   RO         1028    .constdata          inv_mpu.o
    0x080047ef   0x00000001   PAD
    0x080047f0   0x00000028   Data   RO         1029    .constdata          inv_mpu.o
    0x08004818   0x00000bf6   Data   RO         1294    .constdata          inv_mpu_dmp_motion_driver.o
    0x0800540e   0x00000002   PAD
    0x08005410   0x0000004e   Data   RO         1030    .conststring        inv_mpu.o
    0x0800545e   0x00000002   PAD
    0x08005460   0x00000020   Data   RO         2364    Region$$Table       anon$$obj.o


    Execution Region RW_IRAM1 (Base: 0x20000000, Size: 0x00000938, Max: 0x00010000, ABSOLUTE)

    Base Addr    Size         Type   Attr      Idx    E Section Name        Object

    0x20000000   0x00000004   Data   RW           99    .data               main.o
    0x20000004   0x00000001   Data   RW          100    .data               main.o
    0x20000005   0x00000003   PAD
    0x20000008   0x00000004   Data   RW          101    .data               main.o
    0x2000000c   0x00000004   Data   RW          102    .data               main.o
    0x20000010   0x00000004   Data   RW          103    .data               main.o
    0x20000014   0x00000004   Data   RW          104    .data               main.o
    0x20000018   0x00000001   Data   RW          105    .data               main.o
    0x20000019   0x00000003   PAD
    0x2000001c   0x00000004   Data   RW          106    .data               main.o
    0x20000020   0x00000004   Data   RW          107    .data               main.o
    0x20000024   0x00000004   Data   RW          108    .data               main.o
    0x20000028   0x00000004   Data   RW          109    .data               main.o
    0x2000002c   0x00000004   Data   RW          110    .data               main.o
    0x20000030   0x00000004   Data   RW          111    .data               main.o
    0x20000034   0x00000004   Data   RW          112    .data               main.o
    0x20000038   0x00000004   Data   RW          114    .data               main.o
    0x2000003c   0x00000014   Data   RW          240    .data               stm32f10x_rcc.o
    0x20000050   0x00000004   Data   RW          884    .data               led.o
    0x20000054   0x0000002e   Data   RW          911    .data               usart1.o
    0x20000082   0x00000004   Data   RW          954    .data               delay.o
    0x20000086   0x00000002   PAD
    0x20000088   0x0000002c   Data   RW         1031    .data               inv_mpu.o
    0x200000b4   0x0000002d   Data   RW         1707    .data               mpu6050.o
    0x200000e1   0x00000003   PAD
    0x200000e4   0x00000015   Data   RW         1796    .data               usart3.o
    0x200000f9   0x00000003   PAD
    0x200000fc   0x00000028   Data   RW         1934    .data               minibalance.o
    0x20000124   0x00000004   Data   RW         2331    .data               mc_w.l(stdout.o)
    0x20000128   0x00000010   Zero   RW         1293    .bss                inv_mpu_dmp_motion_driver.o
    0x20000138   0x00000400   Zero   RW         1554    .bss                oled.o
    0x20000538   0x00000400   Zero   RW          875    STACK               startup_stm32f10x_hd_vl.o


==============================================================================

Image component sizes


      Code (inc. data)   RO Data    RW Data    ZI Data      Debug   Object Name

       368         42          0          0          0       1604   adc.o
         0          0          0          0          0         32   core_cm3.o
       124         14          0          4          0       1743   delay.o
      4352        276        157         44          0      24050   inv_mpu.o
      2026        114       3062          0         16      17958   inv_mpu_dmp_motion_driver.o
      1094         70          0          0          0       9821   ioi2c.o
        40         10          0          0          0        455   key.o
        88         20          0          4          0        963   led.o
       120          4          0         54          0       2680   main.o
       796        120          0         40          0       4203   minibalance.o
       100          6          0          0          0       3004   misc.o
       912        370          0         45          0      22730   mpu6050.o
       624         64          0          0       1024       4274   oled.o
        36          8        308          0       1024        944   startup_stm32f10x_hd_vl.o
       170          0          0          0          0      20524   stm32f10x_gpio.o
        18          0          0          0          0     228206   stm32f10x_it.o
       168         22          0         20          0     216389   stm32f10x_rcc.o
       246          6          0          0          0      10556   stm32f10x_usart.o
       248         24          0          0          0       1621   system_stm32f10x.o
       738         68          0          0          0       4961   timer.o
       560         72          0         46          0       3800   usart1.o
       564         90          0         21          0       1449   usart3.o

    ----------------------------------------------------------------------
     13420       1400       3564        292       2064     581967   Object Totals
         0          0         32          0          0          0   (incl. Generated)
        28          0          5         14          0          0   (incl. Padding)

    ----------------------------------------------------------------------

      Code (inc. data)   RO Data    RW Data    ZI Data      Debug   Library Member Name

         0          0          0          0          0          0   entry.o
         0          0          0          0          0          0   entry10a.o
         0          0          0          0          0          0   entry11a.o
         8          4          0          0          0          0   entry2.o
         4          0          0          0          0          0   entry5.o
         0          0          0          0          0          0   entry7b.o
         0          0          0          0          0          0   entry8b.o
         8          4          0          0          0          0   entry9a.o
        30          0          0          0          0          0   handlers.o
        36          8          0          0          0         68   init.o
         0          0          0          0          0          0   iusefp.o
        98          0          0          0          0         84   ldiv.o
        30          0          0          0          0         68   llshl.o
        36          0          0          0          0         68   llsshr.o
        32          0          0          0          0         68   llushr.o
        26          0          0          0          0         80   memcmp.o
        36          0          0          0          0        108   memseta.o
      2276         96          0          0          0        596   printfa.o
         0          0          0          4          0          0   stdout.o
        30          0          0          0          0         80   strncmp.o
        44          0          0          0          0         80   uidiv.o
        98          0          0          0          0         92   uldiv.o
        48          0          0          0          0         68   cdrcmple.o
       334          0          0          0          0        148   dadd.o
       222          0          0          0          0        100   ddiv.o
       186          0          0          0          0        176   depilogue.o
        62          0          0          0          0         80   dfixi.o
        48          0          0          0          0         68   dfixul.o
        26          0          0          0          0         76   dfltui.o
       228          0          0          0          0         96   dmul.o
        46          0          0          0          0         80   dscalb.o
       176          0          0          0          0        140   fadd.o
       124          0          0          0          0         88   fdiv.o
       110          0          0          0          0        168   fepilogue.o
        50          0          0          0          0         68   ffixi.o
        40          0          0          0          0         68   ffixui.o
        18          0          0          0          0         68   fflti.o
        10          0          0          0          0         68   ffltui.o
       100          0          0          0          0         76   fmul.o
        24          0          0          0          0         68   fscalb.o

    ----------------------------------------------------------------------
      4648        112          0          4          0       3096   Library Totals
         4          0          0          0          0          0   (incl. Padding)

    ----------------------------------------------------------------------

      Code (inc. data)   RO Data    RW Data    ZI Data      Debug   Library Name

      2792        112          0          4          0       1392   mc_w.l
      1852          0          0          0          0       1704   mf_w.l

    ----------------------------------------------------------------------
      4648        112          0          4          0       3096   Library Totals

    ----------------------------------------------------------------------

==============================================================================


      Code (inc. data)   RO Data    RW Data    ZI Data      Debug   

     18068       1512       3564        296       2064     577051   Grand Totals
     18068       1512       3564        296       2064     577051   ELF Image Totals
     18068       1512       3564        296          0          0   ROM Totals

==============================================================================

    Total RO  Size (Code + RO Data)                21632 (  21.13kB)
    Total RW  Size (RW Data + ZI Data)              2360 (   2.30kB)
    Total ROM Size (Code + RO Data + RW Data)      21928 (  21.41kB)

==============================================================================

