Component: ARM Compiler 5.05 update 1 (build 106) Tool: armlink [4d0efa]

==============================================================================

Section Cross References

    main.o(i.main) refers to system_stm32f10x.o(i.SystemInit) for SystemInit
    main.o(i.main) refers to delay.o(i.delay_init) for delay_init
    main.o(i.main) refers to usart1.o(i.usart1_init) for usart1_init
    main.o(i.main) refers to usart3.o(i.uart3_init) for uart3_init
    main.o(i.main) refers to oled.o(i.JTAG_Set) for JTAG_Set
    main.o(i.main) refers to led.o(i.led_init) for led_init
    main.o(i.main) refers to key.o(i.KEY_Init) for KEY_Init
    main.o(i.main) refers to adc.o(i.Adc_Init) for Adc_Init
    main.o(i.main) refers to timer.o(i.MiniBalance_PWM_Init) for MiniBalance_PWM_Init
    main.o(i.main) refers to oled.o(i.OLED_Init) for OLED_Init
    main.o(i.main) refers to timer.o(i.Encoder_Init) for Encoder_Init
    main.o(i.main) refers to timer.o(i.Encoder_Init2) for Encoder_Init2
    main.o(i.main) refers to delay.o(i.delay_ms) for delay_ms
    main.o(i.main) refers to ioi2c.o(i.IIC_Init) for IIC_Init
    main.o(i.main) refers to mpu6050.o(i.MPU6050_initialize) for MPU6050_initialize
    main.o(i.main) refers to mpu6050.o(i.DMP_Init) for DMP_Init
    main.o(i.main) refers to timer.o(i.Timer1_Init) for Timer1_Init
    main.o(i.main) refers to show.o(i.DataScope) for DataScope
    stm32f10x_rcc.o(i.RCC_GetClocksFreq) refers to stm32f10x_rcc.o(.data) for .data
    stm32f10x_rcc.o(i.RCC_WaitForHSEStartUp) refers to stm32f10x_rcc.o(i.RCC_GetFlagStatus) for RCC_GetFlagStatus
    stm32f10x_gpio.o(i.GPIO_AFIODeInit) refers to stm32f10x_rcc.o(i.RCC_APB2PeriphResetCmd) for RCC_APB2PeriphResetCmd
    stm32f10x_gpio.o(i.GPIO_DeInit) refers to stm32f10x_rcc.o(i.RCC_APB2PeriphResetCmd) for RCC_APB2PeriphResetCmd
    stm32f10x_usart.o(i.USART_DeInit) refers to stm32f10x_rcc.o(i.RCC_APB2PeriphResetCmd) for RCC_APB2PeriphResetCmd
    stm32f10x_usart.o(i.USART_DeInit) refers to stm32f10x_rcc.o(i.RCC_APB1PeriphResetCmd) for RCC_APB1PeriphResetCmd
    stm32f10x_usart.o(i.USART_Init) refers to stm32f10x_rcc.o(i.RCC_GetClocksFreq) for RCC_GetClocksFreq
    system_stm32f10x.o(i.SystemCoreClockUpdate) refers to system_stm32f10x.o(.data) for .data
    system_stm32f10x.o(i.SystemInit) refers to system_stm32f10x.o(i.SetSysClockTo72) for SetSysClockTo72
    startup_stm32f10x_hd_vl.o(RESET) refers to startup_stm32f10x_hd_vl.o(STACK) for __initial_sp
    startup_stm32f10x_hd_vl.o(RESET) refers to startup_stm32f10x_hd_vl.o(.text) for Reset_Handler
    startup_stm32f10x_hd_vl.o(RESET) refers to stm32f10x_it.o(i.NMI_Handler) for NMI_Handler
    startup_stm32f10x_hd_vl.o(RESET) refers to stm32f10x_it.o(i.HardFault_Handler) for HardFault_Handler
    startup_stm32f10x_hd_vl.o(RESET) refers to stm32f10x_it.o(i.MemManage_Handler) for MemManage_Handler
    startup_stm32f10x_hd_vl.o(RESET) refers to stm32f10x_it.o(i.BusFault_Handler) for BusFault_Handler
    startup_stm32f10x_hd_vl.o(RESET) refers to stm32f10x_it.o(i.UsageFault_Handler) for UsageFault_Handler
    startup_stm32f10x_hd_vl.o(RESET) refers to stm32f10x_it.o(i.SVC_Handler) for SVC_Handler
    startup_stm32f10x_hd_vl.o(RESET) refers to stm32f10x_it.o(i.DebugMon_Handler) for DebugMon_Handler
    startup_stm32f10x_hd_vl.o(RESET) refers to stm32f10x_it.o(i.PendSV_Handler) for PendSV_Handler
    startup_stm32f10x_hd_vl.o(RESET) refers to stm32f10x_it.o(i.SysTick_Handler) for SysTick_Handler
    startup_stm32f10x_hd_vl.o(RESET) refers to minibalance.o(i.TIM1_UP_TIM16_IRQHandler) for TIM1_UP_TIM16_IRQHandler
    startup_stm32f10x_hd_vl.o(RESET) refers to timer.o(i.TIM2_IRQHandler) for TIM2_IRQHandler
    startup_stm32f10x_hd_vl.o(RESET) refers to timer.o(i.TIM4_IRQHandler) for TIM4_IRQHandler
    startup_stm32f10x_hd_vl.o(RESET) refers to usart1.o(i.USART1_IRQHandler) for USART1_IRQHandler
    startup_stm32f10x_hd_vl.o(RESET) refers to usart3.o(i.USART3_IRQHandler) for USART3_IRQHandler
    startup_stm32f10x_hd_vl.o(.text) refers to system_stm32f10x.o(i.SystemInit) for SystemInit
    startup_stm32f10x_hd_vl.o(.text) refers to entry.o(.ARM.Collect$$$$00000000) for __main
    led.o(i.Led_Flash) refers to led.o(.data) for .data
    usart1.o(i.USART1_IRQHandler) refers to stm32f10x_usart.o(i.USART_GetITStatus) for USART_GetITStatus
    usart1.o(i.USART1_IRQHandler) refers to usart1.o(i.usart1_receive) for usart1_receive
    usart1.o(i.usart1_init) refers to stm32f10x_rcc.o(i.RCC_APB2PeriphClockCmd) for RCC_APB2PeriphClockCmd
    usart1.o(i.usart1_init) refers to stm32f10x_gpio.o(i.GPIO_Init) for GPIO_Init
    usart1.o(i.usart1_init) refers to stm32f10x_usart.o(i.USART_Init) for USART_Init
    usart1.o(i.usart1_init) refers to stm32f10x_usart.o(i.USART_ClearFlag) for USART_ClearFlag
    usart1.o(i.usart1_init) refers to stm32f10x_usart.o(i.USART_ITConfig) for USART_ITConfig
    usart1.o(i.usart1_init) refers to stm32f10x_usart.o(i.USART_Cmd) for USART_Cmd
    usart1.o(i.usart1_init) refers to misc.o(i.NVIC_Init) for NVIC_Init
    delay.o(i.delay_init) refers to delay.o(.data) for .data
    delay.o(i.delay_ms) refers to delay.o(.data) for .data
    delay.o(i.delay_us) refers to delay.o(.data) for .data
    inv_mpu.o(i.accel_self_test) refers to inv_mpu.o(i.get_accel_prod_shift) for get_accel_prod_shift
    inv_mpu.o(i.accel_self_test) refers to fflti.o(.text) for __aeabi_i2f
    inv_mpu.o(i.accel_self_test) refers to fscalb.o(.text) for __ARM_scalbnf
    inv_mpu.o(i.accel_self_test) refers to fdiv.o(.text) for __aeabi_fdiv
    inv_mpu.o(i.accel_self_test) refers to fadd.o(.text) for __aeabi_fsub
    inv_mpu.o(i.get_accel_prod_shift) refers to ioi2c.o(i.i2cRead) for i2cRead
    inv_mpu.o(i.get_accel_prod_shift) refers to fmul.o(.text) for __aeabi_fmul
    inv_mpu.o(i.get_accel_prod_shift) refers to inv_mpu.o(.data) for .data
    inv_mpu.o(i.get_st_biases) refers to ioi2c.o(i.i2cWrite) for i2cWrite
    inv_mpu.o(i.get_st_biases) refers to delay.o(i.delay_ms) for delay_ms
    inv_mpu.o(i.get_st_biases) refers to ioi2c.o(i.i2cRead) for i2cRead
    inv_mpu.o(i.get_st_biases) refers to ldiv.o(.text) for __aeabi_ldivmod
    inv_mpu.o(i.get_st_biases) refers to inv_mpu.o(.data) for .data
    inv_mpu.o(i.gyro_self_test) refers to ioi2c.o(i.i2cRead) for i2cRead
    inv_mpu.o(i.gyro_self_test) refers to fflti.o(.text) for __aeabi_i2f
    inv_mpu.o(i.gyro_self_test) refers to fscalb.o(.text) for __ARM_scalbnf
    inv_mpu.o(i.gyro_self_test) refers to fmul.o(.text) for __aeabi_fmul
    inv_mpu.o(i.gyro_self_test) refers to fdiv.o(.text) for __aeabi_fdiv
    inv_mpu.o(i.gyro_self_test) refers to fadd.o(.text) for __aeabi_fsub
    inv_mpu.o(i.gyro_self_test) refers to inv_mpu.o(.data) for .data
    inv_mpu.o(i.mpu_configure_fifo) refers to inv_mpu.o(i.set_int_enable) for set_int_enable
    inv_mpu.o(i.mpu_configure_fifo) refers to inv_mpu.o(i.mpu_reset_fifo) for mpu_reset_fifo
    inv_mpu.o(i.mpu_configure_fifo) refers to inv_mpu.o(.data) for .data
    inv_mpu.o(i.mpu_get_accel_fsr) refers to inv_mpu.o(.data) for .data
    inv_mpu.o(i.mpu_get_accel_reg) refers to ioi2c.o(i.i2cRead) for i2cRead
    inv_mpu.o(i.mpu_get_accel_reg) refers to inv_mpu.o(.data) for .data
    inv_mpu.o(i.mpu_get_accel_sens) refers to inv_mpu.o(.data) for .data
    inv_mpu.o(i.mpu_get_dmp_state) refers to inv_mpu.o(.data) for .data
    inv_mpu.o(i.mpu_get_fifo_config) refers to inv_mpu.o(.data) for .data
    inv_mpu.o(i.mpu_get_gyro_fsr) refers to inv_mpu.o(.data) for .data
    inv_mpu.o(i.mpu_get_gyro_reg) refers to ioi2c.o(i.i2cRead) for i2cRead
    inv_mpu.o(i.mpu_get_gyro_reg) refers to inv_mpu.o(.data) for .data
    inv_mpu.o(i.mpu_get_gyro_sens) refers to inv_mpu.o(.data) for .data
    inv_mpu.o(i.mpu_get_int_status) refers to ioi2c.o(i.i2cRead) for i2cRead
    inv_mpu.o(i.mpu_get_int_status) refers to inv_mpu.o(.data) for .data
    inv_mpu.o(i.mpu_get_lpf) refers to inv_mpu.o(.data) for .data
    inv_mpu.o(i.mpu_get_power_state) refers to inv_mpu.o(.data) for .data
    inv_mpu.o(i.mpu_get_sample_rate) refers to inv_mpu.o(.data) for .data
    inv_mpu.o(i.mpu_get_temperature) refers to ioi2c.o(i.i2cRead) for i2cRead
    inv_mpu.o(i.mpu_get_temperature) refers to ffltui.o(.text) for __aeabi_ui2f
    inv_mpu.o(i.mpu_get_temperature) refers to fflti.o(.text) for __aeabi_i2f
    inv_mpu.o(i.mpu_get_temperature) refers to fadd.o(.text) for __aeabi_fsub
    inv_mpu.o(i.mpu_get_temperature) refers to fdiv.o(.text) for __aeabi_fdiv
    inv_mpu.o(i.mpu_get_temperature) refers to fscalb.o(.text) for __ARM_scalbnf
    inv_mpu.o(i.mpu_get_temperature) refers to ffixi.o(.text) for __aeabi_f2iz
    inv_mpu.o(i.mpu_get_temperature) refers to inv_mpu.o(.data) for .data
    inv_mpu.o(i.mpu_init) refers to ioi2c.o(i.i2cWrite) for i2cWrite
    inv_mpu.o(i.mpu_init) refers to delay.o(i.delay_ms) for delay_ms
    inv_mpu.o(i.mpu_init) refers to ioi2c.o(i.i2cRead) for i2cRead
    inv_mpu.o(i.mpu_init) refers to printfa.o(i.__0printf) for __2printf
    inv_mpu.o(i.mpu_init) refers to inv_mpu.o(i.mpu_set_gyro_fsr) for mpu_set_gyro_fsr
    inv_mpu.o(i.mpu_init) refers to inv_mpu.o(i.mpu_set_accel_fsr) for mpu_set_accel_fsr
    inv_mpu.o(i.mpu_init) refers to inv_mpu.o(i.mpu_set_lpf) for mpu_set_lpf
    inv_mpu.o(i.mpu_init) refers to inv_mpu.o(i.mpu_set_sample_rate) for mpu_set_sample_rate
    inv_mpu.o(i.mpu_init) refers to inv_mpu.o(i.mpu_configure_fifo) for mpu_configure_fifo
    inv_mpu.o(i.mpu_init) refers to inv_mpu.o(i.mpu_set_bypass) for mpu_set_bypass
    inv_mpu.o(i.mpu_init) refers to inv_mpu.o(i.mpu_set_sensors) for mpu_set_sensors
    inv_mpu.o(i.mpu_init) refers to inv_mpu.o(.data) for .data
    inv_mpu.o(i.mpu_init) refers to inv_mpu.o(.conststring) for .conststring
    inv_mpu.o(i.mpu_load_firmware) refers to inv_mpu.o(i.mpu_write_mem) for mpu_write_mem
    inv_mpu.o(i.mpu_load_firmware) refers to inv_mpu.o(i.mpu_read_mem) for mpu_read_mem
    inv_mpu.o(i.mpu_load_firmware) refers to memcmp.o(.text) for memcmp
    inv_mpu.o(i.mpu_load_firmware) refers to ioi2c.o(i.i2cWrite) for i2cWrite
    inv_mpu.o(i.mpu_load_firmware) refers to inv_mpu.o(.data) for .data
    inv_mpu.o(i.mpu_lp_accel_mode) refers to inv_mpu.o(i.mpu_set_int_latched) for mpu_set_int_latched
    inv_mpu.o(i.mpu_lp_accel_mode) refers to ioi2c.o(i.i2cWrite) for i2cWrite
    inv_mpu.o(i.mpu_lp_accel_mode) refers to inv_mpu.o(i.mpu_set_lpf) for mpu_set_lpf
    inv_mpu.o(i.mpu_lp_accel_mode) refers to inv_mpu.o(i.mpu_configure_fifo) for mpu_configure_fifo
    inv_mpu.o(i.mpu_lp_accel_mode) refers to inv_mpu.o(.data) for .data
    inv_mpu.o(i.mpu_lp_motion_interrupt) refers to inv_mpu.o(i.mpu_set_dmp_state) for mpu_set_dmp_state
    inv_mpu.o(i.mpu_lp_motion_interrupt) refers to inv_mpu.o(i.mpu_get_gyro_fsr) for mpu_get_gyro_fsr
    inv_mpu.o(i.mpu_lp_motion_interrupt) refers to inv_mpu.o(i.mpu_get_accel_fsr) for mpu_get_accel_fsr
    inv_mpu.o(i.mpu_lp_motion_interrupt) refers to inv_mpu.o(i.mpu_get_lpf) for mpu_get_lpf
    inv_mpu.o(i.mpu_lp_motion_interrupt) refers to inv_mpu.o(i.mpu_get_sample_rate) for mpu_get_sample_rate
    inv_mpu.o(i.mpu_lp_motion_interrupt) refers to inv_mpu.o(i.set_int_enable) for set_int_enable
    inv_mpu.o(i.mpu_lp_motion_interrupt) refers to inv_mpu.o(i.mpu_lp_accel_mode) for mpu_lp_accel_mode
    inv_mpu.o(i.mpu_lp_motion_interrupt) refers to ioi2c.o(i.i2cWrite) for i2cWrite
    inv_mpu.o(i.mpu_lp_motion_interrupt) refers to delay.o(i.delay_ms) for delay_ms
    inv_mpu.o(i.mpu_lp_motion_interrupt) refers to inv_mpu.o(i.mpu_set_sensors) for mpu_set_sensors
    inv_mpu.o(i.mpu_lp_motion_interrupt) refers to inv_mpu.o(i.mpu_set_gyro_fsr) for mpu_set_gyro_fsr
    inv_mpu.o(i.mpu_lp_motion_interrupt) refers to inv_mpu.o(i.mpu_set_accel_fsr) for mpu_set_accel_fsr
    inv_mpu.o(i.mpu_lp_motion_interrupt) refers to inv_mpu.o(i.mpu_set_lpf) for mpu_set_lpf
    inv_mpu.o(i.mpu_lp_motion_interrupt) refers to inv_mpu.o(i.mpu_set_sample_rate) for mpu_set_sample_rate
    inv_mpu.o(i.mpu_lp_motion_interrupt) refers to inv_mpu.o(i.mpu_configure_fifo) for mpu_configure_fifo
    inv_mpu.o(i.mpu_lp_motion_interrupt) refers to inv_mpu.o(.data) for .data
    inv_mpu.o(i.mpu_read_fifo) refers to ioi2c.o(i.i2cRead) for i2cRead
    inv_mpu.o(i.mpu_read_fifo) refers to inv_mpu.o(i.mpu_reset_fifo) for mpu_reset_fifo
    inv_mpu.o(i.mpu_read_fifo) refers to inv_mpu.o(.data) for .data
    inv_mpu.o(i.mpu_read_fifo_stream) refers to ioi2c.o(i.i2cRead) for i2cRead
    inv_mpu.o(i.mpu_read_fifo_stream) refers to inv_mpu.o(i.mpu_reset_fifo) for mpu_reset_fifo
    inv_mpu.o(i.mpu_read_fifo_stream) refers to inv_mpu.o(.data) for .data
    inv_mpu.o(i.mpu_read_mem) refers to ioi2c.o(i.i2cWrite) for i2cWrite
    inv_mpu.o(i.mpu_read_mem) refers to ioi2c.o(i.i2cRead) for i2cRead
    inv_mpu.o(i.mpu_read_mem) refers to inv_mpu.o(.data) for .data
    inv_mpu.o(i.mpu_read_reg) refers to ioi2c.o(i.i2cRead) for i2cRead
    inv_mpu.o(i.mpu_read_reg) refers to inv_mpu.o(.data) for .data
    inv_mpu.o(i.mpu_reg_dump) refers to ioi2c.o(i.i2cRead) for i2cRead
    inv_mpu.o(i.mpu_reg_dump) refers to inv_mpu.o(.data) for .data
    inv_mpu.o(i.mpu_reset_fifo) refers to ioi2c.o(i.i2cWrite) for i2cWrite
    inv_mpu.o(i.mpu_reset_fifo) refers to inv_mpu.o(.data) for .data
    inv_mpu.o(i.mpu_run_self_test) refers to inv_mpu.o(i.mpu_set_dmp_state) for mpu_set_dmp_state
    inv_mpu.o(i.mpu_run_self_test) refers to inv_mpu.o(i.mpu_get_gyro_fsr) for mpu_get_gyro_fsr
    inv_mpu.o(i.mpu_run_self_test) refers to inv_mpu.o(i.mpu_get_accel_fsr) for mpu_get_accel_fsr
    inv_mpu.o(i.mpu_run_self_test) refers to inv_mpu.o(i.mpu_get_lpf) for mpu_get_lpf
    inv_mpu.o(i.mpu_run_self_test) refers to inv_mpu.o(i.mpu_get_sample_rate) for mpu_get_sample_rate
    inv_mpu.o(i.mpu_run_self_test) refers to inv_mpu.o(i.get_st_biases) for get_st_biases
    inv_mpu.o(i.mpu_run_self_test) refers to inv_mpu.o(i.accel_self_test) for accel_self_test
    inv_mpu.o(i.mpu_run_self_test) refers to inv_mpu.o(i.gyro_self_test) for gyro_self_test
    inv_mpu.o(i.mpu_run_self_test) refers to inv_mpu.o(i.mpu_set_gyro_fsr) for mpu_set_gyro_fsr
    inv_mpu.o(i.mpu_run_self_test) refers to inv_mpu.o(i.mpu_set_accel_fsr) for mpu_set_accel_fsr
    inv_mpu.o(i.mpu_run_self_test) refers to inv_mpu.o(i.mpu_set_lpf) for mpu_set_lpf
    inv_mpu.o(i.mpu_run_self_test) refers to inv_mpu.o(i.mpu_set_sample_rate) for mpu_set_sample_rate
    inv_mpu.o(i.mpu_run_self_test) refers to inv_mpu.o(i.mpu_set_sensors) for mpu_set_sensors
    inv_mpu.o(i.mpu_run_self_test) refers to inv_mpu.o(i.mpu_configure_fifo) for mpu_configure_fifo
    inv_mpu.o(i.mpu_run_self_test) refers to inv_mpu.o(.data) for .data
    inv_mpu.o(i.mpu_set_accel_bias) refers to ioi2c.o(i.i2cRead) for i2cRead
    inv_mpu.o(i.mpu_set_accel_bias) refers to ioi2c.o(i.i2cWrite) for i2cWrite
    inv_mpu.o(i.mpu_set_accel_bias) refers to inv_mpu.o(.data) for .data
    inv_mpu.o(i.mpu_set_accel_fsr) refers to ioi2c.o(i.i2cWrite) for i2cWrite
    inv_mpu.o(i.mpu_set_accel_fsr) refers to inv_mpu.o(.data) for .data
    inv_mpu.o(i.mpu_set_bypass) refers to ioi2c.o(i.i2cRead) for i2cRead
    inv_mpu.o(i.mpu_set_bypass) refers to ioi2c.o(i.i2cWrite) for i2cWrite
    inv_mpu.o(i.mpu_set_bypass) refers to delay.o(i.delay_ms) for delay_ms
    inv_mpu.o(i.mpu_set_bypass) refers to inv_mpu.o(.data) for .data
    inv_mpu.o(i.mpu_set_dmp_state) refers to inv_mpu.o(i.set_int_enable) for set_int_enable
    inv_mpu.o(i.mpu_set_dmp_state) refers to inv_mpu.o(i.mpu_set_bypass) for mpu_set_bypass
    inv_mpu.o(i.mpu_set_dmp_state) refers to inv_mpu.o(i.mpu_set_sample_rate) for mpu_set_sample_rate
    inv_mpu.o(i.mpu_set_dmp_state) refers to ioi2c.o(i.i2cWrite) for i2cWrite
    inv_mpu.o(i.mpu_set_dmp_state) refers to inv_mpu.o(i.mpu_reset_fifo) for mpu_reset_fifo
    inv_mpu.o(i.mpu_set_dmp_state) refers to inv_mpu.o(.data) for .data
    inv_mpu.o(i.mpu_set_gyro_fsr) refers to ioi2c.o(i.i2cWrite) for i2cWrite
    inv_mpu.o(i.mpu_set_gyro_fsr) refers to inv_mpu.o(.data) for .data
    inv_mpu.o(i.mpu_set_int_latched) refers to ioi2c.o(i.i2cWrite) for i2cWrite
    inv_mpu.o(i.mpu_set_int_latched) refers to inv_mpu.o(.data) for .data
    inv_mpu.o(i.mpu_set_int_level) refers to inv_mpu.o(.data) for .data
    inv_mpu.o(i.mpu_set_lpf) refers to ioi2c.o(i.i2cWrite) for i2cWrite
    inv_mpu.o(i.mpu_set_lpf) refers to inv_mpu.o(.data) for .data
    inv_mpu.o(i.mpu_set_sample_rate) refers to inv_mpu.o(i.mpu_lp_accel_mode) for mpu_lp_accel_mode
    inv_mpu.o(i.mpu_set_sample_rate) refers to ioi2c.o(i.i2cWrite) for i2cWrite
    inv_mpu.o(i.mpu_set_sample_rate) refers to inv_mpu.o(i.mpu_set_lpf) for mpu_set_lpf
    inv_mpu.o(i.mpu_set_sample_rate) refers to inv_mpu.o(.data) for .data
    inv_mpu.o(i.mpu_set_sensors) refers to ioi2c.o(i.i2cWrite) for i2cWrite
    inv_mpu.o(i.mpu_set_sensors) refers to inv_mpu.o(i.mpu_set_int_latched) for mpu_set_int_latched
    inv_mpu.o(i.mpu_set_sensors) refers to delay.o(i.delay_ms) for delay_ms
    inv_mpu.o(i.mpu_set_sensors) refers to inv_mpu.o(.data) for .data
    inv_mpu.o(i.mpu_write_mem) refers to ioi2c.o(i.i2cWrite) for i2cWrite
    inv_mpu.o(i.mpu_write_mem) refers to inv_mpu.o(.data) for .data
    inv_mpu.o(i.set_int_enable) refers to ioi2c.o(i.i2cWrite) for i2cWrite
    inv_mpu.o(i.set_int_enable) refers to inv_mpu.o(.data) for .data
    inv_mpu.o(.data) refers to inv_mpu.o(.constdata) for reg
    inv_mpu.o(.data) refers to inv_mpu.o(.constdata) for hw
    inv_mpu.o(.data) refers to inv_mpu.o(.constdata) for test
    inv_mpu_dmp_motion_driver.o(i.dmp_enable_6x_lp_quat) refers to memseta.o(.text) for __aeabi_memset
    inv_mpu_dmp_motion_driver.o(i.dmp_enable_6x_lp_quat) refers to inv_mpu.o(i.mpu_write_mem) for mpu_write_mem
    inv_mpu_dmp_motion_driver.o(i.dmp_enable_6x_lp_quat) refers to inv_mpu.o(i.mpu_reset_fifo) for mpu_reset_fifo
    inv_mpu_dmp_motion_driver.o(i.dmp_enable_feature) refers to inv_mpu.o(i.mpu_write_mem) for mpu_write_mem
    inv_mpu_dmp_motion_driver.o(i.dmp_enable_feature) refers to inv_mpu_dmp_motion_driver.o(i.dmp_enable_gyro_cal) for dmp_enable_gyro_cal
    inv_mpu_dmp_motion_driver.o(i.dmp_enable_feature) refers to inv_mpu_dmp_motion_driver.o(i.dmp_set_tap_thresh) for dmp_set_tap_thresh
    inv_mpu_dmp_motion_driver.o(i.dmp_enable_feature) refers to inv_mpu_dmp_motion_driver.o(i.dmp_set_tap_axes) for dmp_set_tap_axes
    inv_mpu_dmp_motion_driver.o(i.dmp_enable_feature) refers to inv_mpu_dmp_motion_driver.o(i.dmp_set_tap_count) for dmp_set_tap_count
    inv_mpu_dmp_motion_driver.o(i.dmp_enable_feature) refers to inv_mpu_dmp_motion_driver.o(i.dmp_set_tap_time) for dmp_set_tap_time
    inv_mpu_dmp_motion_driver.o(i.dmp_enable_feature) refers to inv_mpu_dmp_motion_driver.o(i.dmp_set_tap_time_multi) for dmp_set_tap_time_multi
    inv_mpu_dmp_motion_driver.o(i.dmp_enable_feature) refers to inv_mpu_dmp_motion_driver.o(i.dmp_set_shake_reject_thresh) for dmp_set_shake_reject_thresh
    inv_mpu_dmp_motion_driver.o(i.dmp_enable_feature) refers to inv_mpu_dmp_motion_driver.o(i.dmp_set_shake_reject_time) for dmp_set_shake_reject_time
    inv_mpu_dmp_motion_driver.o(i.dmp_enable_feature) refers to inv_mpu_dmp_motion_driver.o(i.dmp_set_shake_reject_timeout) for dmp_set_shake_reject_timeout
    inv_mpu_dmp_motion_driver.o(i.dmp_enable_feature) refers to inv_mpu_dmp_motion_driver.o(i.dmp_enable_lp_quat) for dmp_enable_lp_quat
    inv_mpu_dmp_motion_driver.o(i.dmp_enable_feature) refers to inv_mpu_dmp_motion_driver.o(i.dmp_enable_6x_lp_quat) for dmp_enable_6x_lp_quat
    inv_mpu_dmp_motion_driver.o(i.dmp_enable_feature) refers to inv_mpu.o(i.mpu_reset_fifo) for mpu_reset_fifo
    inv_mpu_dmp_motion_driver.o(i.dmp_enable_feature) refers to inv_mpu_dmp_motion_driver.o(.bss) for .bss
    inv_mpu_dmp_motion_driver.o(i.dmp_enable_gyro_cal) refers to inv_mpu.o(i.mpu_write_mem) for mpu_write_mem
    inv_mpu_dmp_motion_driver.o(i.dmp_enable_lp_quat) refers to memseta.o(.text) for __aeabi_memset
    inv_mpu_dmp_motion_driver.o(i.dmp_enable_lp_quat) refers to inv_mpu.o(i.mpu_write_mem) for mpu_write_mem
    inv_mpu_dmp_motion_driver.o(i.dmp_enable_lp_quat) refers to inv_mpu.o(i.mpu_reset_fifo) for mpu_reset_fifo
    inv_mpu_dmp_motion_driver.o(i.dmp_get_enabled_features) refers to inv_mpu_dmp_motion_driver.o(.bss) for .bss
    inv_mpu_dmp_motion_driver.o(i.dmp_get_fifo_rate) refers to inv_mpu_dmp_motion_driver.o(.bss) for .bss
    inv_mpu_dmp_motion_driver.o(i.dmp_get_pedometer_step_count) refers to inv_mpu.o(i.mpu_read_mem) for mpu_read_mem
    inv_mpu_dmp_motion_driver.o(i.dmp_get_pedometer_walk_time) refers to inv_mpu.o(i.mpu_read_mem) for mpu_read_mem
    inv_mpu_dmp_motion_driver.o(i.dmp_load_motion_driver_firmware) refers to inv_mpu.o(i.mpu_load_firmware) for mpu_load_firmware
    inv_mpu_dmp_motion_driver.o(i.dmp_load_motion_driver_firmware) refers to inv_mpu_dmp_motion_driver.o(.constdata) for .constdata
    inv_mpu_dmp_motion_driver.o(i.dmp_read_fifo) refers to inv_mpu.o(i.mpu_read_fifo_stream) for mpu_read_fifo_stream
    inv_mpu_dmp_motion_driver.o(i.dmp_read_fifo) refers to inv_mpu.o(i.mpu_reset_fifo) for mpu_reset_fifo
    inv_mpu_dmp_motion_driver.o(i.dmp_read_fifo) refers to inv_mpu_dmp_motion_driver.o(.bss) for .bss
    inv_mpu_dmp_motion_driver.o(i.dmp_register_android_orient_cb) refers to inv_mpu_dmp_motion_driver.o(.bss) for .bss
    inv_mpu_dmp_motion_driver.o(i.dmp_register_tap_cb) refers to inv_mpu_dmp_motion_driver.o(.bss) for .bss
    inv_mpu_dmp_motion_driver.o(i.dmp_set_accel_bias) refers to inv_mpu.o(i.mpu_get_accel_sens) for mpu_get_accel_sens
    inv_mpu_dmp_motion_driver.o(i.dmp_set_accel_bias) refers to inv_mpu.o(i.mpu_write_mem) for mpu_write_mem
    inv_mpu_dmp_motion_driver.o(i.dmp_set_accel_bias) refers to inv_mpu_dmp_motion_driver.o(.bss) for .bss
    inv_mpu_dmp_motion_driver.o(i.dmp_set_fifo_rate) refers to inv_mpu.o(i.mpu_write_mem) for mpu_write_mem
    inv_mpu_dmp_motion_driver.o(i.dmp_set_fifo_rate) refers to inv_mpu_dmp_motion_driver.o(.bss) for .bss
    inv_mpu_dmp_motion_driver.o(i.dmp_set_gyro_bias) refers to inv_mpu.o(i.mpu_write_mem) for mpu_write_mem
    inv_mpu_dmp_motion_driver.o(i.dmp_set_gyro_bias) refers to inv_mpu_dmp_motion_driver.o(.bss) for .bss
    inv_mpu_dmp_motion_driver.o(i.dmp_set_interrupt_mode) refers to inv_mpu.o(i.mpu_write_mem) for mpu_write_mem
    inv_mpu_dmp_motion_driver.o(i.dmp_set_orientation) refers to inv_mpu.o(i.mpu_write_mem) for mpu_write_mem
    inv_mpu_dmp_motion_driver.o(i.dmp_set_orientation) refers to inv_mpu_dmp_motion_driver.o(.bss) for .bss
    inv_mpu_dmp_motion_driver.o(i.dmp_set_pedometer_step_count) refers to inv_mpu.o(i.mpu_write_mem) for mpu_write_mem
    inv_mpu_dmp_motion_driver.o(i.dmp_set_pedometer_walk_time) refers to inv_mpu.o(i.mpu_write_mem) for mpu_write_mem
    inv_mpu_dmp_motion_driver.o(i.dmp_set_shake_reject_thresh) refers to inv_mpu.o(i.mpu_write_mem) for mpu_write_mem
    inv_mpu_dmp_motion_driver.o(i.dmp_set_shake_reject_time) refers to inv_mpu.o(i.mpu_write_mem) for mpu_write_mem
    inv_mpu_dmp_motion_driver.o(i.dmp_set_shake_reject_timeout) refers to inv_mpu.o(i.mpu_write_mem) for mpu_write_mem
    inv_mpu_dmp_motion_driver.o(i.dmp_set_tap_axes) refers to inv_mpu.o(i.mpu_write_mem) for mpu_write_mem
    inv_mpu_dmp_motion_driver.o(i.dmp_set_tap_count) refers to inv_mpu.o(i.mpu_write_mem) for mpu_write_mem
    inv_mpu_dmp_motion_driver.o(i.dmp_set_tap_thresh) refers to ffltui.o(.text) for __aeabi_ui2f
    inv_mpu_dmp_motion_driver.o(i.dmp_set_tap_thresh) refers to fdiv.o(.text) for __aeabi_fdiv
    inv_mpu_dmp_motion_driver.o(i.dmp_set_tap_thresh) refers to inv_mpu.o(i.mpu_get_accel_fsr) for mpu_get_accel_fsr
    inv_mpu_dmp_motion_driver.o(i.dmp_set_tap_thresh) refers to fscalb.o(.text) for __ARM_scalbnf
    inv_mpu_dmp_motion_driver.o(i.dmp_set_tap_thresh) refers to ffixui.o(.text) for __aeabi_f2uiz
    inv_mpu_dmp_motion_driver.o(i.dmp_set_tap_thresh) refers to fmul.o(.text) for __aeabi_fmul
    inv_mpu_dmp_motion_driver.o(i.dmp_set_tap_thresh) refers to inv_mpu.o(i.mpu_write_mem) for mpu_write_mem
    inv_mpu_dmp_motion_driver.o(i.dmp_set_tap_time) refers to inv_mpu.o(i.mpu_write_mem) for mpu_write_mem
    inv_mpu_dmp_motion_driver.o(i.dmp_set_tap_time_multi) refers to inv_mpu.o(i.mpu_write_mem) for mpu_write_mem
    ioi2c.o(i.I2C_ReadOneByte) refers to ioi2c.o(i.IIC_Start) for IIC_Start
    ioi2c.o(i.I2C_ReadOneByte) refers to ioi2c.o(i.IIC_Send_Byte) for IIC_Send_Byte
    ioi2c.o(i.I2C_ReadOneByte) refers to ioi2c.o(i.IIC_Wait_Ack) for IIC_Wait_Ack
    ioi2c.o(i.I2C_ReadOneByte) refers to ioi2c.o(i.IIC_Read_Byte) for IIC_Read_Byte
    ioi2c.o(i.I2C_ReadOneByte) refers to ioi2c.o(i.IIC_Stop) for IIC_Stop
    ioi2c.o(i.IIC_Ack) refers to delay.o(i.delay_us) for delay_us
    ioi2c.o(i.IIC_NAck) refers to delay.o(i.delay_us) for delay_us
    ioi2c.o(i.IIC_Read_Byte) refers to delay.o(i.delay_us) for delay_us
    ioi2c.o(i.IIC_Read_Byte) refers to ioi2c.o(i.IIC_Ack) for IIC_Ack
    ioi2c.o(i.IIC_Read_Byte) refers to ioi2c.o(i.IIC_NAck) for IIC_NAck
    ioi2c.o(i.IIC_Send_Byte) refers to delay.o(i.delay_us) for delay_us
    ioi2c.o(i.IIC_Start) refers to delay.o(i.delay_us) for delay_us
    ioi2c.o(i.IIC_Stop) refers to delay.o(i.delay_us) for delay_us
    ioi2c.o(i.IIC_Wait_Ack) refers to delay.o(i.delay_us) for delay_us
    ioi2c.o(i.IIC_Wait_Ack) refers to ioi2c.o(i.IIC_Stop) for IIC_Stop
    ioi2c.o(i.IICreadByte) refers to ioi2c.o(i.I2C_ReadOneByte) for I2C_ReadOneByte
    ioi2c.o(i.IICreadBytes) refers to ioi2c.o(i.IIC_Start) for IIC_Start
    ioi2c.o(i.IICreadBytes) refers to ioi2c.o(i.IIC_Send_Byte) for IIC_Send_Byte
    ioi2c.o(i.IICreadBytes) refers to ioi2c.o(i.IIC_Wait_Ack) for IIC_Wait_Ack
    ioi2c.o(i.IICreadBytes) refers to ioi2c.o(i.IIC_Read_Byte) for IIC_Read_Byte
    ioi2c.o(i.IICreadBytes) refers to ioi2c.o(i.IIC_Stop) for IIC_Stop
    ioi2c.o(i.IICwriteBit) refers to ioi2c.o(i.IICreadByte) for IICreadByte
    ioi2c.o(i.IICwriteBit) refers to ioi2c.o(i.IICwriteByte) for IICwriteByte
    ioi2c.o(i.IICwriteBits) refers to ioi2c.o(i.IICreadByte) for IICreadByte
    ioi2c.o(i.IICwriteBits) refers to ioi2c.o(i.IICwriteByte) for IICwriteByte
    ioi2c.o(i.IICwriteByte) refers to ioi2c.o(i.IICwriteBytes) for IICwriteBytes
    ioi2c.o(i.IICwriteBytes) refers to ioi2c.o(i.IIC_Start) for IIC_Start
    ioi2c.o(i.IICwriteBytes) refers to ioi2c.o(i.IIC_Send_Byte) for IIC_Send_Byte
    ioi2c.o(i.IICwriteBytes) refers to ioi2c.o(i.IIC_Wait_Ack) for IIC_Wait_Ack
    ioi2c.o(i.IICwriteBytes) refers to ioi2c.o(i.IIC_Stop) for IIC_Stop
    ioi2c.o(i.i2cRead) refers to ioi2c.o(i.IIC_Start) for IIC_Start
    ioi2c.o(i.i2cRead) refers to ioi2c.o(i.IIC_Send_Byte) for IIC_Send_Byte
    ioi2c.o(i.i2cRead) refers to ioi2c.o(i.IIC_Wait_Ack) for IIC_Wait_Ack
    ioi2c.o(i.i2cRead) refers to ioi2c.o(i.IIC_Stop) for IIC_Stop
    ioi2c.o(i.i2cRead) refers to ioi2c.o(i.IIC_Read_Byte) for IIC_Read_Byte
    ioi2c.o(i.i2cWrite) refers to ioi2c.o(i.IIC_Start) for IIC_Start
    ioi2c.o(i.i2cWrite) refers to ioi2c.o(i.IIC_Send_Byte) for IIC_Send_Byte
    ioi2c.o(i.i2cWrite) refers to ioi2c.o(i.IIC_Wait_Ack) for IIC_Wait_Ack
    ioi2c.o(i.i2cWrite) refers to ioi2c.o(i.IIC_Stop) for IIC_Stop
    oled.o(i.OLED_Clear) refers to oled.o(i.OLED_Refresh_Gram) for OLED_Refresh_Gram
    oled.o(i.OLED_Clear) refers to oled.o(.bss) for .bss
    oled.o(i.OLED_Display_Off) refers to oled.o(i.OLED_WR_Byte) for OLED_WR_Byte
    oled.o(i.OLED_Display_On) refers to oled.o(i.OLED_WR_Byte) for OLED_WR_Byte
    oled.o(i.OLED_DrawPoint) refers to oled.o(.bss) for .bss
    oled.o(i.OLED_Fill) refers to oled.o(i.OLED_DrawPoint) for OLED_DrawPoint
    oled.o(i.OLED_Fill) refers to oled.o(i.OLED_Refresh_Gram) for OLED_Refresh_Gram
    oled.o(i.OLED_Init) refers to delay.o(i.delay_ms) for delay_ms
    oled.o(i.OLED_Init) refers to oled.o(i.OLED_WR_Byte) for OLED_WR_Byte
    oled.o(i.OLED_Init) refers to oled.o(i.OLED_Clear) for OLED_Clear
    oled.o(i.OLED_Refresh_Gram) refers to oled.o(i.OLED_WR_Byte) for OLED_WR_Byte
    oled.o(i.OLED_Refresh_Gram) refers to oled.o(.bss) for .bss
    oled.o(i.OLED_ShowChar) refers to oled.o(i.OLED_DrawPoint) for OLED_DrawPoint
    oled.o(i.OLED_ShowChar) refers to oled.o(.constdata) for .constdata
    oled.o(i.OLED_ShowFloat) refers to f2d.o(.text) for __aeabi_f2d
    oled.o(i.OLED_ShowFloat) refers to printfa.o(i.__0sprintf) for __2sprintf
    oled.o(i.OLED_ShowFloat) refers to oled.o(i.OLED_ShowString) for OLED_ShowString
    oled.o(i.OLED_ShowFloat) refers to oled.o(.data) for .data
    oled.o(i.OLED_ShowNumber) refers to oled.o(i.oled_pow) for oled_pow
    oled.o(i.OLED_ShowNumber) refers to oled.o(i.OLED_ShowChar) for OLED_ShowChar
    oled.o(i.OLED_ShowString) refers to oled.o(i.OLED_Clear) for OLED_Clear
    oled.o(i.OLED_ShowString) refers to oled.o(i.OLED_ShowChar) for OLED_ShowChar
    oled.o(i.OLED_WR_Byte) refers to stm32f10x_gpio.o(i.GPIO_ResetBits) for GPIO_ResetBits
    oled.o(i.OLED_WR_Byte) refers to stm32f10x_gpio.o(i.GPIO_SetBits) for GPIO_SetBits
    timer.o(i.Encoder_Init) refers to timer.o(i.MY_NVIC_Init) for MY_NVIC_Init
    timer.o(i.Encoder_Init2) refers to timer.o(i.MY_NVIC_Init) for MY_NVIC_Init
    timer.o(i.MY_NVIC_Init) refers to timer.o(i.MY_NVIC_PriorityGroupConfig) for MY_NVIC_PriorityGroupConfig
    timer.o(i.Timer1_Init) refers to timer.o(i.MY_NVIC_Init) for MY_NVIC_Init
    mpu6050.o(i.DMP_Init) refers to ioi2c.o(i.i2cRead) for i2cRead
    mpu6050.o(i.DMP_Init) refers to printfa.o(i.__0printf) for __2printf
    mpu6050.o(i.DMP_Init) refers to inv_mpu.o(i.mpu_init) for mpu_init
    mpu6050.o(i.DMP_Init) refers to inv_mpu.o(i.mpu_set_sensors) for mpu_set_sensors
    mpu6050.o(i.DMP_Init) refers to inv_mpu.o(i.mpu_configure_fifo) for mpu_configure_fifo
    mpu6050.o(i.DMP_Init) refers to inv_mpu.o(i.mpu_set_sample_rate) for mpu_set_sample_rate
    mpu6050.o(i.DMP_Init) refers to inv_mpu_dmp_motion_driver.o(i.dmp_load_motion_driver_firmware) for dmp_load_motion_driver_firmware
    mpu6050.o(i.DMP_Init) refers to mpu6050.o(i.inv_row_2_scale) for inv_row_2_scale
    mpu6050.o(i.DMP_Init) refers to inv_mpu_dmp_motion_driver.o(i.dmp_set_orientation) for dmp_set_orientation
    mpu6050.o(i.DMP_Init) refers to inv_mpu_dmp_motion_driver.o(i.dmp_enable_feature) for dmp_enable_feature
    mpu6050.o(i.DMP_Init) refers to inv_mpu_dmp_motion_driver.o(i.dmp_set_fifo_rate) for dmp_set_fifo_rate
    mpu6050.o(i.DMP_Init) refers to mpu6050.o(i.run_self_test) for run_self_test
    mpu6050.o(i.DMP_Init) refers to inv_mpu.o(i.mpu_set_dmp_state) for mpu_set_dmp_state
    mpu6050.o(i.DMP_Init) refers to mpu6050.o(.data) for .data
    mpu6050.o(i.MPU6050_getDeviceID) refers to ioi2c.o(i.IICreadBytes) for IICreadBytes
    mpu6050.o(i.MPU6050_getDeviceID) refers to mpu6050.o(.bss) for .bss
    mpu6050.o(i.MPU6050_initialize) refers to mpu6050.o(i.MPU6050_setClockSource) for MPU6050_setClockSource
    mpu6050.o(i.MPU6050_initialize) refers to mpu6050.o(i.MPU6050_setFullScaleGyroRange) for MPU6050_setFullScaleGyroRange
    mpu6050.o(i.MPU6050_initialize) refers to mpu6050.o(i.MPU6050_setFullScaleAccelRange) for MPU6050_setFullScaleAccelRange
    mpu6050.o(i.MPU6050_initialize) refers to mpu6050.o(i.MPU6050_setSleepEnabled) for MPU6050_setSleepEnabled
    mpu6050.o(i.MPU6050_initialize) refers to mpu6050.o(i.MPU6050_setI2CMasterModeEnabled) for MPU6050_setI2CMasterModeEnabled
    mpu6050.o(i.MPU6050_initialize) refers to mpu6050.o(i.MPU6050_setI2CBypassEnabled) for MPU6050_setI2CBypassEnabled
    mpu6050.o(i.MPU6050_newValues) refers to mpu6050.o(.bss) for .bss
    mpu6050.o(i.MPU6050_setClockSource) refers to ioi2c.o(i.IICwriteBits) for IICwriteBits
    mpu6050.o(i.MPU6050_setFullScaleAccelRange) refers to ioi2c.o(i.IICwriteBits) for IICwriteBits
    mpu6050.o(i.MPU6050_setFullScaleGyroRange) refers to ioi2c.o(i.IICwriteBits) for IICwriteBits
    mpu6050.o(i.MPU6050_setI2CBypassEnabled) refers to ioi2c.o(i.IICwriteBit) for IICwriteBit
    mpu6050.o(i.MPU6050_setI2CMasterModeEnabled) refers to ioi2c.o(i.IICwriteBit) for IICwriteBit
    mpu6050.o(i.MPU6050_setSleepEnabled) refers to ioi2c.o(i.IICwriteBit) for IICwriteBit
    mpu6050.o(i.MPU6050_testConnection) refers to mpu6050.o(i.MPU6050_getDeviceID) for MPU6050_getDeviceID
    mpu6050.o(i.Read_DMP) refers to inv_mpu_dmp_motion_driver.o(i.dmp_read_fifo) for dmp_read_fifo
    mpu6050.o(i.Read_DMP) refers to fflti.o(.text) for __aeabi_i2f
    mpu6050.o(i.Read_DMP) refers to fscalb.o(.text) for __ARM_scalbnf
    mpu6050.o(i.Read_DMP) refers to fmul.o(.text) for __aeabi_fmul
    mpu6050.o(i.Read_DMP) refers to fadd.o(.text) for __aeabi_fadd
    mpu6050.o(i.Read_DMP) refers to f2d.o(.text) for __aeabi_f2d
    mpu6050.o(i.Read_DMP) refers to asin.o(i.asin) for asin
    mpu6050.o(i.Read_DMP) refers to dmul.o(.text) for __aeabi_dmul
    mpu6050.o(i.Read_DMP) refers to d2f.o(.text) for __aeabi_d2f
    mpu6050.o(i.Read_DMP) refers to mpu6050.o(.data) for .data
    mpu6050.o(i.Read_Temperature) refers to ioi2c.o(i.I2C_ReadOneByte) for I2C_ReadOneByte
    mpu6050.o(i.Read_Temperature) refers to ffltui.o(.text) for __aeabi_ui2f
    mpu6050.o(i.Read_Temperature) refers to fadd.o(.text) for __aeabi_fsub
    mpu6050.o(i.Read_Temperature) refers to fdiv.o(.text) for __aeabi_fdiv
    mpu6050.o(i.Read_Temperature) refers to f2d.o(.text) for __aeabi_f2d
    mpu6050.o(i.Read_Temperature) refers to dadd.o(.text) for __aeabi_dadd
    mpu6050.o(i.Read_Temperature) refers to dmul.o(.text) for __aeabi_dmul
    mpu6050.o(i.Read_Temperature) refers to d2f.o(.text) for __aeabi_d2f
    mpu6050.o(i.Read_Temperature) refers to ffixi.o(.text) for __aeabi_f2iz
    mpu6050.o(i.run_self_test) refers to inv_mpu.o(i.mpu_run_self_test) for mpu_run_self_test
    mpu6050.o(i.run_self_test) refers to inv_mpu.o(i.mpu_get_gyro_sens) for mpu_get_gyro_sens
    mpu6050.o(i.run_self_test) refers to fflti.o(.text) for __aeabi_i2f
    mpu6050.o(i.run_self_test) refers to fmul.o(.text) for __aeabi_fmul
    mpu6050.o(i.run_self_test) refers to ffixi.o(.text) for __aeabi_f2iz
    mpu6050.o(i.run_self_test) refers to inv_mpu_dmp_motion_driver.o(i.dmp_set_gyro_bias) for dmp_set_gyro_bias
    mpu6050.o(i.run_self_test) refers to inv_mpu.o(i.mpu_get_accel_sens) for mpu_get_accel_sens
    mpu6050.o(i.run_self_test) refers to inv_mpu_dmp_motion_driver.o(i.dmp_set_accel_bias) for dmp_set_accel_bias
    mpu6050.o(i.run_self_test) refers to printfa.o(i.__0printf) for __2printf
    usart3.o(i.USART3_IRQHandler) refers to strncmp.o(.text) for strncmp
    usart3.o(i.USART3_IRQHandler) refers to fflti.o(.text) for __aeabi_i2f
    usart3.o(i.USART3_IRQHandler) refers to fdiv.o(.text) for __aeabi_fdiv
    usart3.o(i.USART3_IRQHandler) refers to ffixi.o(.text) for __aeabi_f2iz
    usart3.o(i.USART3_IRQHandler) refers to usart3.o(.data) for .data
    usart3.o(i.USART3_IRQHandler) refers to main.o(.data) for Stop
    usart3.o(i.USART3_IRQHandler) refers to main.o(.data) for DesireR
    usart3.o(i.USART3_IRQHandler) refers to main.o(.data) for velocity_kp
    usart3.o(i.USART3_IRQHandler) refers to main.o(.data) for velocity_ki
    usart3.o(i.USART3_IRQHandler) refers to main.o(.data) for velocity_kd
    usart3.o(i.USART3_IRQHandler) refers to main.o(.data) for DesireL
    usart3.o(i.uart3_init) refers to ffltui.o(.text) for __aeabi_ui2f
    usart3.o(i.uart3_init) refers to fdiv.o(.text) for __aeabi_fdiv
    usart3.o(i.uart3_init) refers to ffixui.o(.text) for __aeabi_f2uiz
    usart3.o(i.uart3_init) refers to fadd.o(.text) for __aeabi_frsub
    usart3.o(i.uart3_init) refers to fscalb.o(.text) for __ARM_scalbnf
    usart3.o(i.uart3_init) refers to timer.o(i.MY_NVIC_Init) for MY_NVIC_Init
    adc.o(i.Adc_Init) refers to delay.o(i.delay_ms) for delay_ms
    adc.o(i.Adc_Init) refers to adc.o(i.Get_battery_volt) for Get_battery_volt
    adc.o(i.Get_battery_volt) refers to adc.o(i.Get_Adc) for Get_Adc
    adc.o(i.Get_battery_volt) refers to dfltui.o(.text) for __aeabi_ui2d
    adc.o(i.Get_battery_volt) refers to dmul.o(.text) for __aeabi_dmul
    adc.o(i.Get_battery_volt) refers to ddiv.o(.text) for __aeabi_ddiv
    adc.o(i.Get_battery_volt) refers to dscalb.o(.text) for __ARM_scalbn
    adc.o(i.Get_battery_volt) refers to dfixi.o(.text) for __aeabi_d2iz
    adc.o(i.Get_battery_volt) refers to main.o(.data) for Voltage
    filter.o(i.Kalman_Filter) refers to fadd.o(.text) for __aeabi_fsub
    filter.o(i.Kalman_Filter) refers to fmul.o(.text) for __aeabi_fmul
    filter.o(i.Kalman_Filter) refers to ffltui.o(.text) for __aeabi_ui2f
    filter.o(i.Kalman_Filter) refers to fdiv.o(.text) for __aeabi_fdiv
    filter.o(i.Kalman_Filter) refers to filter.o(.data) for .data
    filter.o(i.Kalman_Filter) refers to filter.o(.bss) for .bss
    filter.o(i.Yijielvbo) refers to f2d.o(.text) for __aeabi_f2d
    filter.o(i.Yijielvbo) refers to dmul.o(.text) for __aeabi_dmul
    filter.o(i.Yijielvbo) refers to dadd.o(.text) for __aeabi_dadd
    filter.o(i.Yijielvbo) refers to fadd.o(.text) for __aeabi_fsub
    filter.o(i.Yijielvbo) refers to fmul.o(.text) for __aeabi_fmul
    filter.o(i.Yijielvbo) refers to d2f.o(.text) for __aeabi_d2f
    filter.o(i.Yijielvbo) refers to filter.o(.data) for .data
    datascope_dp.o(i.DataScope_Data_Generate) refers to datascope_dp.o(.bss) for .bss
    datascope_dp.o(i.DataScope_Get_Channel_Data) refers to datascope_dp.o(.bss) for .bss
    show.o(i.DataScope) refers to fflti.o(.text) for __aeabi_i2f
    show.o(i.DataScope) refers to datascope_dp.o(i.DataScope_Get_Channel_Data) for DataScope_Get_Channel_Data
    show.o(i.DataScope) refers to datascope_dp.o(i.DataScope_Data_Generate) for DataScope_Data_Generate
    show.o(i.DataScope) refers to main.o(.data) for DesireL
    show.o(i.DataScope) refers to main.o(.data) for Encoder_Left
    show.o(i.DataScope) refers to main.o(.data) for MotoL
    show.o(i.DataScope) refers to main.o(.data) for Voltage
    show.o(i.DataScope) refers to main.o(.data) for DesireR
    show.o(i.DataScope) refers to main.o(.data) for Encoder_Right
    show.o(i.DataScope) refers to main.o(.data) for MotoR
    show.o(i.DataScope) refers to datascope_dp.o(.bss) for DataScope_OutPut_Buffer
    minibalance.o(i.Set_Pwm) refers to main.o(.data) for Stop
    minibalance.o(i.TIM1_UP_TIM16_IRQHandler) refers to minibalance.o(i.readEncoder) for readEncoder
    minibalance.o(i.TIM1_UP_TIM16_IRQHandler) refers to led.o(i.Led_Flash) for Led_Flash
    minibalance.o(i.TIM1_UP_TIM16_IRQHandler) refers to adc.o(i.Get_battery_volt) for Get_battery_volt
    minibalance.o(i.TIM1_UP_TIM16_IRQHandler) refers to minibalance.o(i.pid_velocity_zengliang) for pid_velocity_zengliang
    minibalance.o(i.TIM1_UP_TIM16_IRQHandler) refers to minibalance.o(i.Xianfu_Pwm) for Xianfu_Pwm
    minibalance.o(i.TIM1_UP_TIM16_IRQHandler) refers to minibalance.o(i.Set_Pwm) for Set_Pwm
    minibalance.o(i.TIM1_UP_TIM16_IRQHandler) refers to main.o(.data) for MotoR
    minibalance.o(i.TIM1_UP_TIM16_IRQHandler) refers to main.o(.data) for MotoL
    minibalance.o(i.Xianfu_Pwm) refers to main.o(.data) for MotoL
    minibalance.o(i.Xianfu_Pwm) refers to main.o(.data) for MotoR
    minibalance.o(i.pid_velocity_weizhi) refers to fflti.o(.text) for __aeabi_i2f
    minibalance.o(i.pid_velocity_weizhi) refers to fmul.o(.text) for __aeabi_fmul
    minibalance.o(i.pid_velocity_weizhi) refers to fadd.o(.text) for __aeabi_fadd
    minibalance.o(i.pid_velocity_weizhi) refers to ffixi.o(.text) for __aeabi_f2iz
    minibalance.o(i.pid_velocity_weizhi) refers to main.o(.data) for DesireL
    minibalance.o(i.pid_velocity_weizhi) refers to main.o(.data) for Encoder_Left
    minibalance.o(i.pid_velocity_weizhi) refers to main.o(.data) for DesireR
    minibalance.o(i.pid_velocity_weizhi) refers to main.o(.data) for Encoder_Right
    minibalance.o(i.pid_velocity_weizhi) refers to main.o(.data) for Stop
    minibalance.o(i.pid_velocity_weizhi) refers to main.o(.data) for MotoL
    minibalance.o(i.pid_velocity_weizhi) refers to main.o(.data) for MotoR
    minibalance.o(i.pid_velocity_weizhi) refers to minibalance.o(.data) for .data
    minibalance.o(i.pid_velocity_weizhi) refers to main.o(.data) for velocity_kd
    minibalance.o(i.pid_velocity_weizhi) refers to main.o(.data) for velocity_ki
    minibalance.o(i.pid_velocity_weizhi) refers to main.o(.data) for velocity_kp
    minibalance.o(i.pid_velocity_zengliang) refers to fflti.o(.text) for __aeabi_i2f
    minibalance.o(i.pid_velocity_zengliang) refers to fmul.o(.text) for __aeabi_fmul
    minibalance.o(i.pid_velocity_zengliang) refers to fadd.o(.text) for __aeabi_fadd
    minibalance.o(i.pid_velocity_zengliang) refers to ffixi.o(.text) for __aeabi_f2iz
    minibalance.o(i.pid_velocity_zengliang) refers to main.o(.data) for DesireL
    minibalance.o(i.pid_velocity_zengliang) refers to main.o(.data) for Encoder_Left
    minibalance.o(i.pid_velocity_zengliang) refers to main.o(.data) for DesireR
    minibalance.o(i.pid_velocity_zengliang) refers to main.o(.data) for Encoder_Right
    minibalance.o(i.pid_velocity_zengliang) refers to main.o(.data) for Stop
    minibalance.o(i.pid_velocity_zengliang) refers to main.o(.data) for MotoL
    minibalance.o(i.pid_velocity_zengliang) refers to minibalance.o(.data) for .data
    minibalance.o(i.pid_velocity_zengliang) refers to main.o(.data) for MotoR
    minibalance.o(i.pid_velocity_zengliang) refers to main.o(.data) for velocity_kd
    minibalance.o(i.pid_velocity_zengliang) refers to main.o(.data) for velocity_ki
    minibalance.o(i.pid_velocity_zengliang) refers to main.o(.data) for velocity_kp
    minibalance.o(i.readEncoder) refers to main.o(.data) for Encoder_Left
    minibalance.o(i.readEncoder) refers to main.o(.data) for Encoder_Right
    asin.o(i.__softfp_asin) refers (Special) to iusefp.o(.text) for __I$use$fp
    asin.o(i.__softfp_asin) refers to asin.o(i.asin) for asin
    asin.o(i.asin) refers (Special) to iusefp.o(.text) for __I$use$fp
    asin.o(i.asin) refers to dunder.o(i.__mathlib_dbl_infnan) for __mathlib_dbl_infnan
    asin.o(i.asin) refers to dmul.o(.text) for __aeabi_dmul
    asin.o(i.asin) refers to dadd.o(.text) for __aeabi_dadd
    asin.o(i.asin) refers to errno.o(i.__set_errno) for __set_errno
    asin.o(i.asin) refers to dunder.o(i.__mathlib_dbl_invalid) for __mathlib_dbl_invalid
    asin.o(i.asin) refers to fpclassify.o(i.__ARM_fpclassify) for __ARM_fpclassify
    asin.o(i.asin) refers to dunder.o(i.__mathlib_dbl_underflow) for __mathlib_dbl_underflow
    asin.o(i.asin) refers to poly.o(i.__kernel_poly) for __kernel_poly
    asin.o(i.asin) refers to ddiv.o(.text) for __aeabi_ddiv
    asin.o(i.asin) refers to dscalb.o(.text) for __ARM_scalbn
    asin.o(i.asin) refers to sqrt.o(i.sqrt) for sqrt
    asin.o(i.asin) refers to asin.o(.constdata) for .constdata
    asin.o(.constdata) refers (Special) to iusefp.o(.text) for __I$use$fp
    asin_x.o(i.____softfp_asin$lsc) refers (Special) to iusefp.o(.text) for __I$use$fp
    asin_x.o(i.____softfp_asin$lsc) refers to asin_x.o(i.__asin$lsc) for __asin$lsc
    asin_x.o(i.__asin$lsc) refers (Special) to iusefp.o(.text) for __I$use$fp
    asin_x.o(i.__asin$lsc) refers to dunder.o(i.__mathlib_dbl_infnan) for __mathlib_dbl_infnan
    asin_x.o(i.__asin$lsc) refers to dmul.o(.text) for __aeabi_dmul
    asin_x.o(i.__asin$lsc) refers to dadd.o(.text) for __aeabi_dadd
    asin_x.o(i.__asin$lsc) refers to errno.o(i.__set_errno) for __set_errno
    asin_x.o(i.__asin$lsc) refers to poly.o(i.__kernel_poly) for __kernel_poly
    asin_x.o(i.__asin$lsc) refers to ddiv.o(.text) for __aeabi_ddiv
    asin_x.o(i.__asin$lsc) refers to dscalb.o(.text) for __ARM_scalbn
    asin_x.o(i.__asin$lsc) refers to sqrt.o(i.sqrt) for sqrt
    asin_x.o(i.__asin$lsc) refers to asin_x.o(.constdata) for .constdata
    asin_x.o(.constdata) refers (Special) to iusefp.o(.text) for __I$use$fp
    entry.o(.ARM.Collect$$$$00000000) refers (Special) to entry10a.o(.ARM.Collect$$$$0000000D) for __rt_final_cpp
    entry.o(.ARM.Collect$$$$00000000) refers (Special) to entry11a.o(.ARM.Collect$$$$0000000F) for __rt_final_exit
    entry.o(.ARM.Collect$$$$00000000) refers (Special) to entry7b.o(.ARM.Collect$$$$00000008) for _main_clock
    entry.o(.ARM.Collect$$$$00000000) refers (Special) to entry8b.o(.ARM.Collect$$$$0000000A) for _main_cpp_init
    entry.o(.ARM.Collect$$$$00000000) refers (Special) to entry9a.o(.ARM.Collect$$$$0000000B) for _main_init
    entry.o(.ARM.Collect$$$$00000000) refers (Special) to entry5.o(.ARM.Collect$$$$00000004) for _main_scatterload
    entry.o(.ARM.Collect$$$$00000000) refers (Special) to entry2.o(.ARM.Collect$$$$00000001) for _main_stk
    ldiv.o(.text) refers to uldiv.o(.text) for __aeabi_uldivmod
    printfb.o(i.__0fprintf$bare) refers to printfb.o(i._printf_core) for _printf_core
    printfb.o(i.__0fprintf$bare) refers to usart1.o(i.fputc) for fputc
    printfb.o(i.__0printf$bare) refers to printfb.o(i._printf_core) for _printf_core
    printfb.o(i.__0printf$bare) refers to usart1.o(i.fputc) for fputc
    printfb.o(i.__0printf$bare) refers to stdout.o(.data) for __stdout
    printfb.o(i.__0snprintf$bare) refers to printfb.o(i._printf_core) for _printf_core
    printfb.o(i.__0snprintf$bare) refers to printfb.o(i._snputc) for _snputc
    printfb.o(i.__0sprintf$bare) refers to printfb.o(i._printf_core) for _printf_core
    printfb.o(i.__0sprintf$bare) refers to printfb.o(i._sputc) for _sputc
    printfb.o(i.__0vfprintf$bare) refers to printfb.o(i._printf_core) for _printf_core
    printfb.o(i.__0vfprintf$bare) refers to usart1.o(i.fputc) for fputc
    printfb.o(i.__0vprintf$bare) refers to printfb.o(i._printf_core) for _printf_core
    printfb.o(i.__0vprintf$bare) refers to usart1.o(i.fputc) for fputc
    printfb.o(i.__0vprintf$bare) refers to stdout.o(.data) for __stdout
    printfb.o(i.__0vsnprintf$bare) refers to printfb.o(i._printf_core) for _printf_core
    printfb.o(i.__0vsnprintf$bare) refers to printfb.o(i._snputc) for _snputc
    printfb.o(i.__0vsprintf$bare) refers to printfb.o(i._printf_core) for _printf_core
    printfb.o(i.__0vsprintf$bare) refers to printfb.o(i._sputc) for _sputc
    printf0.o(i.__0fprintf$0) refers to printf0.o(i._printf_core) for _printf_core
    printf0.o(i.__0fprintf$0) refers to usart1.o(i.fputc) for fputc
    printf0.o(i.__0printf$0) refers to printf0.o(i._printf_core) for _printf_core
    printf0.o(i.__0printf$0) refers to usart1.o(i.fputc) for fputc
    printf0.o(i.__0printf$0) refers to stdout.o(.data) for __stdout
    printf0.o(i.__0snprintf$0) refers to printf0.o(i._printf_core) for _printf_core
    printf0.o(i.__0snprintf$0) refers to printf0.o(i._snputc) for _snputc
    printf0.o(i.__0sprintf$0) refers to printf0.o(i._printf_core) for _printf_core
    printf0.o(i.__0sprintf$0) refers to printf0.o(i._sputc) for _sputc
    printf0.o(i.__0vfprintf$0) refers to printf0.o(i._printf_core) for _printf_core
    printf0.o(i.__0vfprintf$0) refers to usart1.o(i.fputc) for fputc
    printf0.o(i.__0vprintf$0) refers to printf0.o(i._printf_core) for _printf_core
    printf0.o(i.__0vprintf$0) refers to usart1.o(i.fputc) for fputc
    printf0.o(i.__0vprintf$0) refers to stdout.o(.data) for __stdout
    printf0.o(i.__0vsnprintf$0) refers to printf0.o(i._printf_core) for _printf_core
    printf0.o(i.__0vsnprintf$0) refers to printf0.o(i._snputc) for _snputc
    printf0.o(i.__0vsprintf$0) refers to printf0.o(i._printf_core) for _printf_core
    printf0.o(i.__0vsprintf$0) refers to printf0.o(i._sputc) for _sputc
    printf1.o(i.__0fprintf$1) refers to printf1.o(i._printf_core) for _printf_core
    printf1.o(i.__0fprintf$1) refers to usart1.o(i.fputc) for fputc
    printf1.o(i.__0printf$1) refers to printf1.o(i._printf_core) for _printf_core
    printf1.o(i.__0printf$1) refers to usart1.o(i.fputc) for fputc
    printf1.o(i.__0printf$1) refers to stdout.o(.data) for __stdout
    printf1.o(i.__0snprintf$1) refers to printf1.o(i._printf_core) for _printf_core
    printf1.o(i.__0snprintf$1) refers to printf1.o(i._snputc) for _snputc
    printf1.o(i.__0sprintf$1) refers to printf1.o(i._printf_core) for _printf_core
    printf1.o(i.__0sprintf$1) refers to printf1.o(i._sputc) for _sputc
    printf1.o(i.__0vfprintf$1) refers to printf1.o(i._printf_core) for _printf_core
    printf1.o(i.__0vfprintf$1) refers to usart1.o(i.fputc) for fputc
    printf1.o(i.__0vprintf$1) refers to printf1.o(i._printf_core) for _printf_core
    printf1.o(i.__0vprintf$1) refers to usart1.o(i.fputc) for fputc
    printf1.o(i.__0vprintf$1) refers to stdout.o(.data) for __stdout
    printf1.o(i.__0vsnprintf$1) refers to printf1.o(i._printf_core) for _printf_core
    printf1.o(i.__0vsnprintf$1) refers to printf1.o(i._snputc) for _snputc
    printf1.o(i.__0vsprintf$1) refers to printf1.o(i._printf_core) for _printf_core
    printf1.o(i.__0vsprintf$1) refers to printf1.o(i._sputc) for _sputc
    printf1.o(i._printf_core) refers to uidiv.o(.text) for __aeabi_uidivmod
    printf2.o(i.__0fprintf$2) refers to printf2.o(i._printf_core) for _printf_core
    printf2.o(i.__0fprintf$2) refers to usart1.o(i.fputc) for fputc
    printf2.o(i.__0printf$2) refers to printf2.o(i._printf_core) for _printf_core
    printf2.o(i.__0printf$2) refers to usart1.o(i.fputc) for fputc
    printf2.o(i.__0printf$2) refers to stdout.o(.data) for __stdout
    printf2.o(i.__0snprintf$2) refers to printf2.o(i._printf_core) for _printf_core
    printf2.o(i.__0snprintf$2) refers to printf2.o(i._snputc) for _snputc
    printf2.o(i.__0sprintf$2) refers to printf2.o(i._printf_core) for _printf_core
    printf2.o(i.__0sprintf$2) refers to printf2.o(i._sputc) for _sputc
    printf2.o(i.__0vfprintf$2) refers to printf2.o(i._printf_core) for _printf_core
    printf2.o(i.__0vfprintf$2) refers to usart1.o(i.fputc) for fputc
    printf2.o(i.__0vprintf$2) refers to printf2.o(i._printf_core) for _printf_core
    printf2.o(i.__0vprintf$2) refers to usart1.o(i.fputc) for fputc
    printf2.o(i.__0vprintf$2) refers to stdout.o(.data) for __stdout
    printf2.o(i.__0vsnprintf$2) refers to printf2.o(i._printf_core) for _printf_core
    printf2.o(i.__0vsnprintf$2) refers to printf2.o(i._snputc) for _snputc
    printf2.o(i.__0vsprintf$2) refers to printf2.o(i._printf_core) for _printf_core
    printf2.o(i.__0vsprintf$2) refers to printf2.o(i._sputc) for _sputc
    printf3.o(i.__0fprintf$3) refers to printf3.o(i._printf_core) for _printf_core
    printf3.o(i.__0fprintf$3) refers to usart1.o(i.fputc) for fputc
    printf3.o(i.__0printf$3) refers to printf3.o(i._printf_core) for _printf_core
    printf3.o(i.__0printf$3) refers to usart1.o(i.fputc) for fputc
    printf3.o(i.__0printf$3) refers to stdout.o(.data) for __stdout
    printf3.o(i.__0snprintf$3) refers to printf3.o(i._printf_core) for _printf_core
    printf3.o(i.__0snprintf$3) refers to printf3.o(i._snputc) for _snputc
    printf3.o(i.__0sprintf$3) refers to printf3.o(i._printf_core) for _printf_core
    printf3.o(i.__0sprintf$3) refers to printf3.o(i._sputc) for _sputc
    printf3.o(i.__0vfprintf$3) refers to printf3.o(i._printf_core) for _printf_core
    printf3.o(i.__0vfprintf$3) refers to usart1.o(i.fputc) for fputc
    printf3.o(i.__0vprintf$3) refers to printf3.o(i._printf_core) for _printf_core
    printf3.o(i.__0vprintf$3) refers to usart1.o(i.fputc) for fputc
    printf3.o(i.__0vprintf$3) refers to stdout.o(.data) for __stdout
    printf3.o(i.__0vsnprintf$3) refers to printf3.o(i._printf_core) for _printf_core
    printf3.o(i.__0vsnprintf$3) refers to printf3.o(i._snputc) for _snputc
    printf3.o(i.__0vsprintf$3) refers to printf3.o(i._printf_core) for _printf_core
    printf3.o(i.__0vsprintf$3) refers to printf3.o(i._sputc) for _sputc
    printf3.o(i._printf_core) refers to uidiv.o(.text) for __aeabi_uidivmod
    printf4.o(i.__0fprintf$4) refers to printf4.o(i._printf_core) for _printf_core
    printf4.o(i.__0fprintf$4) refers to usart1.o(i.fputc) for fputc
    printf4.o(i.__0printf$4) refers to printf4.o(i._printf_core) for _printf_core
    printf4.o(i.__0printf$4) refers to usart1.o(i.fputc) for fputc
    printf4.o(i.__0printf$4) refers to stdout.o(.data) for __stdout
    printf4.o(i.__0snprintf$4) refers to printf4.o(i._printf_core) for _printf_core
    printf4.o(i.__0snprintf$4) refers to printf4.o(i._snputc) for _snputc
    printf4.o(i.__0sprintf$4) refers to printf4.o(i._printf_core) for _printf_core
    printf4.o(i.__0sprintf$4) refers to printf4.o(i._sputc) for _sputc
    printf4.o(i.__0vfprintf$4) refers to printf4.o(i._printf_core) for _printf_core
    printf4.o(i.__0vfprintf$4) refers to usart1.o(i.fputc) for fputc
    printf4.o(i.__0vprintf$4) refers to printf4.o(i._printf_core) for _printf_core
    printf4.o(i.__0vprintf$4) refers to usart1.o(i.fputc) for fputc
    printf4.o(i.__0vprintf$4) refers to stdout.o(.data) for __stdout
    printf4.o(i.__0vsnprintf$4) refers to printf4.o(i._printf_core) for _printf_core
    printf4.o(i.__0vsnprintf$4) refers to printf4.o(i._snputc) for _snputc
    printf4.o(i.__0vsprintf$4) refers to printf4.o(i._printf_core) for _printf_core
    printf4.o(i.__0vsprintf$4) refers to printf4.o(i._sputc) for _sputc
    printf4.o(i._printf_core) refers to uldiv.o(.text) for __aeabi_uldivmod
    printf5.o(i.__0fprintf$5) refers to printf5.o(i._printf_core) for _printf_core
    printf5.o(i.__0fprintf$5) refers to usart1.o(i.fputc) for fputc
    printf5.o(i.__0printf$5) refers to printf5.o(i._printf_core) for _printf_core
    printf5.o(i.__0printf$5) refers to usart1.o(i.fputc) for fputc
    printf5.o(i.__0printf$5) refers to stdout.o(.data) for __stdout
    printf5.o(i.__0snprintf$5) refers to printf5.o(i._printf_core) for _printf_core
    printf5.o(i.__0snprintf$5) refers to printf5.o(i._snputc) for _snputc
    printf5.o(i.__0sprintf$5) refers to printf5.o(i._printf_core) for _printf_core
    printf5.o(i.__0sprintf$5) refers to printf5.o(i._sputc) for _sputc
    printf5.o(i.__0vfprintf$5) refers to printf5.o(i._printf_core) for _printf_core
    printf5.o(i.__0vfprintf$5) refers to usart1.o(i.fputc) for fputc
    printf5.o(i.__0vprintf$5) refers to printf5.o(i._printf_core) for _printf_core
    printf5.o(i.__0vprintf$5) refers to usart1.o(i.fputc) for fputc
    printf5.o(i.__0vprintf$5) refers to stdout.o(.data) for __stdout
    printf5.o(i.__0vsnprintf$5) refers to printf5.o(i._printf_core) for _printf_core
    printf5.o(i.__0vsnprintf$5) refers to printf5.o(i._snputc) for _snputc
    printf5.o(i.__0vsprintf$5) refers to printf5.o(i._printf_core) for _printf_core
    printf5.o(i.__0vsprintf$5) refers to printf5.o(i._sputc) for _sputc
    printf5.o(i._printf_core) refers to uldiv.o(.text) for __aeabi_uldivmod
    printf6.o(i.__0fprintf$6) refers to printf6.o(i._printf_core) for _printf_core
    printf6.o(i.__0fprintf$6) refers to usart1.o(i.fputc) for fputc
    printf6.o(i.__0printf$6) refers to printf6.o(i._printf_core) for _printf_core
    printf6.o(i.__0printf$6) refers to usart1.o(i.fputc) for fputc
    printf6.o(i.__0printf$6) refers to stdout.o(.data) for __stdout
    printf6.o(i.__0snprintf$6) refers to printf6.o(i._printf_core) for _printf_core
    printf6.o(i.__0snprintf$6) refers to printf6.o(i._snputc) for _snputc
    printf6.o(i.__0sprintf$6) refers to printf6.o(i._printf_core) for _printf_core
    printf6.o(i.__0sprintf$6) refers to printf6.o(i._sputc) for _sputc
    printf6.o(i.__0vfprintf$6) refers to printf6.o(i._printf_core) for _printf_core
    printf6.o(i.__0vfprintf$6) refers to usart1.o(i.fputc) for fputc
    printf6.o(i.__0vprintf$6) refers to printf6.o(i._printf_core) for _printf_core
    printf6.o(i.__0vprintf$6) refers to usart1.o(i.fputc) for fputc
    printf6.o(i.__0vprintf$6) refers to stdout.o(.data) for __stdout
    printf6.o(i.__0vsnprintf$6) refers to printf6.o(i._printf_core) for _printf_core
    printf6.o(i.__0vsnprintf$6) refers to printf6.o(i._snputc) for _snputc
    printf6.o(i.__0vsprintf$6) refers to printf6.o(i._printf_core) for _printf_core
    printf6.o(i.__0vsprintf$6) refers to printf6.o(i._sputc) for _sputc
    printf6.o(i._printf_core) refers to printf6.o(i._printf_pre_padding) for _printf_pre_padding
    printf6.o(i._printf_core) refers to uidiv.o(.text) for __aeabi_uidivmod
    printf6.o(i._printf_core) refers to printf6.o(i._printf_post_padding) for _printf_post_padding
    printf7.o(i.__0fprintf$7) refers to printf7.o(i._printf_core) for _printf_core
    printf7.o(i.__0fprintf$7) refers to usart1.o(i.fputc) for fputc
    printf7.o(i.__0printf$7) refers to printf7.o(i._printf_core) for _printf_core
    printf7.o(i.__0printf$7) refers to usart1.o(i.fputc) for fputc
    printf7.o(i.__0printf$7) refers to stdout.o(.data) for __stdout
    printf7.o(i.__0snprintf$7) refers to printf7.o(i._printf_core) for _printf_core
    printf7.o(i.__0snprintf$7) refers to printf7.o(i._snputc) for _snputc
    printf7.o(i.__0sprintf$7) refers to printf7.o(i._printf_core) for _printf_core
    printf7.o(i.__0sprintf$7) refers to printf7.o(i._sputc) for _sputc
    printf7.o(i.__0vfprintf$7) refers to printf7.o(i._printf_core) for _printf_core
    printf7.o(i.__0vfprintf$7) refers to usart1.o(i.fputc) for fputc
    printf7.o(i.__0vprintf$7) refers to printf7.o(i._printf_core) for _printf_core
    printf7.o(i.__0vprintf$7) refers to usart1.o(i.fputc) for fputc
    printf7.o(i.__0vprintf$7) refers to stdout.o(.data) for __stdout
    printf7.o(i.__0vsnprintf$7) refers to printf7.o(i._printf_core) for _printf_core
    printf7.o(i.__0vsnprintf$7) refers to printf7.o(i._snputc) for _snputc
    printf7.o(i.__0vsprintf$7) refers to printf7.o(i._printf_core) for _printf_core
    printf7.o(i.__0vsprintf$7) refers to printf7.o(i._sputc) for _sputc
    printf7.o(i._printf_core) refers to printf7.o(i._printf_pre_padding) for _printf_pre_padding
    printf7.o(i._printf_core) refers to uldiv.o(.text) for __aeabi_uldivmod
    printf7.o(i._printf_core) refers to printf7.o(i._printf_post_padding) for _printf_post_padding
    printf8.o(i.__0fprintf$8) refers to printf8.o(i._printf_core) for _printf_core
    printf8.o(i.__0fprintf$8) refers to usart1.o(i.fputc) for fputc
    printf8.o(i.__0printf$8) refers to printf8.o(i._printf_core) for _printf_core
    printf8.o(i.__0printf$8) refers to usart1.o(i.fputc) for fputc
    printf8.o(i.__0printf$8) refers to stdout.o(.data) for __stdout
    printf8.o(i.__0snprintf$8) refers to printf8.o(i._printf_core) for _printf_core
    printf8.o(i.__0snprintf$8) refers to printf8.o(i._snputc) for _snputc
    printf8.o(i.__0sprintf$8) refers to printf8.o(i._printf_core) for _printf_core
    printf8.o(i.__0sprintf$8) refers to printf8.o(i._sputc) for _sputc
    printf8.o(i.__0vfprintf$8) refers to printf8.o(i._printf_core) for _printf_core
    printf8.o(i.__0vfprintf$8) refers to usart1.o(i.fputc) for fputc
    printf8.o(i.__0vprintf$8) refers to printf8.o(i._printf_core) for _printf_core
    printf8.o(i.__0vprintf$8) refers to usart1.o(i.fputc) for fputc
    printf8.o(i.__0vprintf$8) refers to stdout.o(.data) for __stdout
    printf8.o(i.__0vsnprintf$8) refers to printf8.o(i._printf_core) for _printf_core
    printf8.o(i.__0vsnprintf$8) refers to printf8.o(i._snputc) for _snputc
    printf8.o(i.__0vsprintf$8) refers to printf8.o(i._printf_core) for _printf_core
    printf8.o(i.__0vsprintf$8) refers to printf8.o(i._sputc) for _sputc
    printf8.o(i._printf_core) refers to printf8.o(i._printf_pre_padding) for _printf_pre_padding
    printf8.o(i._printf_core) refers to uldiv.o(.text) for __aeabi_uldivmod
    printf8.o(i._printf_core) refers to printf8.o(i._printf_post_padding) for _printf_post_padding
    printfa.o(i.__0fprintf) refers (Special) to iusefp.o(.text) for __I$use$fp
    printfa.o(i.__0fprintf) refers to printfa.o(i._printf_core) for _printf_core
    printfa.o(i.__0fprintf) refers to usart1.o(i.fputc) for fputc
    printfa.o(i.__0printf) refers (Special) to iusefp.o(.text) for __I$use$fp
    printfa.o(i.__0printf) refers to printfa.o(i._printf_core) for _printf_core
    printfa.o(i.__0printf) refers to usart1.o(i.fputc) for fputc
    printfa.o(i.__0printf) refers to stdout.o(.data) for __stdout
    printfa.o(i.__0snprintf) refers (Special) to iusefp.o(.text) for __I$use$fp
    printfa.o(i.__0snprintf) refers to printfa.o(i._printf_core) for _printf_core
    printfa.o(i.__0snprintf) refers to printfa.o(i._snputc) for _snputc
    printfa.o(i.__0sprintf) refers (Special) to iusefp.o(.text) for __I$use$fp
    printfa.o(i.__0sprintf) refers to printfa.o(i._printf_core) for _printf_core
    printfa.o(i.__0sprintf) refers to printfa.o(i._sputc) for _sputc
    printfa.o(i.__0vfprintf) refers (Special) to iusefp.o(.text) for __I$use$fp
    printfa.o(i.__0vfprintf) refers to printfa.o(i._printf_core) for _printf_core
    printfa.o(i.__0vfprintf) refers to usart1.o(i.fputc) for fputc
    printfa.o(i.__0vprintf) refers (Special) to iusefp.o(.text) for __I$use$fp
    printfa.o(i.__0vprintf) refers to printfa.o(i._printf_core) for _printf_core
    printfa.o(i.__0vprintf) refers to usart1.o(i.fputc) for fputc
    printfa.o(i.__0vprintf) refers to stdout.o(.data) for __stdout
    printfa.o(i.__0vsnprintf) refers (Special) to iusefp.o(.text) for __I$use$fp
    printfa.o(i.__0vsnprintf) refers to printfa.o(i._printf_core) for _printf_core
    printfa.o(i.__0vsnprintf) refers to printfa.o(i._snputc) for _snputc
    printfa.o(i.__0vsprintf) refers (Special) to iusefp.o(.text) for __I$use$fp
    printfa.o(i.__0vsprintf) refers to printfa.o(i._printf_core) for _printf_core
    printfa.o(i.__0vsprintf) refers to printfa.o(i._sputc) for _sputc
    printfa.o(i._fp_digits) refers (Special) to iusefp.o(.text) for __I$use$fp
    printfa.o(i._fp_digits) refers to dmul.o(.text) for __aeabi_dmul
    printfa.o(i._fp_digits) refers to ddiv.o(.text) for __aeabi_ddiv
    printfa.o(i._fp_digits) refers to cdrcmple.o(.text) for __aeabi_cdrcmple
    printfa.o(i._fp_digits) refers to dadd.o(.text) for __aeabi_dadd
    printfa.o(i._fp_digits) refers to dfixul.o(.text) for __aeabi_d2ulz
    printfa.o(i._fp_digits) refers to uldiv.o(.text) for __aeabi_uldivmod
    printfa.o(i._printf_core) refers (Special) to iusefp.o(.text) for __I$use$fp
    printfa.o(i._printf_core) refers to printfa.o(i._printf_pre_padding) for _printf_pre_padding
    printfa.o(i._printf_core) refers to uldiv.o(.text) for __aeabi_uldivmod
    printfa.o(i._printf_core) refers to printfa.o(i._printf_post_padding) for _printf_post_padding
    printfa.o(i._printf_core) refers to printfa.o(i._fp_digits) for _fp_digits
    printfa.o(i._printf_core) refers to uidiv.o(.text) for __aeabi_uidivmod
    printfa.o(i._printf_post_padding) refers (Special) to iusefp.o(.text) for __I$use$fp
    printfa.o(i._printf_pre_padding) refers (Special) to iusefp.o(.text) for __I$use$fp
    printfa.o(i._snputc) refers (Special) to iusefp.o(.text) for __I$use$fp
    printfa.o(i._sputc) refers (Special) to iusefp.o(.text) for __I$use$fp
    fadd.o(.text) refers (Special) to iusefp.o(.text) for __I$use$fp
    fadd.o(.text) refers to fepilogue.o(.text) for _float_epilogue
    fmul.o(.text) refers (Special) to iusefp.o(.text) for __I$use$fp
    fdiv.o(.text) refers (Special) to iusefp.o(.text) for __I$use$fp
    fdiv.o(.text) refers to fepilogue.o(.text) for _float_round
    fscalb.o(.text) refers (Special) to iusefp.o(.text) for __I$use$fp
    dadd.o(.text) refers (Special) to iusefp.o(.text) for __I$use$fp
    dadd.o(.text) refers to llshl.o(.text) for __aeabi_llsl
    dadd.o(.text) refers to llsshr.o(.text) for __aeabi_lasr
    dadd.o(.text) refers to depilogue.o(.text) for _double_epilogue
    dmul.o(.text) refers (Special) to iusefp.o(.text) for __I$use$fp
    dmul.o(.text) refers to depilogue.o(.text) for _double_epilogue
    ddiv.o(.text) refers (Special) to iusefp.o(.text) for __I$use$fp
    ddiv.o(.text) refers to depilogue.o(.text) for _double_round
    dscalb.o(.text) refers (Special) to iusefp.o(.text) for __I$use$fp
    fflti.o(.text) refers (Special) to iusefp.o(.text) for __I$use$fp
    fflti.o(.text) refers to fepilogue.o(.text) for _float_epilogue
    ffltui.o(.text) refers (Special) to iusefp.o(.text) for __I$use$fp
    ffltui.o(.text) refers to fepilogue.o(.text) for _float_epilogue
    dfltui.o(.text) refers (Special) to iusefp.o(.text) for __I$use$fp
    dfltui.o(.text) refers to depilogue.o(.text) for _double_epilogue
    ffixi.o(.text) refers (Special) to iusefp.o(.text) for __I$use$fp
    ffixui.o(.text) refers (Special) to iusefp.o(.text) for __I$use$fp
    dfixi.o(.text) refers (Special) to iusefp.o(.text) for __I$use$fp
    dfixi.o(.text) refers to llushr.o(.text) for __aeabi_llsr
    f2d.o(.text) refers (Special) to iusefp.o(.text) for __I$use$fp
    d2f.o(.text) refers (Special) to iusefp.o(.text) for __I$use$fp
    d2f.o(.text) refers to fepilogue.o(.text) for _float_round
    dunder.o(i.__mathlib_dbl_divzero) refers to ddiv.o(.text) for __aeabi_ddiv
    dunder.o(i.__mathlib_dbl_infnan) refers to dscalb.o(.text) for __ARM_scalbn
    dunder.o(i.__mathlib_dbl_infnan2) refers to dadd.o(.text) for __aeabi_dadd
    dunder.o(i.__mathlib_dbl_invalid) refers to ddiv.o(.text) for __aeabi_ddiv
    dunder.o(i.__mathlib_dbl_overflow) refers to dscalb.o(.text) for __ARM_scalbn
    dunder.o(i.__mathlib_dbl_posinfnan) refers to dmul.o(.text) for __aeabi_dmul
    dunder.o(i.__mathlib_dbl_underflow) refers to dscalb.o(.text) for __ARM_scalbn
    fpclassify.o(i.__ARM_fpclassify) refers (Special) to iusefp.o(.text) for __I$use$fp
    poly.o(i.__kernel_poly) refers (Special) to iusefp.o(.text) for __I$use$fp
    poly.o(i.__kernel_poly) refers to dmul.o(.text) for __aeabi_dmul
    poly.o(i.__kernel_poly) refers to dadd.o(.text) for __aeabi_dadd
    sqrt.o(i.__softfp_sqrt) refers (Special) to iusefp.o(.text) for __I$use$fp
    sqrt.o(i.__softfp_sqrt) refers to dsqrt.o(.text) for _dsqrt
    sqrt.o(i.__softfp_sqrt) refers to errno.o(i.__set_errno) for __set_errno
    sqrt.o(i.sqrt) refers (Special) to iusefp.o(.text) for __I$use$fp
    sqrt.o(i.sqrt) refers to dsqrt.o(.text) for _dsqrt
    sqrt.o(i.sqrt) refers to errno.o(i.__set_errno) for __set_errno
    sqrt_x.o(i.____softfp_sqrt$lsc) refers (Special) to iusefp.o(.text) for __I$use$fp
    sqrt_x.o(i.____softfp_sqrt$lsc) refers to cdcmple.o(.text) for __aeabi_cdcmple
    sqrt_x.o(i.____softfp_sqrt$lsc) refers to errno.o(i.__set_errno) for __set_errno
    sqrt_x.o(i.____softfp_sqrt$lsc) refers to dsqrt.o(.text) for _dsqrt
    sqrt_x.o(i.__sqrt$lsc) refers (Special) to iusefp.o(.text) for __I$use$fp
    sqrt_x.o(i.__sqrt$lsc) refers to cdcmple.o(.text) for __aeabi_cdcmple
    sqrt_x.o(i.__sqrt$lsc) refers to errno.o(i.__set_errno) for __set_errno
    sqrt_x.o(i.__sqrt$lsc) refers to dsqrt.o(.text) for _dsqrt
    entry2.o(.ARM.Collect$$$$00000001) refers to entry2.o(.ARM.Collect$$$$00002712) for __lit__00000000
    entry2.o(.ARM.Collect$$$$00002712) refers to startup_stm32f10x_hd_vl.o(STACK) for __initial_sp
    entry2.o(__vectab_stack_and_reset_area) refers to startup_stm32f10x_hd_vl.o(STACK) for __initial_sp
    entry2.o(__vectab_stack_and_reset_area) refers to entry.o(.ARM.Collect$$$$00000000) for __main
    entry5.o(.ARM.Collect$$$$00000004) refers to init.o(.text) for __scatterload
    entry9a.o(.ARM.Collect$$$$0000000B) refers to main.o(i.main) for main
    entry9b.o(.ARM.Collect$$$$0000000C) refers to main.o(i.main) for main
    uldiv.o(.text) refers to llushr.o(.text) for __aeabi_llsr
    uldiv.o(.text) refers to llshl.o(.text) for __aeabi_llsl
    errno.o(i.__aeabi_errno_addr) refers to errno.o(.data) for .data
    errno.o(i.__read_errno) refers to errno.o(.data) for .data
    errno.o(i.__set_errno) refers to errno.o(.data) for .data
    depilogue.o(.text) refers to llshl.o(.text) for __aeabi_llsl
    depilogue.o(.text) refers to llushr.o(.text) for __aeabi_llsr
    dfixul.o(.text) refers to llushr.o(.text) for __aeabi_llsr
    dfixul.o(.text) refers to llshl.o(.text) for __aeabi_llsl
    init.o(.text) refers to entry5.o(.ARM.Collect$$$$00000004) for __main_after_scatterload
    dsqrt.o(.text) refers to llushr.o(.text) for __aeabi_llsr
    dsqrt.o(.text) refers to depilogue.o(.text) for _double_round


==============================================================================

Removing Unused input sections from the image.

    Removing main.o(.data), (4 bytes).
    Removing main.o(.data), (4 bytes).
    Removing main.o(.data), (4 bytes).
    Removing main.o(.data), (4 bytes).
    Removing stm32f10x_rcc.o(i.RCC_ADCCLKConfig), (20 bytes).
    Removing stm32f10x_rcc.o(i.RCC_AHBPeriphClockCmd), (24 bytes).
    Removing stm32f10x_rcc.o(i.RCC_APB1PeriphClockCmd), (24 bytes).
    Removing stm32f10x_rcc.o(i.RCC_APB1PeriphResetCmd), (24 bytes).
    Removing stm32f10x_rcc.o(i.RCC_APB2PeriphResetCmd), (24 bytes).
    Removing stm32f10x_rcc.o(i.RCC_AdjustHSICalibrationValue), (20 bytes).
    Removing stm32f10x_rcc.o(i.RCC_BackupResetCmd), (12 bytes).
    Removing stm32f10x_rcc.o(i.RCC_ClearFlag), (16 bytes).
    Removing stm32f10x_rcc.o(i.RCC_ClearITPendingBit), (12 bytes).
    Removing stm32f10x_rcc.o(i.RCC_ClockSecuritySystemCmd), (12 bytes).
    Removing stm32f10x_rcc.o(i.RCC_DeInit), (64 bytes).
    Removing stm32f10x_rcc.o(i.RCC_GetFlagStatus), (48 bytes).
    Removing stm32f10x_rcc.o(i.RCC_GetITStatus), (20 bytes).
    Removing stm32f10x_rcc.o(i.RCC_GetSYSCLKSource), (16 bytes).
    Removing stm32f10x_rcc.o(i.RCC_HCLKConfig), (20 bytes).
    Removing stm32f10x_rcc.o(i.RCC_HSEConfig), (52 bytes).
    Removing stm32f10x_rcc.o(i.RCC_HSICmd), (12 bytes).
    Removing stm32f10x_rcc.o(i.RCC_ITConfig), (24 bytes).
    Removing stm32f10x_rcc.o(i.RCC_LSEConfig), (32 bytes).
    Removing stm32f10x_rcc.o(i.RCC_LSICmd), (12 bytes).
    Removing stm32f10x_rcc.o(i.RCC_MCOConfig), (12 bytes).
    Removing stm32f10x_rcc.o(i.RCC_PCLK1Config), (20 bytes).
    Removing stm32f10x_rcc.o(i.RCC_PCLK2Config), (20 bytes).
    Removing stm32f10x_rcc.o(i.RCC_PLLCmd), (12 bytes).
    Removing stm32f10x_rcc.o(i.RCC_PLLConfig), (20 bytes).
    Removing stm32f10x_rcc.o(i.RCC_RTCCLKCmd), (12 bytes).
    Removing stm32f10x_rcc.o(i.RCC_RTCCLKConfig), (16 bytes).
    Removing stm32f10x_rcc.o(i.RCC_SYSCLKConfig), (20 bytes).
    Removing stm32f10x_rcc.o(i.RCC_USBCLKConfig), (12 bytes).
    Removing stm32f10x_rcc.o(i.RCC_WaitForHSEStartUp), (44 bytes).
    Removing stm32f10x_gpio.o(i.GPIO_AFIODeInit), (22 bytes).
    Removing stm32f10x_gpio.o(i.GPIO_DeInit), (180 bytes).
    Removing stm32f10x_gpio.o(i.GPIO_ETH_MediaInterfaceConfig), (12 bytes).
    Removing stm32f10x_gpio.o(i.GPIO_EXTILineConfig), (40 bytes).
    Removing stm32f10x_gpio.o(i.GPIO_EventOutputCmd), (12 bytes).
    Removing stm32f10x_gpio.o(i.GPIO_EventOutputConfig), (28 bytes).
    Removing stm32f10x_gpio.o(i.GPIO_PinLockConfig), (16 bytes).
    Removing stm32f10x_gpio.o(i.GPIO_PinRemapConfig), (88 bytes).
    Removing stm32f10x_gpio.o(i.GPIO_ReadInputData), (6 bytes).
    Removing stm32f10x_gpio.o(i.GPIO_ReadInputDataBit), (14 bytes).
    Removing stm32f10x_gpio.o(i.GPIO_ReadOutputData), (6 bytes).
    Removing stm32f10x_gpio.o(i.GPIO_ReadOutputDataBit), (14 bytes).
    Removing stm32f10x_gpio.o(i.GPIO_StructInit), (16 bytes).
    Removing stm32f10x_gpio.o(i.GPIO_Write), (4 bytes).
    Removing stm32f10x_gpio.o(i.GPIO_WriteBit), (10 bytes).
    Removing misc.o(i.NVIC_PriorityGroupConfig), (20 bytes).
    Removing misc.o(i.NVIC_SetVectorTable), (20 bytes).
    Removing misc.o(i.NVIC_SystemLPConfig), (24 bytes).
    Removing misc.o(i.SysTick_CLKSourceConfig), (24 bytes).
    Removing stm32f10x_usart.o(i.USART_ClearITPendingBit), (12 bytes).
    Removing stm32f10x_usart.o(i.USART_ClockInit), (30 bytes).
    Removing stm32f10x_usart.o(i.USART_ClockStructInit), (12 bytes).
    Removing stm32f10x_usart.o(i.USART_DMACmd), (16 bytes).
    Removing stm32f10x_usart.o(i.USART_DeInit), (116 bytes).
    Removing stm32f10x_usart.o(i.USART_GetFlagStatus), (14 bytes).
    Removing stm32f10x_usart.o(i.USART_HalfDuplexCmd), (20 bytes).
    Removing stm32f10x_usart.o(i.USART_IrDACmd), (20 bytes).
    Removing stm32f10x_usart.o(i.USART_IrDAConfig), (16 bytes).
    Removing stm32f10x_usart.o(i.USART_LINBreakDetectLengthConfig), (16 bytes).
    Removing stm32f10x_usart.o(i.USART_LINCmd), (20 bytes).
    Removing stm32f10x_usart.o(i.USART_OneBitMethodCmd), (20 bytes).
    Removing stm32f10x_usart.o(i.USART_OverSampling8Cmd), (20 bytes).
    Removing stm32f10x_usart.o(i.USART_ReceiveData), (8 bytes).
    Removing stm32f10x_usart.o(i.USART_ReceiverWakeUpCmd), (20 bytes).
    Removing stm32f10x_usart.o(i.USART_SendBreak), (10 bytes).
    Removing stm32f10x_usart.o(i.USART_SendData), (8 bytes).
    Removing stm32f10x_usart.o(i.USART_SetAddress), (16 bytes).
    Removing stm32f10x_usart.o(i.USART_SetGuardTime), (16 bytes).
    Removing stm32f10x_usart.o(i.USART_SetPrescaler), (16 bytes).
    Removing stm32f10x_usart.o(i.USART_SmartCardCmd), (20 bytes).
    Removing stm32f10x_usart.o(i.USART_SmartCardNACKCmd), (20 bytes).
    Removing stm32f10x_usart.o(i.USART_StructInit), (22 bytes).
    Removing stm32f10x_usart.o(i.USART_WakeUpConfig), (16 bytes).
    Removing stm32f10x_exti.o(i.EXTI_ClearFlag), (12 bytes).
    Removing stm32f10x_exti.o(i.EXTI_ClearITPendingBit), (12 bytes).
    Removing stm32f10x_exti.o(i.EXTI_DeInit), (36 bytes).
    Removing stm32f10x_exti.o(i.EXTI_GenerateSWInterrupt), (16 bytes).
    Removing stm32f10x_exti.o(i.EXTI_GetFlagStatus), (20 bytes).
    Removing stm32f10x_exti.o(i.EXTI_GetITStatus), (32 bytes).
    Removing stm32f10x_exti.o(i.EXTI_Init), (112 bytes).
    Removing stm32f10x_exti.o(i.EXTI_StructInit), (14 bytes).
    Removing core_cm3.o(.emb_text), (32 bytes).
    Removing system_stm32f10x.o(i.SystemCoreClockUpdate), (100 bytes).
    Removing system_stm32f10x.o(.data), (20 bytes).
    Removing startup_stm32f10x_hd_vl.o(HEAP), (512 bytes).
    Removing usart1.o(i.command1), (2 bytes).
    Removing usart1.o(i.command2), (2 bytes).
    Removing usart1.o(i.command3), (2 bytes).
    Removing usart1.o(i.usart1_send), (20 bytes).
    Removing usart1.o(.bss), (14 bytes).
    Removing inv_mpu.o(i.mpu_get_accel_reg), (80 bytes).
    Removing inv_mpu.o(i.mpu_get_compass_fsr), (6 bytes).
    Removing inv_mpu.o(i.mpu_get_compass_reg), (6 bytes).
    Removing inv_mpu.o(i.mpu_get_compass_sample_rate), (8 bytes).
    Removing inv_mpu.o(i.mpu_get_dmp_state), (16 bytes).
    Removing inv_mpu.o(i.mpu_get_fifo_config), (16 bytes).
    Removing inv_mpu.o(i.mpu_get_gyro_reg), (84 bytes).
    Removing inv_mpu.o(i.mpu_get_int_status), (52 bytes).
    Removing inv_mpu.o(i.mpu_get_power_state), (20 bytes).
    Removing inv_mpu.o(i.mpu_get_temperature), (124 bytes).
    Removing inv_mpu.o(i.mpu_lp_motion_interrupt), (432 bytes).
    Removing inv_mpu.o(i.mpu_read_fifo), (352 bytes).
    Removing inv_mpu.o(i.mpu_read_fifo_stream), (144 bytes).
    Removing inv_mpu.o(i.mpu_read_reg), (56 bytes).
    Removing inv_mpu.o(i.mpu_reg_dump), (64 bytes).
    Removing inv_mpu.o(i.mpu_set_accel_bias), (220 bytes).
    Removing inv_mpu.o(i.mpu_set_compass_sample_rate), (6 bytes).
    Removing inv_mpu.o(i.mpu_set_int_level), (16 bytes).
    Removing inv_mpu_dmp_motion_driver.o(i.dmp_get_enabled_features), (16 bytes).
    Removing inv_mpu_dmp_motion_driver.o(i.dmp_get_fifo_rate), (16 bytes).
    Removing inv_mpu_dmp_motion_driver.o(i.dmp_get_pedometer_step_count), (48 bytes).
    Removing inv_mpu_dmp_motion_driver.o(i.dmp_get_pedometer_walk_time), (54 bytes).
    Removing inv_mpu_dmp_motion_driver.o(i.dmp_read_fifo), (324 bytes).
    Removing inv_mpu_dmp_motion_driver.o(i.dmp_register_android_orient_cb), (12 bytes).
    Removing inv_mpu_dmp_motion_driver.o(i.dmp_register_tap_cb), (12 bytes).
    Removing inv_mpu_dmp_motion_driver.o(i.dmp_set_interrupt_mode), (84 bytes).
    Removing inv_mpu_dmp_motion_driver.o(i.dmp_set_pedometer_step_count), (38 bytes).
    Removing inv_mpu_dmp_motion_driver.o(i.dmp_set_pedometer_walk_time), (44 bytes).
    Removing ioi2c.o(i.IICreadBytes), (92 bytes).
    Removing oled.o(i.OLED_Display_Off), (30 bytes).
    Removing oled.o(i.OLED_Display_On), (30 bytes).
    Removing oled.o(i.OLED_DrawPoint), (60 bytes).
    Removing oled.o(i.OLED_Fill), (56 bytes).
    Removing oled.o(i.OLED_ShowChar), (144 bytes).
    Removing oled.o(i.OLED_ShowFloat), (52 bytes).
    Removing oled.o(i.OLED_ShowNumber), (120 bytes).
    Removing oled.o(i.OLED_ShowString), (62 bytes).
    Removing oled.o(i.oled_pow), (16 bytes).
    Removing oled.o(.constdata), (2660 bytes).
    Removing oled.o(.data), (8 bytes).
    Removing mpu6050.o(i.MPU6050_getDeviceID), (24 bytes).
    Removing mpu6050.o(i.MPU6050_newValues), (280 bytes).
    Removing mpu6050.o(i.MPU6050_testConnection), (18 bytes).
    Removing mpu6050.o(i.Read_DMP), (180 bytes).
    Removing mpu6050.o(i.Read_Temperature), (96 bytes).
    Removing mpu6050.o(.bss), (146 bytes).
    Removing mpu6050.o(.data), (2 bytes).
    Removing mpu6050.o(.data), (2 bytes).
    Removing mpu6050.o(.data), (2 bytes).
    Removing key.o(i.key), (2 bytes).
    Removing filter.o(i.Kalman_Filter), (356 bytes).
    Removing filter.o(i.Yijielvbo), (116 bytes).
    Removing filter.o(.bss), (16 bytes).
    Removing filter.o(.data), (84 bytes).
    Removing minibalance.o(i.pid_velocity_weizhi), (300 bytes).
    Removing f2d.o(.text), (38 bytes).
    Removing d2f.o(.text), (56 bytes).
    Removing dsqrt.o(.text), (162 bytes).
    Removing cdcmple.o(.text), (48 bytes).

153 unused section(s) (total 10318 bytes) removed from the image.

==============================================================================

Memory Map of the image

  Image Entry point : 0x00000000

  Load Region LR_IROM1 (Base: 0x08000000, Size: 0x00005440, Max: 0x00080000, ABSOLUTE)

    Execution Region ER_IROM1 (Base: 0x08000000, Size: 0x00005360, Max: 0x00080000, ABSOLUTE)

    Base Addr    Size         Type   Attr      Idx    E Section Name        Object

    0x08000000   0x00000134   Data   RO          865    RESET               startup_stm32f10x_hd_vl.o
    0x08000134   0x00000000   Code   RO         1979  * .ARM.Collect$$$$00000000  mc_w.l(entry.o)
    0x08000134   0x00000004   Code   RO         2309    .ARM.Collect$$$$00000001  mc_w.l(entry2.o)
    0x08000138   0x00000004   Code   RO         2312    .ARM.Collect$$$$00000004  mc_w.l(entry5.o)
    0x0800013c   0x00000000   Code   RO         2314    .ARM.Collect$$$$00000008  mc_w.l(entry7b.o)
    0x0800013c   0x00000000   Code   RO         2316    .ARM.Collect$$$$0000000A  mc_w.l(entry8b.o)
    0x0800013c   0x00000008   Code   RO         2317    .ARM.Collect$$$$0000000B  mc_w.l(entry9a.o)
    0x08000144   0x00000000   Code   RO         2319    .ARM.Collect$$$$0000000D  mc_w.l(entry10a.o)
    0x08000144   0x00000000   Code   RO         2321    .ARM.Collect$$$$0000000F  mc_w.l(entry11a.o)
    0x08000144   0x00000004   Code   RO         2310    .ARM.Collect$$$$00002712  mc_w.l(entry2.o)
    0x08000148   0x00000024   Code   RO          866    .text               startup_stm32f10x_hd_vl.o
    0x0800016c   0x00000062   Code   RO         1982    .text               mc_w.l(ldiv.o)
    0x080001ce   0x00000024   Code   RO         1984    .text               mc_w.l(memseta.o)
    0x080001f2   0x0000001a   Code   RO         1986    .text               mc_w.l(memcmp.o)
    0x0800020c   0x0000001e   Code   RO         1988    .text               mc_w.l(strncmp.o)
    0x0800022a   0x000000b0   Code   RO         2251    .text               mf_w.l(fadd.o)
    0x080002da   0x00000064   Code   RO         2253    .text               mf_w.l(fmul.o)
    0x0800033e   0x0000007c   Code   RO         2255    .text               mf_w.l(fdiv.o)
    0x080003ba   0x00000018   Code   RO         2257    .text               mf_w.l(fscalb.o)
    0x080003d2   0x0000014e   Code   RO         2259    .text               mf_w.l(dadd.o)
    0x08000520   0x000000e4   Code   RO         2261    .text               mf_w.l(dmul.o)
    0x08000604   0x000000de   Code   RO         2263    .text               mf_w.l(ddiv.o)
    0x080006e2   0x0000002e   Code   RO         2265    .text               mf_w.l(dscalb.o)
    0x08000710   0x00000012   Code   RO         2267    .text               mf_w.l(fflti.o)
    0x08000722   0x0000000a   Code   RO         2269    .text               mf_w.l(ffltui.o)
    0x0800072c   0x0000001a   Code   RO         2271    .text               mf_w.l(dfltui.o)
    0x08000746   0x00000032   Code   RO         2273    .text               mf_w.l(ffixi.o)
    0x08000778   0x00000028   Code   RO         2275    .text               mf_w.l(ffixui.o)
    0x080007a0   0x0000003e   Code   RO         2277    .text               mf_w.l(dfixi.o)
    0x080007de   0x0000002c   Code   RO         2324    .text               mc_w.l(uidiv.o)
    0x0800080a   0x00000062   Code   RO         2326    .text               mc_w.l(uldiv.o)
    0x0800086c   0x0000001e   Code   RO         2328    .text               mc_w.l(llshl.o)
    0x0800088a   0x00000020   Code   RO         2330    .text               mc_w.l(llushr.o)
    0x080008aa   0x00000024   Code   RO         2332    .text               mc_w.l(llsshr.o)
    0x080008ce   0x00000000   Code   RO         2341    .text               mc_w.l(iusefp.o)
    0x080008ce   0x0000006e   Code   RO         2342    .text               mf_w.l(fepilogue.o)
    0x0800093c   0x000000ba   Code   RO         2344    .text               mf_w.l(depilogue.o)
    0x080009f6   0x00000030   Code   RO         2346    .text               mf_w.l(dfixul.o)
    0x08000a26   0x00000002   PAD
    0x08000a28   0x00000030   Code   RO         2348    .text               mf_w.l(cdrcmple.o)
    0x08000a58   0x00000024   Code   RO         2350    .text               mc_w.l(init.o)
    0x08000a7c   0x000000e8   Code   RO         1822    i.Adc_Init          adc.o
    0x08000b64   0x00000002   Code   RO            1    i.BusFault_Handler  stm32f10x_it.o
    0x08000b66   0x00000002   PAD
    0x08000b68   0x00000220   Code   RO         1682    i.DMP_Init          mpu6050.o
    0x08000d88   0x000000c4   Code   RO         1906    i.DataScope         show.o
    0x08000e4c   0x00000024   Code   RO         1879    i.DataScope_Data_Generate  datascope_dp.o
    0x08000e70   0x00000018   Code   RO         1880    i.DataScope_Get_Channel_Data  datascope_dp.o
    0x08000e88   0x00000002   Code   RO            2    i.DebugMon_Handler  stm32f10x_it.o
    0x08000e8a   0x00000002   PAD
    0x08000e8c   0x000000d4   Code   RO         1628    i.Encoder_Init      timer.o
    0x08000f60   0x000000b4   Code   RO         1629    i.Encoder_Init2     timer.o
    0x08001014   0x000000a2   Code   RO          424    i.GPIO_Init         stm32f10x_gpio.o
    0x080010b6   0x00000004   Code   RO          431    i.GPIO_ResetBits    stm32f10x_gpio.o
    0x080010ba   0x00000004   Code   RO          432    i.GPIO_SetBits      stm32f10x_gpio.o
    0x080010be   0x00000002   PAD
    0x080010c0   0x00000034   Code   RO         1823    i.Get_Adc           adc.o
    0x080010f4   0x00000054   Code   RO         1824    i.Get_battery_volt  adc.o
    0x08001148   0x00000002   Code   RO            3    i.HardFault_Handler  stm32f10x_it.o
    0x0800114a   0x0000003e   Code   RO         1424    i.I2C_ReadOneByte   ioi2c.o
    0x08001188   0x00000040   Code   RO         1425    i.IIC_Ack           ioi2c.o
    0x080011c8   0x0000002c   Code   RO         1426    i.IIC_Init          ioi2c.o
    0x080011f4   0x00000040   Code   RO         1427    i.IIC_NAck          ioi2c.o
    0x08001234   0x0000006c   Code   RO         1428    i.IIC_Read_Byte     ioi2c.o
    0x080012a0   0x00000060   Code   RO         1429    i.IIC_Send_Byte     ioi2c.o
    0x08001300   0x00000050   Code   RO         1430    i.IIC_Start         ioi2c.o
    0x08001350   0x00000040   Code   RO         1431    i.IIC_Stop          ioi2c.o
    0x08001390   0x00000058   Code   RO         1432    i.IIC_Wait_Ack      ioi2c.o
    0x080013e8   0x0000000e   Code   RO         1433    i.IICreadByte       ioi2c.o
    0x080013f6   0x00000032   Code   RO         1435    i.IICwriteBit       ioi2c.o
    0x08001428   0x00000054   Code   RO         1436    i.IICwriteBits      ioi2c.o
    0x0800147c   0x0000000c   Code   RO         1437    i.IICwriteByte      ioi2c.o
    0x08001488   0x00000044   Code   RO         1438    i.IICwriteBytes     ioi2c.o
    0x080014cc   0x00000028   Code   RO         1531    i.JTAG_Set          oled.o
    0x080014f4   0x00000028   Code   RO         1804    i.KEY_Init          key.o
    0x0800151c   0x00000028   Code   RO          870    i.Led_Flash         led.o
    0x08001544   0x0000002a   Code   RO         1684    i.MPU6050_initialize  mpu6050.o
    0x0800156e   0x00000012   Code   RO         1686    i.MPU6050_setClockSource  mpu6050.o
    0x08001580   0x00000012   Code   RO         1687    i.MPU6050_setFullScaleAccelRange  mpu6050.o
    0x08001592   0x00000012   Code   RO         1688    i.MPU6050_setFullScaleGyroRange  mpu6050.o
    0x080015a4   0x0000000c   Code   RO         1689    i.MPU6050_setI2CBypassEnabled  mpu6050.o
    0x080015b0   0x0000000c   Code   RO         1690    i.MPU6050_setI2CMasterModeEnabled  mpu6050.o
    0x080015bc   0x0000000c   Code   RO         1691    i.MPU6050_setSleepEnabled  mpu6050.o
    0x080015c8   0x00000032   Code   RO         1630    i.MY_NVIC_Init      timer.o
    0x080015fa   0x00000002   PAD
    0x080015fc   0x00000024   Code   RO         1631    i.MY_NVIC_PriorityGroupConfig  timer.o
    0x08001620   0x00000002   Code   RO            4    i.MemManage_Handler  stm32f10x_it.o
    0x08001622   0x00000002   PAD
    0x08001624   0x00000098   Code   RO         1632    i.MiniBalance_PWM_Init  timer.o
    0x080016bc   0x00000002   Code   RO            5    i.NMI_Handler       stm32f10x_it.o
    0x080016be   0x00000002   PAD
    0x080016c0   0x00000064   Code   RO          538    i.NVIC_Init         misc.o
    0x08001724   0x0000002c   Code   RO         1532    i.OLED_Clear        oled.o
    0x08001750   0x00000168   Code   RO         1537    i.OLED_Init         oled.o
    0x080018b8   0x0000004c   Code   RO         1538    i.OLED_Refresh_Gram  oled.o
    0x08001904   0x00000068   Code   RO         1543    i.OLED_WR_Byte      oled.o
    0x0800196c   0x00000002   Code   RO            6    i.PendSV_Handler    stm32f10x_it.o
    0x0800196e   0x00000002   PAD
    0x08001970   0x00000018   Code   RO          200    i.RCC_APB2PeriphClockCmd  stm32f10x_rcc.o
    0x08001988   0x00000090   Code   RO          208    i.RCC_GetClocksFreq  stm32f10x_rcc.o
    0x08001a18   0x00000002   Code   RO            7    i.SVC_Handler       stm32f10x_it.o
    0x08001a1a   0x00000002   PAD
    0x08001a1c   0x000000a8   Code   RO          828    i.SetSysClockTo72   system_stm32f10x.o
    0x08001ac4   0x00000074   Code   RO         1926    i.Set_Pwm           minibalance.o
    0x08001b38   0x00000002   Code   RO            8    i.SysTick_Handler   stm32f10x_it.o
    0x08001b3a   0x00000002   PAD
    0x08001b3c   0x00000050   Code   RO          830    i.SystemInit        system_stm32f10x.o
    0x08001b8c   0x00000048   Code   RO         1927    i.TIM1_UP_TIM16_IRQHandler  minibalance.o
    0x08001bd4   0x00000010   Code   RO         1633    i.TIM2_IRQHandler   timer.o
    0x08001be4   0x00000014   Code   RO         1634    i.TIM4_IRQHandler   timer.o
    0x08001bf8   0x00000048   Code   RO         1635    i.Timer1_Init       timer.o
    0x08001c40   0x00000030   Code   RO          893    i.USART1_IRQHandler  usart1.o
    0x08001c70   0x00000178   Code   RO         1785    i.USART3_IRQHandler  usart3.o
    0x08001de8   0x00000006   Code   RO          577    i.USART_ClearFlag   stm32f10x_usart.o
    0x08001dee   0x00000014   Code   RO          581    i.USART_Cmd         stm32f10x_usart.o
    0x08001e02   0x0000003e   Code   RO          585    i.USART_GetITStatus  stm32f10x_usart.o
    0x08001e40   0x00000030   Code   RO          587    i.USART_ITConfig    stm32f10x_usart.o
    0x08001e70   0x000000ac   Code   RO          588    i.USART_Init        stm32f10x_usart.o
    0x08001f1c   0x00000002   Code   RO            9    i.UsageFault_Handler  stm32f10x_it.o
    0x08001f1e   0x00000002   PAD
    0x08001f20   0x00000034   Code   RO         1928    i.Xianfu_Pwm        minibalance.o
    0x08001f54   0x00000020   Code   RO         2223    i.__0printf         mc_w.l(printfa.o)
    0x08001f74   0x00000164   Code   RO         2230    i._fp_digits        mc_w.l(printfa.o)
    0x080020d8   0x000006dc   Code   RO         2231    i._printf_core      mc_w.l(printfa.o)
    0x080027b4   0x00000024   Code   RO         2232    i._printf_post_padding  mc_w.l(printfa.o)
    0x080027d8   0x0000002e   Code   RO         2233    i._printf_pre_padding  mc_w.l(printfa.o)
    0x08002806   0x00000002   PAD
    0x08002808   0x00000080   Code   RO          973    i.accel_self_test   inv_mpu.o
    0x08002888   0x0000002c   Code   RO          947    i.delay_init        delay.o
    0x080028b4   0x00000028   Code   RO          948    i.delay_ms          delay.o
    0x080028dc   0x00000028   Code   RO          949    i.delay_us          delay.o
    0x08002904   0x0000003a   Code   RO         1257    i.dmp_enable_6x_lp_quat  inv_mpu_dmp_motion_driver.o
    0x0800293e   0x00000002   PAD
    0x08002940   0x000001d8   Code   RO         1258    i.dmp_enable_feature  inv_mpu_dmp_motion_driver.o
    0x08002b18   0x0000003c   Code   RO         1259    i.dmp_enable_gyro_cal  inv_mpu_dmp_motion_driver.o
    0x08002b54   0x0000003a   Code   RO         1260    i.dmp_enable_lp_quat  inv_mpu_dmp_motion_driver.o
    0x08002b8e   0x00000002   PAD
    0x08002b90   0x00000014   Code   RO         1265    i.dmp_load_motion_driver_firmware  inv_mpu_dmp_motion_driver.o
    0x08002ba4   0x000000d8   Code   RO         1269    i.dmp_set_accel_bias  inv_mpu_dmp_motion_driver.o
    0x08002c7c   0x00000064   Code   RO         1270    i.dmp_set_fifo_rate  inv_mpu_dmp_motion_driver.o
    0x08002ce0   0x000000cc   Code   RO         1271    i.dmp_set_gyro_bias  inv_mpu_dmp_motion_driver.o
    0x08002dac   0x0000010c   Code   RO         1273    i.dmp_set_orientation  inv_mpu_dmp_motion_driver.o
    0x08002eb8   0x00000030   Code   RO         1276    i.dmp_set_shake_reject_thresh  inv_mpu_dmp_motion_driver.o
    0x08002ee8   0x00000020   Code   RO         1277    i.dmp_set_shake_reject_time  inv_mpu_dmp_motion_driver.o
    0x08002f08   0x00000020   Code   RO         1278    i.dmp_set_shake_reject_timeout  inv_mpu_dmp_motion_driver.o
    0x08002f28   0x00000040   Code   RO         1279    i.dmp_set_tap_axes  inv_mpu_dmp_motion_driver.o
    0x08002f68   0x00000022   Code   RO         1280    i.dmp_set_tap_count  inv_mpu_dmp_motion_driver.o
    0x08002f8a   0x00000002   PAD
    0x08002f8c   0x00000128   Code   RO         1281    i.dmp_set_tap_thresh  inv_mpu_dmp_motion_driver.o
    0x080030b4   0x00000020   Code   RO         1282    i.dmp_set_tap_time  inv_mpu_dmp_motion_driver.o
    0x080030d4   0x00000020   Code   RO         1283    i.dmp_set_tap_time_multi  inv_mpu_dmp_motion_driver.o
    0x080030f4   0x00000014   Code   RO          897    i.fputc             usart1.o
    0x08003108   0x000000ac   Code   RO          974    i.get_accel_prod_shift  inv_mpu.o
    0x080031b4   0x00000314   Code   RO          975    i.get_st_biases     inv_mpu.o
    0x080034c8   0x000000d4   Code   RO          976    i.gyro_self_test    inv_mpu.o
    0x0800359c   0x00000070   Code   RO         1439    i.i2cRead           ioi2c.o
    0x0800360c   0x00000054   Code   RO         1440    i.i2cWrite          ioi2c.o
    0x08003660   0x00000048   Code   RO         1695    i.inv_row_2_scale   mpu6050.o
    0x080036a8   0x00000028   Code   RO          871    i.led_init          led.o
    0x080036d0   0x00000070   Code   RO           98    i.main              main.o
    0x08003740   0x00000054   Code   RO          977    i.mpu_configure_fifo  inv_mpu.o
    0x08003794   0x0000003c   Code   RO          978    i.mpu_get_accel_fsr  inv_mpu.o
    0x080037d0   0x00000044   Code   RO          980    i.mpu_get_accel_sens  inv_mpu.o
    0x08003814   0x00000034   Code   RO          986    i.mpu_get_gyro_fsr  inv_mpu.o
    0x08003848   0x00000040   Code   RO          988    i.mpu_get_gyro_sens  inv_mpu.o
    0x08003888   0x00000038   Code   RO          990    i.mpu_get_lpf       inv_mpu.o
    0x080038c0   0x0000001c   Code   RO          992    i.mpu_get_sample_rate  inv_mpu.o
    0x080038dc   0x00000188   Code   RO          994    i.mpu_init          inv_mpu.o
    0x08003a64   0x000000a0   Code   RO          995    i.mpu_load_firmware  inv_mpu.o
    0x08003b04   0x000000b8   Code   RO          996    i.mpu_lp_accel_mode  inv_mpu.o
    0x08003bbc   0x00000054   Code   RO         1000    i.mpu_read_mem      inv_mpu.o
    0x08003c10   0x00000150   Code   RO         1003    i.mpu_reset_fifo    inv_mpu.o
    0x08003d60   0x000000f0   Code   RO         1004    i.mpu_run_self_test  inv_mpu.o
    0x08003e50   0x00000068   Code   RO         1006    i.mpu_set_accel_fsr  inv_mpu.o
    0x08003eb8   0x000000dc   Code   RO         1007    i.mpu_set_bypass    inv_mpu.o
    0x08003f94   0x00000078   Code   RO         1009    i.mpu_set_dmp_state  inv_mpu.o
    0x0800400c   0x0000006c   Code   RO         1010    i.mpu_set_gyro_fsr  inv_mpu.o
    0x08004078   0x00000064   Code   RO         1011    i.mpu_set_int_latched  inv_mpu.o
    0x080040dc   0x0000006c   Code   RO         1013    i.mpu_set_lpf       inv_mpu.o
    0x08004148   0x00000080   Code   RO         1014    i.mpu_set_sample_rate  inv_mpu.o
    0x080041c8   0x000000b8   Code   RO         1015    i.mpu_set_sensors   inv_mpu.o
    0x08004280   0x00000054   Code   RO         1016    i.mpu_write_mem     inv_mpu.o
    0x080042d4   0x00000130   Code   RO         1930    i.pid_velocity_zengliang  minibalance.o
    0x08004404   0x00000040   Code   RO         1931    i.readEncoder       minibalance.o
    0x08004444   0x000000a4   Code   RO         1696    i.run_self_test     mpu6050.o
    0x080044e8   0x00000058   Code   RO         1017    i.set_int_enable    inv_mpu.o
    0x08004540   0x000000c4   Code   RO         1786    i.uart3_init        usart3.o
    0x08004604   0x000000ac   Code   RO          898    i.usart1_init       usart1.o
    0x080046b0   0x00000018   Code   RO          899    i.usart1_receive    usart1.o
    0x080046c8   0x0000000c   Data   RO         1018    .constdata          inv_mpu.o
    0x080046d4   0x0000001b   Data   RO         1019    .constdata          inv_mpu.o
    0x080046ef   0x00000001   PAD
    0x080046f0   0x00000028   Data   RO         1020    .constdata          inv_mpu.o
    0x08004718   0x00000bf6   Data   RO         1285    .constdata          inv_mpu_dmp_motion_driver.o
    0x0800530e   0x00000002   PAD
    0x08005310   0x0000004e   Data   RO         1021    .conststring        inv_mpu.o
    0x0800535e   0x00000002   PAD
    0x08005360   0x00000000   Data   RO         2356    Region$$Table       anon$$obj.o


    Execution Region RW_IRAM1 (Base: 0x20000000, Size: 0x00000920, Max: 0x00010000, ABSOLUTE)

    Base Addr    Size         Type   Attr      Idx    E Section Name        Object

    0x20000000   0x00000004   Data   RW           99    .data               main.o
    0x20000004   0x00000004   Data   RW          100    .data               main.o
    0x20000008   0x00000004   Data   RW          101    .data               main.o
    0x2000000c   0x00000004   Data   RW          102    .data               main.o
    0x20000010   0x00000001   Data   RW          103    .data               main.o
    0x20000011   0x00000003   PAD
    0x20000014   0x00000004   Data   RW          104    .data               main.o
    0x20000018   0x00000004   Data   RW          105    .data               main.o
    0x2000001c   0x00000004   Data   RW          106    .data               main.o
    0x20000020   0x00000004   Data   RW          107    .data               main.o
    0x20000024   0x00000004   Data   RW          108    .data               main.o
    0x20000028   0x00000004   Data   RW          110    .data               main.o
    0x2000002c   0x00000014   Data   RW          228    .data               stm32f10x_rcc.o
    0x20000040   0x00000004   Data   RW          872    .data               led.o
    0x20000044   0x00000004   Data   RW          950    .data               delay.o
    0x20000048   0x0000002c   Data   RW         1022    .data               inv_mpu.o
    0x20000074   0x0000002d   Data   RW         1698    .data               mpu6050.o
    0x200000a1   0x00000003   PAD
    0x200000a4   0x00000015   Data   RW         1787    .data               usart3.o
    0x200000b9   0x00000003   PAD
    0x200000bc   0x00000020   Data   RW         1932    .data               minibalance.o
    0x200000dc   0x00000004   Data   RW         2323    .data               mc_w.l(stdout.o)
    0x200000e0   0x00000010   Zero   RW         1284    .bss                inv_mpu_dmp_motion_driver.o
    0x200000f0   0x00000400   Zero   RW         1545    .bss                oled.o
    0x200004f0   0x0000002a   Zero   RW         1881    .bss                datascope_dp.o
    0x2000051a   0x00000006   PAD
    0x20000520   0x00000400   Zero   RW          863    STACK               startup_stm32f10x_hd_vl.o

